[2026-02-17T23:21:39.502+0000] {processor.py:161} INFO - Started process (PID=199) to work on /opt/airflow/dags/DAG_urbania.py
[2026-02-17T23:21:39.503+0000] {processor.py:830} INFO - Processing file /opt/airflow/dags/DAG_urbania.py for tasks to queue
[2026-02-17T23:21:39.504+0000] {logging_mixin.py:188} INFO - [2026-02-17T23:21:39.504+0000] {dagbag.py:538} INFO - Filling up the DagBag from /opt/airflow/dags/DAG_urbania.py
[2026-02-17T23:21:39.526+0000] {processor.py:840} INFO - DAG(s) 'xml_to_mysql_etl' retrieved from /opt/airflow/dags/DAG_urbania.py
[2026-02-17T23:21:39.661+0000] {logging_mixin.py:188} INFO - [2026-02-17T23:21:39.660+0000] {override.py:1769} INFO - Created Permission View: can read on DAG:xml_to_mysql_etl
[2026-02-17T23:21:39.672+0000] {logging_mixin.py:188} INFO - [2026-02-17T23:21:39.672+0000] {override.py:1769} INFO - Created Permission View: can delete on DAG:xml_to_mysql_etl
[2026-02-17T23:21:39.681+0000] {logging_mixin.py:188} INFO - [2026-02-17T23:21:39.681+0000] {override.py:1769} INFO - Created Permission View: can edit on DAG:xml_to_mysql_etl
[2026-02-17T23:21:39.682+0000] {logging_mixin.py:188} INFO - [2026-02-17T23:21:39.681+0000] {dag.py:3036} INFO - Sync 1 DAGs
[2026-02-17T23:21:39.693+0000] {logging_mixin.py:188} INFO - [2026-02-17T23:21:39.693+0000] {dag.py:3058} INFO - Creating ORM DAG for xml_to_mysql_etl
[2026-02-17T23:21:39.703+0000] {logging_mixin.py:188} INFO - [2026-02-17T23:21:39.703+0000] {dag.py:3823} INFO - Setting next_dagrun for xml_to_mysql_etl to 2026-02-16 00:00:00+00:00, run_after=2026-02-17 00:00:00+00:00
[2026-02-17T23:21:39.725+0000] {processor.py:183} INFO - Processing /opt/airflow/dags/DAG_urbania.py took 0.226 seconds
[2026-02-17T23:22:10.396+0000] {processor.py:161} INFO - Started process (PID=210) to work on /opt/airflow/dags/DAG_urbania.py
[2026-02-17T23:22:10.397+0000] {processor.py:830} INFO - Processing file /opt/airflow/dags/DAG_urbania.py for tasks to queue
[2026-02-17T23:22:10.398+0000] {logging_mixin.py:188} INFO - [2026-02-17T23:22:10.398+0000] {dagbag.py:538} INFO - Filling up the DagBag from /opt/airflow/dags/DAG_urbania.py
[2026-02-17T23:22:10.420+0000] {processor.py:840} INFO - DAG(s) 'xml_to_mysql_etl' retrieved from /opt/airflow/dags/DAG_urbania.py
[2026-02-17T23:22:10.466+0000] {logging_mixin.py:188} INFO - [2026-02-17T23:22:10.466+0000] {dag.py:3036} INFO - Sync 1 DAGs
[2026-02-17T23:22:10.487+0000] {logging_mixin.py:188} INFO - [2026-02-17T23:22:10.486+0000] {dag.py:3823} INFO - Setting next_dagrun for xml_to_mysql_etl to 2026-02-16 00:00:00+00:00, run_after=2026-02-17 00:00:00+00:00
[2026-02-17T23:22:10.515+0000] {processor.py:183} INFO - Processing /opt/airflow/dags/DAG_urbania.py took 0.122 seconds
[2026-02-17T23:22:42.239+0000] {processor.py:161} INFO - Started process (PID=216) to work on /opt/airflow/dags/DAG_urbania.py
[2026-02-17T23:22:42.241+0000] {processor.py:830} INFO - Processing file /opt/airflow/dags/DAG_urbania.py for tasks to queue
[2026-02-17T23:22:42.241+0000] {logging_mixin.py:188} INFO - [2026-02-17T23:22:42.241+0000] {dagbag.py:538} INFO - Filling up the DagBag from /opt/airflow/dags/DAG_urbania.py
[2026-02-17T23:22:42.261+0000] {processor.py:840} INFO - DAG(s) 'xml_to_mysql_etl' retrieved from /opt/airflow/dags/DAG_urbania.py
[2026-02-17T23:22:42.305+0000] {logging_mixin.py:188} INFO - [2026-02-17T23:22:42.304+0000] {dag.py:3036} INFO - Sync 1 DAGs
[2026-02-17T23:22:42.324+0000] {logging_mixin.py:188} INFO - [2026-02-17T23:22:42.324+0000] {dag.py:3823} INFO - Setting next_dagrun for xml_to_mysql_etl to 2026-02-16 00:00:00+00:00, run_after=2026-02-17 00:00:00+00:00
[2026-02-17T23:22:42.352+0000] {processor.py:183} INFO - Processing /opt/airflow/dags/DAG_urbania.py took 0.115 seconds
[2026-02-17T23:23:15.250+0000] {processor.py:161} INFO - Started process (PID=221) to work on /opt/airflow/dags/DAG_urbania.py
[2026-02-17T23:23:15.251+0000] {processor.py:830} INFO - Processing file /opt/airflow/dags/DAG_urbania.py for tasks to queue
[2026-02-17T23:23:15.252+0000] {logging_mixin.py:188} INFO - [2026-02-17T23:23:15.252+0000] {dagbag.py:538} INFO - Filling up the DagBag from /opt/airflow/dags/DAG_urbania.py
[2026-02-17T23:23:15.273+0000] {processor.py:840} INFO - DAG(s) 'xml_to_mysql_etl' retrieved from /opt/airflow/dags/DAG_urbania.py
[2026-02-17T23:23:15.319+0000] {logging_mixin.py:188} INFO - [2026-02-17T23:23:15.319+0000] {dag.py:3036} INFO - Sync 1 DAGs
[2026-02-17T23:23:15.339+0000] {logging_mixin.py:188} INFO - [2026-02-17T23:23:15.338+0000] {dag.py:3823} INFO - Setting next_dagrun for xml_to_mysql_etl to 2026-02-16 00:00:00+00:00, run_after=2026-02-17 00:00:00+00:00
[2026-02-17T23:23:15.363+0000] {processor.py:183} INFO - Processing /opt/airflow/dags/DAG_urbania.py took 0.117 seconds
[2026-02-17T23:23:48.106+0000] {processor.py:161} INFO - Started process (PID=226) to work on /opt/airflow/dags/DAG_urbania.py
[2026-02-17T23:23:48.107+0000] {processor.py:830} INFO - Processing file /opt/airflow/dags/DAG_urbania.py for tasks to queue
[2026-02-17T23:23:48.107+0000] {logging_mixin.py:188} INFO - [2026-02-17T23:23:48.107+0000] {dagbag.py:538} INFO - Filling up the DagBag from /opt/airflow/dags/DAG_urbania.py
[2026-02-17T23:23:48.127+0000] {processor.py:840} INFO - DAG(s) 'xml_to_mysql_etl' retrieved from /opt/airflow/dags/DAG_urbania.py
[2026-02-17T23:23:48.173+0000] {logging_mixin.py:188} INFO - [2026-02-17T23:23:48.172+0000] {dag.py:3036} INFO - Sync 1 DAGs
[2026-02-17T23:23:48.192+0000] {logging_mixin.py:188} INFO - [2026-02-17T23:23:48.192+0000] {dag.py:3823} INFO - Setting next_dagrun for xml_to_mysql_etl to 2026-02-16 00:00:00+00:00, run_after=2026-02-17 00:00:00+00:00
[2026-02-17T23:23:48.215+0000] {processor.py:183} INFO - Processing /opt/airflow/dags/DAG_urbania.py took 0.112 seconds
[2026-02-17T23:24:21.102+0000] {processor.py:161} INFO - Started process (PID=231) to work on /opt/airflow/dags/DAG_urbania.py
[2026-02-17T23:24:21.103+0000] {processor.py:830} INFO - Processing file /opt/airflow/dags/DAG_urbania.py for tasks to queue
[2026-02-17T23:24:21.104+0000] {logging_mixin.py:188} INFO - [2026-02-17T23:24:21.104+0000] {dagbag.py:538} INFO - Filling up the DagBag from /opt/airflow/dags/DAG_urbania.py
[2026-02-17T23:24:21.124+0000] {processor.py:840} INFO - DAG(s) 'xml_to_mysql_etl' retrieved from /opt/airflow/dags/DAG_urbania.py
[2026-02-17T23:24:21.170+0000] {logging_mixin.py:188} INFO - [2026-02-17T23:24:21.169+0000] {dag.py:3036} INFO - Sync 1 DAGs
[2026-02-17T23:24:21.190+0000] {logging_mixin.py:188} INFO - [2026-02-17T23:24:21.189+0000] {dag.py:3823} INFO - Setting next_dagrun for xml_to_mysql_etl to 2026-02-16 00:00:00+00:00, run_after=2026-02-17 00:00:00+00:00
[2026-02-17T23:24:21.213+0000] {processor.py:183} INFO - Processing /opt/airflow/dags/DAG_urbania.py took 0.113 seconds
[2026-02-17T23:24:52.947+0000] {processor.py:161} INFO - Started process (PID=236) to work on /opt/airflow/dags/DAG_urbania.py
[2026-02-17T23:24:52.948+0000] {processor.py:830} INFO - Processing file /opt/airflow/dags/DAG_urbania.py for tasks to queue
[2026-02-17T23:24:52.948+0000] {logging_mixin.py:188} INFO - [2026-02-17T23:24:52.948+0000] {dagbag.py:538} INFO - Filling up the DagBag from /opt/airflow/dags/DAG_urbania.py
[2026-02-17T23:24:52.966+0000] {processor.py:840} INFO - DAG(s) 'xml_to_mysql_etl' retrieved from /opt/airflow/dags/DAG_urbania.py
[2026-02-17T23:24:53.006+0000] {logging_mixin.py:188} INFO - [2026-02-17T23:24:53.006+0000] {dag.py:3036} INFO - Sync 1 DAGs
[2026-02-17T23:24:53.023+0000] {logging_mixin.py:188} INFO - [2026-02-17T23:24:53.023+0000] {dag.py:3823} INFO - Setting next_dagrun for xml_to_mysql_etl to 2026-02-16 00:00:00+00:00, run_after=2026-02-17 00:00:00+00:00
[2026-02-17T23:24:53.043+0000] {processor.py:183} INFO - Processing /opt/airflow/dags/DAG_urbania.py took 0.099 seconds
[2026-02-17T23:25:25.915+0000] {processor.py:161} INFO - Started process (PID=241) to work on /opt/airflow/dags/DAG_urbania.py
[2026-02-17T23:25:25.916+0000] {processor.py:830} INFO - Processing file /opt/airflow/dags/DAG_urbania.py for tasks to queue
[2026-02-17T23:25:25.917+0000] {logging_mixin.py:188} INFO - [2026-02-17T23:25:25.917+0000] {dagbag.py:538} INFO - Filling up the DagBag from /opt/airflow/dags/DAG_urbania.py
[2026-02-17T23:25:25.936+0000] {processor.py:840} INFO - DAG(s) 'xml_to_mysql_etl' retrieved from /opt/airflow/dags/DAG_urbania.py
[2026-02-17T23:25:25.977+0000] {logging_mixin.py:188} INFO - [2026-02-17T23:25:25.977+0000] {dag.py:3036} INFO - Sync 1 DAGs
[2026-02-17T23:25:25.995+0000] {logging_mixin.py:188} INFO - [2026-02-17T23:25:25.994+0000] {dag.py:3823} INFO - Setting next_dagrun for xml_to_mysql_etl to 2026-02-16 00:00:00+00:00, run_after=2026-02-17 00:00:00+00:00
[2026-02-17T23:25:26.014+0000] {processor.py:183} INFO - Processing /opt/airflow/dags/DAG_urbania.py took 0.101 seconds
[2026-02-17T23:25:58.789+0000] {processor.py:161} INFO - Started process (PID=246) to work on /opt/airflow/dags/DAG_urbania.py
[2026-02-17T23:25:58.790+0000] {processor.py:830} INFO - Processing file /opt/airflow/dags/DAG_urbania.py for tasks to queue
[2026-02-17T23:25:58.791+0000] {logging_mixin.py:188} INFO - [2026-02-17T23:25:58.790+0000] {dagbag.py:538} INFO - Filling up the DagBag from /opt/airflow/dags/DAG_urbania.py
[2026-02-17T23:25:58.810+0000] {processor.py:840} INFO - DAG(s) 'xml_to_mysql_etl' retrieved from /opt/airflow/dags/DAG_urbania.py
[2026-02-17T23:25:58.853+0000] {logging_mixin.py:188} INFO - [2026-02-17T23:25:58.853+0000] {dag.py:3036} INFO - Sync 1 DAGs
[2026-02-17T23:25:58.872+0000] {logging_mixin.py:188} INFO - [2026-02-17T23:25:58.872+0000] {dag.py:3823} INFO - Setting next_dagrun for xml_to_mysql_etl to 2026-02-16 00:00:00+00:00, run_after=2026-02-17 00:00:00+00:00
[2026-02-17T23:25:58.891+0000] {processor.py:183} INFO - Processing /opt/airflow/dags/DAG_urbania.py took 0.106 seconds
[2026-02-17T23:26:31.737+0000] {processor.py:161} INFO - Started process (PID=251) to work on /opt/airflow/dags/DAG_urbania.py
[2026-02-17T23:26:31.737+0000] {processor.py:830} INFO - Processing file /opt/airflow/dags/DAG_urbania.py for tasks to queue
[2026-02-17T23:26:31.738+0000] {logging_mixin.py:188} INFO - [2026-02-17T23:26:31.738+0000] {dagbag.py:538} INFO - Filling up the DagBag from /opt/airflow/dags/DAG_urbania.py
[2026-02-17T23:26:31.756+0000] {processor.py:840} INFO - DAG(s) 'xml_to_mysql_etl' retrieved from /opt/airflow/dags/DAG_urbania.py
[2026-02-17T23:26:31.799+0000] {logging_mixin.py:188} INFO - [2026-02-17T23:26:31.799+0000] {dag.py:3036} INFO - Sync 1 DAGs
[2026-02-17T23:26:31.817+0000] {logging_mixin.py:188} INFO - [2026-02-17T23:26:31.816+0000] {dag.py:3823} INFO - Setting next_dagrun for xml_to_mysql_etl to 2026-02-16 00:00:00+00:00, run_after=2026-02-17 00:00:00+00:00
[2026-02-17T23:26:31.836+0000] {processor.py:183} INFO - Processing /opt/airflow/dags/DAG_urbania.py took 0.102 seconds
[2026-02-17T23:27:04.646+0000] {processor.py:161} INFO - Started process (PID=256) to work on /opt/airflow/dags/DAG_urbania.py
[2026-02-17T23:27:04.648+0000] {processor.py:830} INFO - Processing file /opt/airflow/dags/DAG_urbania.py for tasks to queue
[2026-02-17T23:27:04.649+0000] {logging_mixin.py:188} INFO - [2026-02-17T23:27:04.648+0000] {dagbag.py:538} INFO - Filling up the DagBag from /opt/airflow/dags/DAG_urbania.py
[2026-02-17T23:27:04.674+0000] {processor.py:840} INFO - DAG(s) 'xml_to_mysql_etl' retrieved from /opt/airflow/dags/DAG_urbania.py
[2026-02-17T23:27:04.725+0000] {logging_mixin.py:188} INFO - [2026-02-17T23:27:04.725+0000] {dag.py:3036} INFO - Sync 1 DAGs
[2026-02-17T23:27:04.747+0000] {logging_mixin.py:188} INFO - [2026-02-17T23:27:04.747+0000] {dag.py:3823} INFO - Setting next_dagrun for xml_to_mysql_etl to 2026-02-16 00:00:00+00:00, run_after=2026-02-17 00:00:00+00:00
[2026-02-17T23:27:04.770+0000] {processor.py:183} INFO - Processing /opt/airflow/dags/DAG_urbania.py took 0.127 seconds
[2026-02-17T23:27:36.571+0000] {processor.py:161} INFO - Started process (PID=261) to work on /opt/airflow/dags/DAG_urbania.py
[2026-02-17T23:27:36.573+0000] {processor.py:830} INFO - Processing file /opt/airflow/dags/DAG_urbania.py for tasks to queue
[2026-02-17T23:27:36.573+0000] {logging_mixin.py:188} INFO - [2026-02-17T23:27:36.573+0000] {dagbag.py:538} INFO - Filling up the DagBag from /opt/airflow/dags/DAG_urbania.py
[2026-02-17T23:27:36.595+0000] {processor.py:840} INFO - DAG(s) 'xml_to_mysql_etl' retrieved from /opt/airflow/dags/DAG_urbania.py
[2026-02-17T23:27:36.641+0000] {logging_mixin.py:188} INFO - [2026-02-17T23:27:36.641+0000] {dag.py:3036} INFO - Sync 1 DAGs
[2026-02-17T23:27:36.660+0000] {logging_mixin.py:188} INFO - [2026-02-17T23:27:36.660+0000] {dag.py:3823} INFO - Setting next_dagrun for xml_to_mysql_etl to 2026-02-16 00:00:00+00:00, run_after=2026-02-17 00:00:00+00:00
[2026-02-17T23:27:36.680+0000] {processor.py:183} INFO - Processing /opt/airflow/dags/DAG_urbania.py took 0.111 seconds
[2026-02-17T23:28:09.508+0000] {processor.py:161} INFO - Started process (PID=266) to work on /opt/airflow/dags/DAG_urbania.py
[2026-02-17T23:28:09.509+0000] {processor.py:830} INFO - Processing file /opt/airflow/dags/DAG_urbania.py for tasks to queue
[2026-02-17T23:28:09.510+0000] {logging_mixin.py:188} INFO - [2026-02-17T23:28:09.510+0000] {dagbag.py:538} INFO - Filling up the DagBag from /opt/airflow/dags/DAG_urbania.py
[2026-02-17T23:28:09.531+0000] {processor.py:840} INFO - DAG(s) 'xml_to_mysql_etl' retrieved from /opt/airflow/dags/DAG_urbania.py
[2026-02-17T23:28:09.574+0000] {logging_mixin.py:188} INFO - [2026-02-17T23:28:09.573+0000] {dag.py:3036} INFO - Sync 1 DAGs
[2026-02-17T23:28:09.592+0000] {logging_mixin.py:188} INFO - [2026-02-17T23:28:09.591+0000] {dag.py:3823} INFO - Setting next_dagrun for xml_to_mysql_etl to 2026-02-16 00:00:00+00:00, run_after=2026-02-17 00:00:00+00:00
[2026-02-17T23:28:09.612+0000] {processor.py:183} INFO - Processing /opt/airflow/dags/DAG_urbania.py took 0.108 seconds
[2026-02-17T23:28:42.403+0000] {processor.py:161} INFO - Started process (PID=271) to work on /opt/airflow/dags/DAG_urbania.py
[2026-02-17T23:28:42.404+0000] {processor.py:830} INFO - Processing file /opt/airflow/dags/DAG_urbania.py for tasks to queue
[2026-02-17T23:28:42.405+0000] {logging_mixin.py:188} INFO - [2026-02-17T23:28:42.405+0000] {dagbag.py:538} INFO - Filling up the DagBag from /opt/airflow/dags/DAG_urbania.py
[2026-02-17T23:28:42.423+0000] {processor.py:840} INFO - DAG(s) 'xml_to_mysql_etl' retrieved from /opt/airflow/dags/DAG_urbania.py
[2026-02-17T23:28:42.467+0000] {logging_mixin.py:188} INFO - [2026-02-17T23:28:42.467+0000] {dag.py:3036} INFO - Sync 1 DAGs
[2026-02-17T23:28:42.485+0000] {logging_mixin.py:188} INFO - [2026-02-17T23:28:42.484+0000] {dag.py:3823} INFO - Setting next_dagrun for xml_to_mysql_etl to 2026-02-16 00:00:00+00:00, run_after=2026-02-17 00:00:00+00:00
[2026-02-17T23:28:42.503+0000] {processor.py:183} INFO - Processing /opt/airflow/dags/DAG_urbania.py took 0.102 seconds
[2026-02-17T23:29:15.337+0000] {processor.py:161} INFO - Started process (PID=276) to work on /opt/airflow/dags/DAG_urbania.py
[2026-02-17T23:29:15.338+0000] {processor.py:830} INFO - Processing file /opt/airflow/dags/DAG_urbania.py for tasks to queue
[2026-02-17T23:29:15.339+0000] {logging_mixin.py:188} INFO - [2026-02-17T23:29:15.338+0000] {dagbag.py:538} INFO - Filling up the DagBag from /opt/airflow/dags/DAG_urbania.py
[2026-02-17T23:29:15.360+0000] {processor.py:840} INFO - DAG(s) 'xml_to_mysql_etl' retrieved from /opt/airflow/dags/DAG_urbania.py
[2026-02-17T23:29:15.404+0000] {logging_mixin.py:188} INFO - [2026-02-17T23:29:15.403+0000] {dag.py:3036} INFO - Sync 1 DAGs
[2026-02-17T23:29:15.422+0000] {logging_mixin.py:188} INFO - [2026-02-17T23:29:15.422+0000] {dag.py:3823} INFO - Setting next_dagrun for xml_to_mysql_etl to 2026-02-16 00:00:00+00:00, run_after=2026-02-17 00:00:00+00:00
[2026-02-17T23:29:15.441+0000] {processor.py:183} INFO - Processing /opt/airflow/dags/DAG_urbania.py took 0.107 seconds
[2026-02-17T23:29:48.226+0000] {processor.py:161} INFO - Started process (PID=281) to work on /opt/airflow/dags/DAG_urbania.py
[2026-02-17T23:29:48.227+0000] {processor.py:830} INFO - Processing file /opt/airflow/dags/DAG_urbania.py for tasks to queue
[2026-02-17T23:29:48.227+0000] {logging_mixin.py:188} INFO - [2026-02-17T23:29:48.227+0000] {dagbag.py:538} INFO - Filling up the DagBag from /opt/airflow/dags/DAG_urbania.py
[2026-02-17T23:29:48.247+0000] {processor.py:840} INFO - DAG(s) 'xml_to_mysql_etl' retrieved from /opt/airflow/dags/DAG_urbania.py
[2026-02-17T23:29:48.291+0000] {logging_mixin.py:188} INFO - [2026-02-17T23:29:48.291+0000] {dag.py:3036} INFO - Sync 1 DAGs
[2026-02-17T23:29:48.306+0000] {logging_mixin.py:188} INFO - [2026-02-17T23:29:48.305+0000] {dag.py:3823} INFO - Setting next_dagrun for xml_to_mysql_etl to 2026-02-16 00:00:00+00:00, run_after=2026-02-17 00:00:00+00:00
[2026-02-17T23:29:48.323+0000] {processor.py:183} INFO - Processing /opt/airflow/dags/DAG_urbania.py took 0.100 seconds
[2026-02-17T23:30:20.155+0000] {processor.py:161} INFO - Started process (PID=286) to work on /opt/airflow/dags/DAG_urbania.py
[2026-02-17T23:30:20.156+0000] {processor.py:830} INFO - Processing file /opt/airflow/dags/DAG_urbania.py for tasks to queue
[2026-02-17T23:30:20.157+0000] {logging_mixin.py:188} INFO - [2026-02-17T23:30:20.157+0000] {dagbag.py:538} INFO - Filling up the DagBag from /opt/airflow/dags/DAG_urbania.py
[2026-02-17T23:30:20.178+0000] {processor.py:840} INFO - DAG(s) 'xml_to_mysql_etl' retrieved from /opt/airflow/dags/DAG_urbania.py
[2026-02-17T23:30:20.222+0000] {logging_mixin.py:188} INFO - [2026-02-17T23:30:20.222+0000] {dag.py:3036} INFO - Sync 1 DAGs
[2026-02-17T23:30:20.242+0000] {logging_mixin.py:188} INFO - [2026-02-17T23:30:20.241+0000] {dag.py:3823} INFO - Setting next_dagrun for xml_to_mysql_etl to 2026-02-16 00:00:00+00:00, run_after=2026-02-17 00:00:00+00:00
[2026-02-17T23:30:20.261+0000] {processor.py:183} INFO - Processing /opt/airflow/dags/DAG_urbania.py took 0.109 seconds
[2026-02-17T23:30:53.063+0000] {processor.py:161} INFO - Started process (PID=291) to work on /opt/airflow/dags/DAG_urbania.py
[2026-02-17T23:30:53.065+0000] {processor.py:830} INFO - Processing file /opt/airflow/dags/DAG_urbania.py for tasks to queue
[2026-02-17T23:30:53.066+0000] {logging_mixin.py:188} INFO - [2026-02-17T23:30:53.065+0000] {dagbag.py:538} INFO - Filling up the DagBag from /opt/airflow/dags/DAG_urbania.py
[2026-02-17T23:30:53.089+0000] {processor.py:840} INFO - DAG(s) 'xml_to_mysql_etl' retrieved from /opt/airflow/dags/DAG_urbania.py
[2026-02-17T23:30:53.140+0000] {logging_mixin.py:188} INFO - [2026-02-17T23:30:53.140+0000] {dag.py:3036} INFO - Sync 1 DAGs
[2026-02-17T23:30:53.159+0000] {logging_mixin.py:188} INFO - [2026-02-17T23:30:53.159+0000] {dag.py:3823} INFO - Setting next_dagrun for xml_to_mysql_etl to 2026-02-16 00:00:00+00:00, run_after=2026-02-17 00:00:00+00:00
[2026-02-17T23:30:53.179+0000] {processor.py:183} INFO - Processing /opt/airflow/dags/DAG_urbania.py took 0.120 seconds
[2026-02-17T23:31:25.985+0000] {processor.py:161} INFO - Started process (PID=296) to work on /opt/airflow/dags/DAG_urbania.py
[2026-02-17T23:31:25.986+0000] {processor.py:830} INFO - Processing file /opt/airflow/dags/DAG_urbania.py for tasks to queue
[2026-02-17T23:31:25.987+0000] {logging_mixin.py:188} INFO - [2026-02-17T23:31:25.987+0000] {dagbag.py:538} INFO - Filling up the DagBag from /opt/airflow/dags/DAG_urbania.py
[2026-02-17T23:31:26.006+0000] {processor.py:840} INFO - DAG(s) 'xml_to_mysql_etl' retrieved from /opt/airflow/dags/DAG_urbania.py
[2026-02-17T23:31:26.049+0000] {logging_mixin.py:188} INFO - [2026-02-17T23:31:26.048+0000] {dag.py:3036} INFO - Sync 1 DAGs
[2026-02-17T23:31:26.066+0000] {logging_mixin.py:188} INFO - [2026-02-17T23:31:26.066+0000] {dag.py:3823} INFO - Setting next_dagrun for xml_to_mysql_etl to 2026-02-16 00:00:00+00:00, run_after=2026-02-17 00:00:00+00:00
[2026-02-17T23:31:26.095+0000] {processor.py:183} INFO - Processing /opt/airflow/dags/DAG_urbania.py took 0.113 seconds
[2026-02-17T23:31:58.910+0000] {processor.py:161} INFO - Started process (PID=301) to work on /opt/airflow/dags/DAG_urbania.py
[2026-02-17T23:31:58.911+0000] {processor.py:830} INFO - Processing file /opt/airflow/dags/DAG_urbania.py for tasks to queue
[2026-02-17T23:31:58.912+0000] {logging_mixin.py:188} INFO - [2026-02-17T23:31:58.912+0000] {dagbag.py:538} INFO - Filling up the DagBag from /opt/airflow/dags/DAG_urbania.py
[2026-02-17T23:31:58.931+0000] {processor.py:840} INFO - DAG(s) 'xml_to_mysql_etl' retrieved from /opt/airflow/dags/DAG_urbania.py
[2026-02-17T23:31:58.974+0000] {logging_mixin.py:188} INFO - [2026-02-17T23:31:58.974+0000] {dag.py:3036} INFO - Sync 1 DAGs
[2026-02-17T23:31:58.991+0000] {logging_mixin.py:188} INFO - [2026-02-17T23:31:58.991+0000] {dag.py:3823} INFO - Setting next_dagrun for xml_to_mysql_etl to 2026-02-16 00:00:00+00:00, run_after=2026-02-17 00:00:00+00:00
[2026-02-17T23:31:59.017+0000] {processor.py:183} INFO - Processing /opt/airflow/dags/DAG_urbania.py took 0.110 seconds
[2026-02-17T23:32:31.806+0000] {processor.py:161} INFO - Started process (PID=306) to work on /opt/airflow/dags/DAG_urbania.py
[2026-02-17T23:32:31.807+0000] {processor.py:830} INFO - Processing file /opt/airflow/dags/DAG_urbania.py for tasks to queue
[2026-02-17T23:32:31.808+0000] {logging_mixin.py:188} INFO - [2026-02-17T23:32:31.808+0000] {dagbag.py:538} INFO - Filling up the DagBag from /opt/airflow/dags/DAG_urbania.py
[2026-02-17T23:32:31.825+0000] {processor.py:840} INFO - DAG(s) 'xml_to_mysql_etl' retrieved from /opt/airflow/dags/DAG_urbania.py
[2026-02-17T23:32:31.870+0000] {logging_mixin.py:188} INFO - [2026-02-17T23:32:31.870+0000] {dag.py:3036} INFO - Sync 1 DAGs
[2026-02-17T23:32:31.888+0000] {logging_mixin.py:188} INFO - [2026-02-17T23:32:31.888+0000] {dag.py:3823} INFO - Setting next_dagrun for xml_to_mysql_etl to 2026-02-16 00:00:00+00:00, run_after=2026-02-17 00:00:00+00:00
[2026-02-17T23:32:31.908+0000] {processor.py:183} INFO - Processing /opt/airflow/dags/DAG_urbania.py took 0.104 seconds
[2026-02-17T23:33:03.784+0000] {processor.py:161} INFO - Started process (PID=311) to work on /opt/airflow/dags/DAG_urbania.py
[2026-02-17T23:33:03.785+0000] {processor.py:830} INFO - Processing file /opt/airflow/dags/DAG_urbania.py for tasks to queue
[2026-02-17T23:33:03.786+0000] {logging_mixin.py:188} INFO - [2026-02-17T23:33:03.786+0000] {dagbag.py:538} INFO - Filling up the DagBag from /opt/airflow/dags/DAG_urbania.py
[2026-02-17T23:33:03.809+0000] {processor.py:840} INFO - DAG(s) 'xml_to_mysql_etl' retrieved from /opt/airflow/dags/DAG_urbania.py
[2026-02-17T23:33:03.860+0000] {logging_mixin.py:188} INFO - [2026-02-17T23:33:03.859+0000] {dag.py:3036} INFO - Sync 1 DAGs
[2026-02-17T23:33:03.879+0000] {logging_mixin.py:188} INFO - [2026-02-17T23:33:03.878+0000] {dag.py:3823} INFO - Setting next_dagrun for xml_to_mysql_etl to 2026-02-16 00:00:00+00:00, run_after=2026-02-17 00:00:00+00:00
[2026-02-17T23:33:03.897+0000] {processor.py:183} INFO - Processing /opt/airflow/dags/DAG_urbania.py took 0.116 seconds
[2026-02-17T23:33:36.642+0000] {processor.py:161} INFO - Started process (PID=316) to work on /opt/airflow/dags/DAG_urbania.py
[2026-02-17T23:33:36.643+0000] {processor.py:830} INFO - Processing file /opt/airflow/dags/DAG_urbania.py for tasks to queue
[2026-02-17T23:33:36.644+0000] {logging_mixin.py:188} INFO - [2026-02-17T23:33:36.644+0000] {dagbag.py:538} INFO - Filling up the DagBag from /opt/airflow/dags/DAG_urbania.py
[2026-02-17T23:33:36.667+0000] {processor.py:840} INFO - DAG(s) 'xml_to_mysql_etl' retrieved from /opt/airflow/dags/DAG_urbania.py
[2026-02-17T23:33:36.710+0000] {logging_mixin.py:188} INFO - [2026-02-17T23:33:36.709+0000] {dag.py:3036} INFO - Sync 1 DAGs
[2026-02-17T23:33:36.729+0000] {logging_mixin.py:188} INFO - [2026-02-17T23:33:36.728+0000] {dag.py:3823} INFO - Setting next_dagrun for xml_to_mysql_etl to 2026-02-16 00:00:00+00:00, run_after=2026-02-17 00:00:00+00:00
[2026-02-17T23:33:36.750+0000] {processor.py:183} INFO - Processing /opt/airflow/dags/DAG_urbania.py took 0.112 seconds
[2026-02-17T23:34:09.628+0000] {processor.py:161} INFO - Started process (PID=321) to work on /opt/airflow/dags/DAG_urbania.py
[2026-02-17T23:34:09.629+0000] {processor.py:830} INFO - Processing file /opt/airflow/dags/DAG_urbania.py for tasks to queue
[2026-02-17T23:34:09.630+0000] {logging_mixin.py:188} INFO - [2026-02-17T23:34:09.629+0000] {dagbag.py:538} INFO - Filling up the DagBag from /opt/airflow/dags/DAG_urbania.py
[2026-02-17T23:34:09.647+0000] {processor.py:840} INFO - DAG(s) 'xml_to_mysql_etl' retrieved from /opt/airflow/dags/DAG_urbania.py
[2026-02-17T23:34:09.691+0000] {logging_mixin.py:188} INFO - [2026-02-17T23:34:09.691+0000] {dag.py:3036} INFO - Sync 1 DAGs
[2026-02-17T23:34:09.706+0000] {logging_mixin.py:188} INFO - [2026-02-17T23:34:09.706+0000] {dag.py:3823} INFO - Setting next_dagrun for xml_to_mysql_etl to 2026-02-16 00:00:00+00:00, run_after=2026-02-17 00:00:00+00:00
[2026-02-17T23:34:09.732+0000] {processor.py:183} INFO - Processing /opt/airflow/dags/DAG_urbania.py took 0.107 seconds
[2026-02-17T23:34:42.491+0000] {processor.py:161} INFO - Started process (PID=326) to work on /opt/airflow/dags/DAG_urbania.py
[2026-02-17T23:34:42.492+0000] {processor.py:830} INFO - Processing file /opt/airflow/dags/DAG_urbania.py for tasks to queue
[2026-02-17T23:34:42.493+0000] {logging_mixin.py:188} INFO - [2026-02-17T23:34:42.493+0000] {dagbag.py:538} INFO - Filling up the DagBag from /opt/airflow/dags/DAG_urbania.py
[2026-02-17T23:34:42.509+0000] {processor.py:840} INFO - DAG(s) 'xml_to_mysql_etl' retrieved from /opt/airflow/dags/DAG_urbania.py
[2026-02-17T23:34:42.551+0000] {logging_mixin.py:188} INFO - [2026-02-17T23:34:42.551+0000] {dag.py:3036} INFO - Sync 1 DAGs
[2026-02-17T23:34:42.572+0000] {logging_mixin.py:188} INFO - [2026-02-17T23:34:42.571+0000] {dag.py:3823} INFO - Setting next_dagrun for xml_to_mysql_etl to 2026-02-16 00:00:00+00:00, run_after=2026-02-17 00:00:00+00:00
[2026-02-17T23:34:42.599+0000] {processor.py:183} INFO - Processing /opt/airflow/dags/DAG_urbania.py took 0.110 seconds
[2026-02-17T23:35:15.448+0000] {processor.py:161} INFO - Started process (PID=331) to work on /opt/airflow/dags/DAG_urbania.py
[2026-02-17T23:35:15.449+0000] {processor.py:830} INFO - Processing file /opt/airflow/dags/DAG_urbania.py for tasks to queue
[2026-02-17T23:35:15.450+0000] {logging_mixin.py:188} INFO - [2026-02-17T23:35:15.450+0000] {dagbag.py:538} INFO - Filling up the DagBag from /opt/airflow/dags/DAG_urbania.py
[2026-02-17T23:35:15.470+0000] {processor.py:840} INFO - DAG(s) 'xml_to_mysql_etl' retrieved from /opt/airflow/dags/DAG_urbania.py
[2026-02-17T23:35:15.509+0000] {logging_mixin.py:188} INFO - [2026-02-17T23:35:15.509+0000] {dag.py:3036} INFO - Sync 1 DAGs
[2026-02-17T23:35:15.524+0000] {logging_mixin.py:188} INFO - [2026-02-17T23:35:15.524+0000] {dag.py:3823} INFO - Setting next_dagrun for xml_to_mysql_etl to 2026-02-16 00:00:00+00:00, run_after=2026-02-17 00:00:00+00:00
[2026-02-17T23:35:15.549+0000] {processor.py:183} INFO - Processing /opt/airflow/dags/DAG_urbania.py took 0.104 seconds
[2026-02-17T23:35:47.419+0000] {processor.py:161} INFO - Started process (PID=336) to work on /opt/airflow/dags/DAG_urbania.py
[2026-02-17T23:35:47.420+0000] {processor.py:830} INFO - Processing file /opt/airflow/dags/DAG_urbania.py for tasks to queue
[2026-02-17T23:35:47.421+0000] {logging_mixin.py:188} INFO - [2026-02-17T23:35:47.420+0000] {dagbag.py:538} INFO - Filling up the DagBag from /opt/airflow/dags/DAG_urbania.py
[2026-02-17T23:35:47.437+0000] {processor.py:840} INFO - DAG(s) 'xml_to_mysql_etl' retrieved from /opt/airflow/dags/DAG_urbania.py
[2026-02-17T23:35:47.477+0000] {logging_mixin.py:188} INFO - [2026-02-17T23:35:47.477+0000] {dag.py:3036} INFO - Sync 1 DAGs
[2026-02-17T23:35:47.493+0000] {logging_mixin.py:188} INFO - [2026-02-17T23:35:47.493+0000] {dag.py:3823} INFO - Setting next_dagrun for xml_to_mysql_etl to 2026-02-16 00:00:00+00:00, run_after=2026-02-17 00:00:00+00:00
[2026-02-17T23:35:47.521+0000] {processor.py:183} INFO - Processing /opt/airflow/dags/DAG_urbania.py took 0.105 seconds
[2026-02-17T23:36:20.330+0000] {processor.py:161} INFO - Started process (PID=341) to work on /opt/airflow/dags/DAG_urbania.py
[2026-02-17T23:36:20.332+0000] {processor.py:830} INFO - Processing file /opt/airflow/dags/DAG_urbania.py for tasks to queue
[2026-02-17T23:36:20.333+0000] {logging_mixin.py:188} INFO - [2026-02-17T23:36:20.333+0000] {dagbag.py:538} INFO - Filling up the DagBag from /opt/airflow/dags/DAG_urbania.py
[2026-02-17T23:36:20.355+0000] {processor.py:840} INFO - DAG(s) 'xml_to_mysql_etl' retrieved from /opt/airflow/dags/DAG_urbania.py
[2026-02-17T23:36:20.401+0000] {logging_mixin.py:188} INFO - [2026-02-17T23:36:20.401+0000] {dag.py:3036} INFO - Sync 1 DAGs
[2026-02-17T23:36:20.418+0000] {logging_mixin.py:188} INFO - [2026-02-17T23:36:20.418+0000] {dag.py:3823} INFO - Setting next_dagrun for xml_to_mysql_etl to 2026-02-16 00:00:00+00:00, run_after=2026-02-17 00:00:00+00:00
[2026-02-17T23:36:20.438+0000] {processor.py:183} INFO - Processing /opt/airflow/dags/DAG_urbania.py took 0.112 seconds
[2026-02-17T23:36:53.260+0000] {processor.py:161} INFO - Started process (PID=346) to work on /opt/airflow/dags/DAG_urbania.py
[2026-02-17T23:36:53.261+0000] {processor.py:830} INFO - Processing file /opt/airflow/dags/DAG_urbania.py for tasks to queue
[2026-02-17T23:36:53.262+0000] {logging_mixin.py:188} INFO - [2026-02-17T23:36:53.261+0000] {dagbag.py:538} INFO - Filling up the DagBag from /opt/airflow/dags/DAG_urbania.py
[2026-02-17T23:36:53.278+0000] {processor.py:840} INFO - DAG(s) 'xml_to_mysql_etl' retrieved from /opt/airflow/dags/DAG_urbania.py
[2026-02-17T23:36:53.316+0000] {logging_mixin.py:188} INFO - [2026-02-17T23:36:53.316+0000] {dag.py:3036} INFO - Sync 1 DAGs
[2026-02-17T23:36:53.330+0000] {logging_mixin.py:188} INFO - [2026-02-17T23:36:53.330+0000] {dag.py:3823} INFO - Setting next_dagrun for xml_to_mysql_etl to 2026-02-16 00:00:00+00:00, run_after=2026-02-17 00:00:00+00:00
[2026-02-17T23:36:53.347+0000] {processor.py:183} INFO - Processing /opt/airflow/dags/DAG_urbania.py took 0.090 seconds
[2026-02-17T23:37:26.131+0000] {processor.py:161} INFO - Started process (PID=351) to work on /opt/airflow/dags/DAG_urbania.py
[2026-02-17T23:37:26.132+0000] {processor.py:830} INFO - Processing file /opt/airflow/dags/DAG_urbania.py for tasks to queue
[2026-02-17T23:37:26.132+0000] {logging_mixin.py:188} INFO - [2026-02-17T23:37:26.132+0000] {dagbag.py:538} INFO - Filling up the DagBag from /opt/airflow/dags/DAG_urbania.py
[2026-02-17T23:37:26.150+0000] {processor.py:840} INFO - DAG(s) 'xml_to_mysql_etl' retrieved from /opt/airflow/dags/DAG_urbania.py
[2026-02-17T23:37:26.191+0000] {logging_mixin.py:188} INFO - [2026-02-17T23:37:26.190+0000] {dag.py:3036} INFO - Sync 1 DAGs
[2026-02-17T23:37:26.207+0000] {logging_mixin.py:188} INFO - [2026-02-17T23:37:26.207+0000] {dag.py:3823} INFO - Setting next_dagrun for xml_to_mysql_etl to 2026-02-16 00:00:00+00:00, run_after=2026-02-17 00:00:00+00:00
[2026-02-17T23:37:26.236+0000] {processor.py:183} INFO - Processing /opt/airflow/dags/DAG_urbania.py took 0.109 seconds
[2026-02-17T23:37:59.083+0000] {processor.py:161} INFO - Started process (PID=356) to work on /opt/airflow/dags/DAG_urbania.py
[2026-02-17T23:37:59.084+0000] {processor.py:830} INFO - Processing file /opt/airflow/dags/DAG_urbania.py for tasks to queue
[2026-02-17T23:37:59.085+0000] {logging_mixin.py:188} INFO - [2026-02-17T23:37:59.084+0000] {dagbag.py:538} INFO - Filling up the DagBag from /opt/airflow/dags/DAG_urbania.py
[2026-02-17T23:37:59.101+0000] {processor.py:840} INFO - DAG(s) 'xml_to_mysql_etl' retrieved from /opt/airflow/dags/DAG_urbania.py
[2026-02-17T23:37:59.140+0000] {logging_mixin.py:188} INFO - [2026-02-17T23:37:59.140+0000] {dag.py:3036} INFO - Sync 1 DAGs
[2026-02-17T23:37:59.157+0000] {logging_mixin.py:188} INFO - [2026-02-17T23:37:59.157+0000] {dag.py:3823} INFO - Setting next_dagrun for xml_to_mysql_etl to 2026-02-16 00:00:00+00:00, run_after=2026-02-17 00:00:00+00:00
[2026-02-17T23:37:59.184+0000] {processor.py:183} INFO - Processing /opt/airflow/dags/DAG_urbania.py took 0.104 seconds
[2026-02-17T23:38:31.967+0000] {processor.py:161} INFO - Started process (PID=361) to work on /opt/airflow/dags/DAG_urbania.py
[2026-02-17T23:38:31.968+0000] {processor.py:830} INFO - Processing file /opt/airflow/dags/DAG_urbania.py for tasks to queue
[2026-02-17T23:38:31.969+0000] {logging_mixin.py:188} INFO - [2026-02-17T23:38:31.968+0000] {dagbag.py:538} INFO - Filling up the DagBag from /opt/airflow/dags/DAG_urbania.py
[2026-02-17T23:38:31.987+0000] {processor.py:840} INFO - DAG(s) 'xml_to_mysql_etl' retrieved from /opt/airflow/dags/DAG_urbania.py
[2026-02-17T23:38:32.029+0000] {logging_mixin.py:188} INFO - [2026-02-17T23:38:32.029+0000] {dag.py:3036} INFO - Sync 1 DAGs
[2026-02-17T23:38:32.047+0000] {logging_mixin.py:188} INFO - [2026-02-17T23:38:32.046+0000] {dag.py:3823} INFO - Setting next_dagrun for xml_to_mysql_etl to 2026-02-16 00:00:00+00:00, run_after=2026-02-17 00:00:00+00:00
[2026-02-17T23:38:32.073+0000] {processor.py:183} INFO - Processing /opt/airflow/dags/DAG_urbania.py took 0.109 seconds
[2026-02-17T23:39:03.893+0000] {processor.py:161} INFO - Started process (PID=366) to work on /opt/airflow/dags/DAG_urbania.py
[2026-02-17T23:39:03.894+0000] {processor.py:830} INFO - Processing file /opt/airflow/dags/DAG_urbania.py for tasks to queue
[2026-02-17T23:39:03.895+0000] {logging_mixin.py:188} INFO - [2026-02-17T23:39:03.895+0000] {dagbag.py:538} INFO - Filling up the DagBag from /opt/airflow/dags/DAG_urbania.py
[2026-02-17T23:39:03.914+0000] {processor.py:840} INFO - DAG(s) 'xml_to_mysql_etl' retrieved from /opt/airflow/dags/DAG_urbania.py
[2026-02-17T23:39:03.952+0000] {logging_mixin.py:188} INFO - [2026-02-17T23:39:03.952+0000] {dag.py:3036} INFO - Sync 1 DAGs
[2026-02-17T23:39:03.969+0000] {logging_mixin.py:188} INFO - [2026-02-17T23:39:03.969+0000] {dag.py:3823} INFO - Setting next_dagrun for xml_to_mysql_etl to 2026-02-16 00:00:00+00:00, run_after=2026-02-17 00:00:00+00:00
[2026-02-17T23:39:03.996+0000] {processor.py:183} INFO - Processing /opt/airflow/dags/DAG_urbania.py took 0.106 seconds
[2026-02-17T23:39:36.791+0000] {processor.py:161} INFO - Started process (PID=371) to work on /opt/airflow/dags/DAG_urbania.py
[2026-02-17T23:39:36.792+0000] {processor.py:830} INFO - Processing file /opt/airflow/dags/DAG_urbania.py for tasks to queue
[2026-02-17T23:39:36.792+0000] {logging_mixin.py:188} INFO - [2026-02-17T23:39:36.792+0000] {dagbag.py:538} INFO - Filling up the DagBag from /opt/airflow/dags/DAG_urbania.py
[2026-02-17T23:39:36.810+0000] {processor.py:840} INFO - DAG(s) 'xml_to_mysql_etl' retrieved from /opt/airflow/dags/DAG_urbania.py
[2026-02-17T23:39:36.851+0000] {logging_mixin.py:188} INFO - [2026-02-17T23:39:36.850+0000] {dag.py:3036} INFO - Sync 1 DAGs
[2026-02-17T23:39:36.868+0000] {logging_mixin.py:188} INFO - [2026-02-17T23:39:36.867+0000] {dag.py:3823} INFO - Setting next_dagrun for xml_to_mysql_etl to 2026-02-16 00:00:00+00:00, run_after=2026-02-17 00:00:00+00:00
[2026-02-17T23:39:36.892+0000] {processor.py:183} INFO - Processing /opt/airflow/dags/DAG_urbania.py took 0.104 seconds
[2026-02-17T23:40:09.721+0000] {processor.py:161} INFO - Started process (PID=376) to work on /opt/airflow/dags/DAG_urbania.py
[2026-02-17T23:40:09.722+0000] {processor.py:830} INFO - Processing file /opt/airflow/dags/DAG_urbania.py for tasks to queue
[2026-02-17T23:40:09.723+0000] {logging_mixin.py:188} INFO - [2026-02-17T23:40:09.723+0000] {dagbag.py:538} INFO - Filling up the DagBag from /opt/airflow/dags/DAG_urbania.py
[2026-02-17T23:40:09.742+0000] {processor.py:840} INFO - DAG(s) 'xml_to_mysql_etl' retrieved from /opt/airflow/dags/DAG_urbania.py
[2026-02-17T23:40:09.787+0000] {logging_mixin.py:188} INFO - [2026-02-17T23:40:09.787+0000] {dag.py:3036} INFO - Sync 1 DAGs
[2026-02-17T23:40:09.810+0000] {logging_mixin.py:188} INFO - [2026-02-17T23:40:09.810+0000] {dag.py:3823} INFO - Setting next_dagrun for xml_to_mysql_etl to 2026-02-16 00:00:00+00:00, run_after=2026-02-17 00:00:00+00:00
[2026-02-17T23:40:09.836+0000] {processor.py:183} INFO - Processing /opt/airflow/dags/DAG_urbania.py took 0.118 seconds
[2026-02-17T23:40:42.606+0000] {processor.py:161} INFO - Started process (PID=381) to work on /opt/airflow/dags/DAG_urbania.py
[2026-02-17T23:40:42.607+0000] {processor.py:830} INFO - Processing file /opt/airflow/dags/DAG_urbania.py for tasks to queue
[2026-02-17T23:40:42.608+0000] {logging_mixin.py:188} INFO - [2026-02-17T23:40:42.607+0000] {dagbag.py:538} INFO - Filling up the DagBag from /opt/airflow/dags/DAG_urbania.py
[2026-02-17T23:40:42.625+0000] {processor.py:840} INFO - DAG(s) 'xml_to_mysql_etl' retrieved from /opt/airflow/dags/DAG_urbania.py
[2026-02-17T23:40:42.666+0000] {logging_mixin.py:188} INFO - [2026-02-17T23:40:42.665+0000] {dag.py:3036} INFO - Sync 1 DAGs
[2026-02-17T23:40:42.683+0000] {logging_mixin.py:188} INFO - [2026-02-17T23:40:42.683+0000] {dag.py:3823} INFO - Setting next_dagrun for xml_to_mysql_etl to 2026-02-16 00:00:00+00:00, run_after=2026-02-17 00:00:00+00:00
[2026-02-17T23:40:42.702+0000] {processor.py:183} INFO - Processing /opt/airflow/dags/DAG_urbania.py took 0.099 seconds
[2026-02-17T23:41:15.556+0000] {processor.py:161} INFO - Started process (PID=386) to work on /opt/airflow/dags/DAG_urbania.py
[2026-02-17T23:41:15.557+0000] {processor.py:830} INFO - Processing file /opt/airflow/dags/DAG_urbania.py for tasks to queue
[2026-02-17T23:41:15.558+0000] {logging_mixin.py:188} INFO - [2026-02-17T23:41:15.558+0000] {dagbag.py:538} INFO - Filling up the DagBag from /opt/airflow/dags/DAG_urbania.py
[2026-02-17T23:41:15.574+0000] {processor.py:840} INFO - DAG(s) 'xml_to_mysql_etl' retrieved from /opt/airflow/dags/DAG_urbania.py
[2026-02-17T23:41:15.615+0000] {logging_mixin.py:188} INFO - [2026-02-17T23:41:15.615+0000] {dag.py:3036} INFO - Sync 1 DAGs
[2026-02-17T23:41:15.633+0000] {logging_mixin.py:188} INFO - [2026-02-17T23:41:15.632+0000] {dag.py:3823} INFO - Setting next_dagrun for xml_to_mysql_etl to 2026-02-16 00:00:00+00:00, run_after=2026-02-17 00:00:00+00:00
[2026-02-17T23:41:15.650+0000] {processor.py:183} INFO - Processing /opt/airflow/dags/DAG_urbania.py took 0.097 seconds
[2026-02-17T23:41:47.451+0000] {processor.py:161} INFO - Started process (PID=391) to work on /opt/airflow/dags/DAG_urbania.py
[2026-02-17T23:41:47.452+0000] {processor.py:830} INFO - Processing file /opt/airflow/dags/DAG_urbania.py for tasks to queue
[2026-02-17T23:41:47.453+0000] {logging_mixin.py:188} INFO - [2026-02-17T23:41:47.453+0000] {dagbag.py:538} INFO - Filling up the DagBag from /opt/airflow/dags/DAG_urbania.py
[2026-02-17T23:41:47.470+0000] {processor.py:840} INFO - DAG(s) 'xml_to_mysql_etl' retrieved from /opt/airflow/dags/DAG_urbania.py
[2026-02-17T23:41:47.511+0000] {logging_mixin.py:188} INFO - [2026-02-17T23:41:47.510+0000] {dag.py:3036} INFO - Sync 1 DAGs
[2026-02-17T23:41:47.528+0000] {logging_mixin.py:188} INFO - [2026-02-17T23:41:47.528+0000] {dag.py:3823} INFO - Setting next_dagrun for xml_to_mysql_etl to 2026-02-16 00:00:00+00:00, run_after=2026-02-17 00:00:00+00:00
[2026-02-17T23:41:47.547+0000] {processor.py:183} INFO - Processing /opt/airflow/dags/DAG_urbania.py took 0.098 seconds
[2026-02-17T23:42:20.373+0000] {processor.py:161} INFO - Started process (PID=396) to work on /opt/airflow/dags/DAG_urbania.py
[2026-02-17T23:42:20.374+0000] {processor.py:830} INFO - Processing file /opt/airflow/dags/DAG_urbania.py for tasks to queue
[2026-02-17T23:42:20.375+0000] {logging_mixin.py:188} INFO - [2026-02-17T23:42:20.374+0000] {dagbag.py:538} INFO - Filling up the DagBag from /opt/airflow/dags/DAG_urbania.py
[2026-02-17T23:42:20.393+0000] {processor.py:840} INFO - DAG(s) 'xml_to_mysql_etl' retrieved from /opt/airflow/dags/DAG_urbania.py
[2026-02-17T23:42:20.437+0000] {logging_mixin.py:188} INFO - [2026-02-17T23:42:20.437+0000] {dag.py:3036} INFO - Sync 1 DAGs
[2026-02-17T23:42:20.454+0000] {logging_mixin.py:188} INFO - [2026-02-17T23:42:20.454+0000] {dag.py:3823} INFO - Setting next_dagrun for xml_to_mysql_etl to 2026-02-16 00:00:00+00:00, run_after=2026-02-17 00:00:00+00:00
[2026-02-17T23:42:20.477+0000] {processor.py:183} INFO - Processing /opt/airflow/dags/DAG_urbania.py took 0.107 seconds
[2026-02-17T23:42:53.263+0000] {processor.py:161} INFO - Started process (PID=401) to work on /opt/airflow/dags/DAG_urbania.py
[2026-02-17T23:42:53.264+0000] {processor.py:830} INFO - Processing file /opt/airflow/dags/DAG_urbania.py for tasks to queue
[2026-02-17T23:42:53.265+0000] {logging_mixin.py:188} INFO - [2026-02-17T23:42:53.264+0000] {dagbag.py:538} INFO - Filling up the DagBag from /opt/airflow/dags/DAG_urbania.py
[2026-02-17T23:42:53.282+0000] {processor.py:840} INFO - DAG(s) 'xml_to_mysql_etl' retrieved from /opt/airflow/dags/DAG_urbania.py
[2026-02-17T23:42:53.323+0000] {logging_mixin.py:188} INFO - [2026-02-17T23:42:53.323+0000] {dag.py:3036} INFO - Sync 1 DAGs
[2026-02-17T23:42:53.341+0000] {logging_mixin.py:188} INFO - [2026-02-17T23:42:53.341+0000] {dag.py:3823} INFO - Setting next_dagrun for xml_to_mysql_etl to 2026-02-16 00:00:00+00:00, run_after=2026-02-17 00:00:00+00:00
[2026-02-17T23:42:53.359+0000] {processor.py:183} INFO - Processing /opt/airflow/dags/DAG_urbania.py took 0.099 seconds
[2026-02-17T23:43:26.201+0000] {processor.py:161} INFO - Started process (PID=406) to work on /opt/airflow/dags/DAG_urbania.py
[2026-02-17T23:43:26.201+0000] {processor.py:830} INFO - Processing file /opt/airflow/dags/DAG_urbania.py for tasks to queue
[2026-02-17T23:43:26.202+0000] {logging_mixin.py:188} INFO - [2026-02-17T23:43:26.202+0000] {dagbag.py:538} INFO - Filling up the DagBag from /opt/airflow/dags/DAG_urbania.py
[2026-02-17T23:43:26.220+0000] {processor.py:840} INFO - DAG(s) 'xml_to_mysql_etl' retrieved from /opt/airflow/dags/DAG_urbania.py
[2026-02-17T23:43:26.261+0000] {logging_mixin.py:188} INFO - [2026-02-17T23:43:26.261+0000] {dag.py:3036} INFO - Sync 1 DAGs
[2026-02-17T23:43:26.278+0000] {logging_mixin.py:188} INFO - [2026-02-17T23:43:26.278+0000] {dag.py:3823} INFO - Setting next_dagrun for xml_to_mysql_etl to 2026-02-16 00:00:00+00:00, run_after=2026-02-17 00:00:00+00:00
[2026-02-17T23:43:26.307+0000] {processor.py:183} INFO - Processing /opt/airflow/dags/DAG_urbania.py took 0.108 seconds
[2026-02-17T23:43:59.082+0000] {processor.py:161} INFO - Started process (PID=411) to work on /opt/airflow/dags/DAG_urbania.py
[2026-02-17T23:43:59.083+0000] {processor.py:830} INFO - Processing file /opt/airflow/dags/DAG_urbania.py for tasks to queue
[2026-02-17T23:43:59.084+0000] {logging_mixin.py:188} INFO - [2026-02-17T23:43:59.084+0000] {dagbag.py:538} INFO - Filling up the DagBag from /opt/airflow/dags/DAG_urbania.py
[2026-02-17T23:43:59.101+0000] {processor.py:840} INFO - DAG(s) 'xml_to_mysql_etl' retrieved from /opt/airflow/dags/DAG_urbania.py
[2026-02-17T23:43:59.141+0000] {logging_mixin.py:188} INFO - [2026-02-17T23:43:59.141+0000] {dag.py:3036} INFO - Sync 1 DAGs
[2026-02-17T23:43:59.159+0000] {logging_mixin.py:188} INFO - [2026-02-17T23:43:59.159+0000] {dag.py:3823} INFO - Setting next_dagrun for xml_to_mysql_etl to 2026-02-16 00:00:00+00:00, run_after=2026-02-17 00:00:00+00:00
[2026-02-17T23:43:59.180+0000] {processor.py:183} INFO - Processing /opt/airflow/dags/DAG_urbania.py took 0.100 seconds
[2026-02-17T23:44:32.026+0000] {processor.py:161} INFO - Started process (PID=416) to work on /opt/airflow/dags/DAG_urbania.py
[2026-02-17T23:44:32.026+0000] {processor.py:830} INFO - Processing file /opt/airflow/dags/DAG_urbania.py for tasks to queue
[2026-02-17T23:44:32.027+0000] {logging_mixin.py:188} INFO - [2026-02-17T23:44:32.027+0000] {dagbag.py:538} INFO - Filling up the DagBag from /opt/airflow/dags/DAG_urbania.py
[2026-02-17T23:44:32.044+0000] {processor.py:840} INFO - DAG(s) 'xml_to_mysql_etl' retrieved from /opt/airflow/dags/DAG_urbania.py
[2026-02-17T23:44:32.086+0000] {logging_mixin.py:188} INFO - [2026-02-17T23:44:32.085+0000] {dag.py:3036} INFO - Sync 1 DAGs
[2026-02-17T23:44:32.103+0000] {logging_mixin.py:188} INFO - [2026-02-17T23:44:32.103+0000] {dag.py:3823} INFO - Setting next_dagrun for xml_to_mysql_etl to 2026-02-16 00:00:00+00:00, run_after=2026-02-17 00:00:00+00:00
[2026-02-17T23:44:32.122+0000] {processor.py:183} INFO - Processing /opt/airflow/dags/DAG_urbania.py took 0.098 seconds
[2026-02-17T23:45:03.896+0000] {processor.py:161} INFO - Started process (PID=421) to work on /opt/airflow/dags/DAG_urbania.py
[2026-02-17T23:45:03.897+0000] {processor.py:830} INFO - Processing file /opt/airflow/dags/DAG_urbania.py for tasks to queue
[2026-02-17T23:45:03.898+0000] {logging_mixin.py:188} INFO - [2026-02-17T23:45:03.897+0000] {dagbag.py:538} INFO - Filling up the DagBag from /opt/airflow/dags/DAG_urbania.py
[2026-02-17T23:45:03.915+0000] {processor.py:840} INFO - DAG(s) 'xml_to_mysql_etl' retrieved from /opt/airflow/dags/DAG_urbania.py
[2026-02-17T23:45:03.957+0000] {logging_mixin.py:188} INFO - [2026-02-17T23:45:03.957+0000] {dag.py:3036} INFO - Sync 1 DAGs
[2026-02-17T23:45:03.975+0000] {logging_mixin.py:188} INFO - [2026-02-17T23:45:03.974+0000] {dag.py:3823} INFO - Setting next_dagrun for xml_to_mysql_etl to 2026-02-16 00:00:00+00:00, run_after=2026-02-17 00:00:00+00:00
[2026-02-17T23:45:03.992+0000] {processor.py:183} INFO - Processing /opt/airflow/dags/DAG_urbania.py took 0.099 seconds
[2026-02-17T23:45:36.844+0000] {processor.py:161} INFO - Started process (PID=426) to work on /opt/airflow/dags/DAG_urbania.py
[2026-02-17T23:45:36.845+0000] {processor.py:830} INFO - Processing file /opt/airflow/dags/DAG_urbania.py for tasks to queue
[2026-02-17T23:45:36.846+0000] {logging_mixin.py:188} INFO - [2026-02-17T23:45:36.845+0000] {dagbag.py:538} INFO - Filling up the DagBag from /opt/airflow/dags/DAG_urbania.py
[2026-02-17T23:45:36.862+0000] {processor.py:840} INFO - DAG(s) 'xml_to_mysql_etl' retrieved from /opt/airflow/dags/DAG_urbania.py
[2026-02-17T23:45:36.903+0000] {logging_mixin.py:188} INFO - [2026-02-17T23:45:36.902+0000] {dag.py:3036} INFO - Sync 1 DAGs
[2026-02-17T23:45:36.919+0000] {logging_mixin.py:188} INFO - [2026-02-17T23:45:36.918+0000] {dag.py:3823} INFO - Setting next_dagrun for xml_to_mysql_etl to 2026-02-16 00:00:00+00:00, run_after=2026-02-17 00:00:00+00:00
[2026-02-17T23:45:36.936+0000] {processor.py:183} INFO - Processing /opt/airflow/dags/DAG_urbania.py took 0.095 seconds
[2026-02-17T23:46:09.715+0000] {processor.py:161} INFO - Started process (PID=431) to work on /opt/airflow/dags/DAG_urbania.py
[2026-02-17T23:46:09.716+0000] {processor.py:830} INFO - Processing file /opt/airflow/dags/DAG_urbania.py for tasks to queue
[2026-02-17T23:46:09.716+0000] {logging_mixin.py:188} INFO - [2026-02-17T23:46:09.716+0000] {dagbag.py:538} INFO - Filling up the DagBag from /opt/airflow/dags/DAG_urbania.py
[2026-02-17T23:46:09.736+0000] {processor.py:840} INFO - DAG(s) 'xml_to_mysql_etl' retrieved from /opt/airflow/dags/DAG_urbania.py
[2026-02-17T23:46:09.777+0000] {logging_mixin.py:188} INFO - [2026-02-17T23:46:09.777+0000] {dag.py:3036} INFO - Sync 1 DAGs
[2026-02-17T23:46:09.794+0000] {logging_mixin.py:188} INFO - [2026-02-17T23:46:09.794+0000] {dag.py:3823} INFO - Setting next_dagrun for xml_to_mysql_etl to 2026-02-16 00:00:00+00:00, run_after=2026-02-17 00:00:00+00:00
[2026-02-17T23:46:09.820+0000] {processor.py:183} INFO - Processing /opt/airflow/dags/DAG_urbania.py took 0.108 seconds
[2026-02-17T23:46:42.666+0000] {processor.py:161} INFO - Started process (PID=436) to work on /opt/airflow/dags/DAG_urbania.py
[2026-02-17T23:46:42.667+0000] {processor.py:830} INFO - Processing file /opt/airflow/dags/DAG_urbania.py for tasks to queue
[2026-02-17T23:46:42.668+0000] {logging_mixin.py:188} INFO - [2026-02-17T23:46:42.668+0000] {dagbag.py:538} INFO - Filling up the DagBag from /opt/airflow/dags/DAG_urbania.py
[2026-02-17T23:46:42.685+0000] {processor.py:840} INFO - DAG(s) 'xml_to_mysql_etl' retrieved from /opt/airflow/dags/DAG_urbania.py
[2026-02-17T23:46:42.728+0000] {logging_mixin.py:188} INFO - [2026-02-17T23:46:42.727+0000] {dag.py:3036} INFO - Sync 1 DAGs
[2026-02-17T23:46:42.745+0000] {logging_mixin.py:188} INFO - [2026-02-17T23:46:42.744+0000] {dag.py:3823} INFO - Setting next_dagrun for xml_to_mysql_etl to 2026-02-16 00:00:00+00:00, run_after=2026-02-17 00:00:00+00:00
[2026-02-17T23:46:42.773+0000] {processor.py:183} INFO - Processing /opt/airflow/dags/DAG_urbania.py took 0.109 seconds
[2026-02-17T23:47:15.538+0000] {processor.py:161} INFO - Started process (PID=441) to work on /opt/airflow/dags/DAG_urbania.py
[2026-02-17T23:47:15.539+0000] {processor.py:830} INFO - Processing file /opt/airflow/dags/DAG_urbania.py for tasks to queue
[2026-02-17T23:47:15.540+0000] {logging_mixin.py:188} INFO - [2026-02-17T23:47:15.540+0000] {dagbag.py:538} INFO - Filling up the DagBag from /opt/airflow/dags/DAG_urbania.py
[2026-02-17T23:47:15.557+0000] {processor.py:840} INFO - DAG(s) 'xml_to_mysql_etl' retrieved from /opt/airflow/dags/DAG_urbania.py
[2026-02-17T23:47:15.600+0000] {logging_mixin.py:188} INFO - [2026-02-17T23:47:15.599+0000] {dag.py:3036} INFO - Sync 1 DAGs
[2026-02-17T23:47:15.617+0000] {logging_mixin.py:188} INFO - [2026-02-17T23:47:15.617+0000] {dag.py:3823} INFO - Setting next_dagrun for xml_to_mysql_etl to 2026-02-16 00:00:00+00:00, run_after=2026-02-17 00:00:00+00:00
[2026-02-17T23:47:15.645+0000] {processor.py:183} INFO - Processing /opt/airflow/dags/DAG_urbania.py took 0.109 seconds
[2026-02-17T23:47:47.508+0000] {processor.py:161} INFO - Started process (PID=446) to work on /opt/airflow/dags/DAG_urbania.py
[2026-02-17T23:47:47.509+0000] {processor.py:830} INFO - Processing file /opt/airflow/dags/DAG_urbania.py for tasks to queue
[2026-02-17T23:47:47.510+0000] {logging_mixin.py:188} INFO - [2026-02-17T23:47:47.509+0000] {dagbag.py:538} INFO - Filling up the DagBag from /opt/airflow/dags/DAG_urbania.py
[2026-02-17T23:47:47.527+0000] {processor.py:840} INFO - DAG(s) 'xml_to_mysql_etl' retrieved from /opt/airflow/dags/DAG_urbania.py
[2026-02-17T23:47:47.569+0000] {logging_mixin.py:188} INFO - [2026-02-17T23:47:47.568+0000] {dag.py:3036} INFO - Sync 1 DAGs
[2026-02-17T23:47:47.588+0000] {logging_mixin.py:188} INFO - [2026-02-17T23:47:47.588+0000] {dag.py:3823} INFO - Setting next_dagrun for xml_to_mysql_etl to 2026-02-16 00:00:00+00:00, run_after=2026-02-17 00:00:00+00:00
[2026-02-17T23:47:47.608+0000] {processor.py:183} INFO - Processing /opt/airflow/dags/DAG_urbania.py took 0.102 seconds
[2026-02-17T23:48:20.374+0000] {processor.py:161} INFO - Started process (PID=451) to work on /opt/airflow/dags/DAG_urbania.py
[2026-02-17T23:48:20.375+0000] {processor.py:830} INFO - Processing file /opt/airflow/dags/DAG_urbania.py for tasks to queue
[2026-02-17T23:48:20.376+0000] {logging_mixin.py:188} INFO - [2026-02-17T23:48:20.376+0000] {dagbag.py:538} INFO - Filling up the DagBag from /opt/airflow/dags/DAG_urbania.py
[2026-02-17T23:48:20.396+0000] {processor.py:840} INFO - DAG(s) 'xml_to_mysql_etl' retrieved from /opt/airflow/dags/DAG_urbania.py
[2026-02-17T23:48:20.445+0000] {logging_mixin.py:188} INFO - [2026-02-17T23:48:20.445+0000] {dag.py:3036} INFO - Sync 1 DAGs
[2026-02-17T23:48:20.464+0000] {logging_mixin.py:188} INFO - [2026-02-17T23:48:20.463+0000] {dag.py:3823} INFO - Setting next_dagrun for xml_to_mysql_etl to 2026-02-16 00:00:00+00:00, run_after=2026-02-17 00:00:00+00:00
[2026-02-17T23:48:20.483+0000] {processor.py:183} INFO - Processing /opt/airflow/dags/DAG_urbania.py took 0.112 seconds
[2026-02-17T23:48:53.329+0000] {processor.py:161} INFO - Started process (PID=456) to work on /opt/airflow/dags/DAG_urbania.py
[2026-02-17T23:48:53.330+0000] {processor.py:830} INFO - Processing file /opt/airflow/dags/DAG_urbania.py for tasks to queue
[2026-02-17T23:48:53.331+0000] {logging_mixin.py:188} INFO - [2026-02-17T23:48:53.331+0000] {dagbag.py:538} INFO - Filling up the DagBag from /opt/airflow/dags/DAG_urbania.py
[2026-02-17T23:48:53.348+0000] {processor.py:840} INFO - DAG(s) 'xml_to_mysql_etl' retrieved from /opt/airflow/dags/DAG_urbania.py
[2026-02-17T23:48:53.390+0000] {logging_mixin.py:188} INFO - [2026-02-17T23:48:53.390+0000] {dag.py:3036} INFO - Sync 1 DAGs
[2026-02-17T23:48:53.408+0000] {logging_mixin.py:188} INFO - [2026-02-17T23:48:53.408+0000] {dag.py:3823} INFO - Setting next_dagrun for xml_to_mysql_etl to 2026-02-16 00:00:00+00:00, run_after=2026-02-17 00:00:00+00:00
[2026-02-17T23:48:53.428+0000] {processor.py:183} INFO - Processing /opt/airflow/dags/DAG_urbania.py took 0.102 seconds
[2026-02-17T23:49:26.207+0000] {processor.py:161} INFO - Started process (PID=461) to work on /opt/airflow/dags/DAG_urbania.py
[2026-02-17T23:49:26.208+0000] {processor.py:830} INFO - Processing file /opt/airflow/dags/DAG_urbania.py for tasks to queue
[2026-02-17T23:49:26.209+0000] {logging_mixin.py:188} INFO - [2026-02-17T23:49:26.209+0000] {dagbag.py:538} INFO - Filling up the DagBag from /opt/airflow/dags/DAG_urbania.py
[2026-02-17T23:49:26.226+0000] {processor.py:840} INFO - DAG(s) 'xml_to_mysql_etl' retrieved from /opt/airflow/dags/DAG_urbania.py
[2026-02-17T23:49:26.271+0000] {logging_mixin.py:188} INFO - [2026-02-17T23:49:26.271+0000] {dag.py:3036} INFO - Sync 1 DAGs
[2026-02-17T23:49:26.290+0000] {logging_mixin.py:188} INFO - [2026-02-17T23:49:26.290+0000] {dag.py:3823} INFO - Setting next_dagrun for xml_to_mysql_etl to 2026-02-16 00:00:00+00:00, run_after=2026-02-17 00:00:00+00:00
[2026-02-17T23:49:26.309+0000] {processor.py:183} INFO - Processing /opt/airflow/dags/DAG_urbania.py took 0.105 seconds
[2026-02-17T23:49:59.154+0000] {processor.py:161} INFO - Started process (PID=466) to work on /opt/airflow/dags/DAG_urbania.py
[2026-02-17T23:49:59.155+0000] {processor.py:830} INFO - Processing file /opt/airflow/dags/DAG_urbania.py for tasks to queue
[2026-02-17T23:49:59.156+0000] {logging_mixin.py:188} INFO - [2026-02-17T23:49:59.156+0000] {dagbag.py:538} INFO - Filling up the DagBag from /opt/airflow/dags/DAG_urbania.py
[2026-02-17T23:49:59.175+0000] {processor.py:840} INFO - DAG(s) 'xml_to_mysql_etl' retrieved from /opt/airflow/dags/DAG_urbania.py
[2026-02-17T23:49:59.220+0000] {logging_mixin.py:188} INFO - [2026-02-17T23:49:59.220+0000] {dag.py:3036} INFO - Sync 1 DAGs
[2026-02-17T23:49:59.239+0000] {logging_mixin.py:188} INFO - [2026-02-17T23:49:59.239+0000] {dag.py:3823} INFO - Setting next_dagrun for xml_to_mysql_etl to 2026-02-16 00:00:00+00:00, run_after=2026-02-17 00:00:00+00:00
[2026-02-17T23:49:59.261+0000] {processor.py:183} INFO - Processing /opt/airflow/dags/DAG_urbania.py took 0.110 seconds
[2026-02-17T23:50:32.041+0000] {processor.py:161} INFO - Started process (PID=471) to work on /opt/airflow/dags/DAG_urbania.py
[2026-02-17T23:50:32.042+0000] {processor.py:830} INFO - Processing file /opt/airflow/dags/DAG_urbania.py for tasks to queue
[2026-02-17T23:50:32.042+0000] {logging_mixin.py:188} INFO - [2026-02-17T23:50:32.042+0000] {dagbag.py:538} INFO - Filling up the DagBag from /opt/airflow/dags/DAG_urbania.py
[2026-02-17T23:50:32.065+0000] {processor.py:840} INFO - DAG(s) 'xml_to_mysql_etl' retrieved from /opt/airflow/dags/DAG_urbania.py
[2026-02-17T23:50:32.112+0000] {logging_mixin.py:188} INFO - [2026-02-17T23:50:32.112+0000] {dag.py:3036} INFO - Sync 1 DAGs
[2026-02-17T23:50:32.132+0000] {logging_mixin.py:188} INFO - [2026-02-17T23:50:32.132+0000] {dag.py:3823} INFO - Setting next_dagrun for xml_to_mysql_etl to 2026-02-16 00:00:00+00:00, run_after=2026-02-17 00:00:00+00:00
[2026-02-17T23:50:32.154+0000] {processor.py:183} INFO - Processing /opt/airflow/dags/DAG_urbania.py took 0.117 seconds
[2026-02-17T23:51:03.981+0000] {processor.py:161} INFO - Started process (PID=476) to work on /opt/airflow/dags/DAG_urbania.py
[2026-02-17T23:51:03.982+0000] {processor.py:830} INFO - Processing file /opt/airflow/dags/DAG_urbania.py for tasks to queue
[2026-02-17T23:51:03.983+0000] {logging_mixin.py:188} INFO - [2026-02-17T23:51:03.983+0000] {dagbag.py:538} INFO - Filling up the DagBag from /opt/airflow/dags/DAG_urbania.py
[2026-02-17T23:51:04.004+0000] {processor.py:840} INFO - DAG(s) 'xml_to_mysql_etl' retrieved from /opt/airflow/dags/DAG_urbania.py
[2026-02-17T23:51:04.050+0000] {logging_mixin.py:188} INFO - [2026-02-17T23:51:04.050+0000] {dag.py:3036} INFO - Sync 1 DAGs
[2026-02-17T23:51:04.069+0000] {logging_mixin.py:188} INFO - [2026-02-17T23:51:04.069+0000] {dag.py:3823} INFO - Setting next_dagrun for xml_to_mysql_etl to 2026-02-16 00:00:00+00:00, run_after=2026-02-17 00:00:00+00:00
[2026-02-17T23:51:04.087+0000] {processor.py:183} INFO - Processing /opt/airflow/dags/DAG_urbania.py took 0.109 seconds
[2026-02-17T23:51:36.877+0000] {processor.py:161} INFO - Started process (PID=481) to work on /opt/airflow/dags/DAG_urbania.py
[2026-02-17T23:51:36.878+0000] {processor.py:830} INFO - Processing file /opt/airflow/dags/DAG_urbania.py for tasks to queue
[2026-02-17T23:51:36.879+0000] {logging_mixin.py:188} INFO - [2026-02-17T23:51:36.878+0000] {dagbag.py:538} INFO - Filling up the DagBag from /opt/airflow/dags/DAG_urbania.py
[2026-02-17T23:51:36.897+0000] {processor.py:840} INFO - DAG(s) 'xml_to_mysql_etl' retrieved from /opt/airflow/dags/DAG_urbania.py
[2026-02-17T23:51:36.943+0000] {logging_mixin.py:188} INFO - [2026-02-17T23:51:36.943+0000] {dag.py:3036} INFO - Sync 1 DAGs
[2026-02-17T23:51:36.963+0000] {logging_mixin.py:188} INFO - [2026-02-17T23:51:36.963+0000] {dag.py:3823} INFO - Setting next_dagrun for xml_to_mysql_etl to 2026-02-16 00:00:00+00:00, run_after=2026-02-17 00:00:00+00:00
[2026-02-17T23:51:36.984+0000] {processor.py:183} INFO - Processing /opt/airflow/dags/DAG_urbania.py took 0.110 seconds
[2026-02-17T23:52:09.874+0000] {processor.py:161} INFO - Started process (PID=486) to work on /opt/airflow/dags/DAG_urbania.py
[2026-02-17T23:52:09.876+0000] {processor.py:830} INFO - Processing file /opt/airflow/dags/DAG_urbania.py for tasks to queue
[2026-02-17T23:52:09.877+0000] {logging_mixin.py:188} INFO - [2026-02-17T23:52:09.876+0000] {dagbag.py:538} INFO - Filling up the DagBag from /opt/airflow/dags/DAG_urbania.py
[2026-02-17T23:52:09.901+0000] {processor.py:840} INFO - DAG(s) 'xml_to_mysql_etl' retrieved from /opt/airflow/dags/DAG_urbania.py
[2026-02-17T23:52:09.956+0000] {logging_mixin.py:188} INFO - [2026-02-17T23:52:09.956+0000] {dag.py:3036} INFO - Sync 1 DAGs
[2026-02-17T23:52:09.978+0000] {logging_mixin.py:188} INFO - [2026-02-17T23:52:09.978+0000] {dag.py:3823} INFO - Setting next_dagrun for xml_to_mysql_etl to 2026-02-16 00:00:00+00:00, run_after=2026-02-17 00:00:00+00:00
[2026-02-17T23:52:10.001+0000] {processor.py:183} INFO - Processing /opt/airflow/dags/DAG_urbania.py took 0.129 seconds
[2026-02-17T23:52:42.740+0000] {processor.py:161} INFO - Started process (PID=491) to work on /opt/airflow/dags/DAG_urbania.py
[2026-02-17T23:52:42.741+0000] {processor.py:830} INFO - Processing file /opt/airflow/dags/DAG_urbania.py for tasks to queue
[2026-02-17T23:52:42.742+0000] {logging_mixin.py:188} INFO - [2026-02-17T23:52:42.742+0000] {dagbag.py:538} INFO - Filling up the DagBag from /opt/airflow/dags/DAG_urbania.py
[2026-02-17T23:52:42.762+0000] {processor.py:840} INFO - DAG(s) 'xml_to_mysql_etl' retrieved from /opt/airflow/dags/DAG_urbania.py
[2026-02-17T23:52:42.821+0000] {logging_mixin.py:188} INFO - [2026-02-17T23:52:42.821+0000] {dag.py:3036} INFO - Sync 1 DAGs
[2026-02-17T23:52:42.854+0000] {logging_mixin.py:188} INFO - [2026-02-17T23:52:42.854+0000] {dag.py:3823} INFO - Setting next_dagrun for xml_to_mysql_etl to 2026-02-16 00:00:00+00:00, run_after=2026-02-17 00:00:00+00:00
[2026-02-17T23:52:42.884+0000] {processor.py:183} INFO - Processing /opt/airflow/dags/DAG_urbania.py took 0.147 seconds
[2026-02-17T23:53:15.733+0000] {processor.py:161} INFO - Started process (PID=496) to work on /opt/airflow/dags/DAG_urbania.py
[2026-02-17T23:53:15.734+0000] {processor.py:830} INFO - Processing file /opt/airflow/dags/DAG_urbania.py for tasks to queue
[2026-02-17T23:53:15.735+0000] {logging_mixin.py:188} INFO - [2026-02-17T23:53:15.734+0000] {dagbag.py:538} INFO - Filling up the DagBag from /opt/airflow/dags/DAG_urbania.py
[2026-02-17T23:53:15.752+0000] {processor.py:840} INFO - DAG(s) 'xml_to_mysql_etl' retrieved from /opt/airflow/dags/DAG_urbania.py
[2026-02-17T23:53:15.794+0000] {logging_mixin.py:188} INFO - [2026-02-17T23:53:15.794+0000] {dag.py:3036} INFO - Sync 1 DAGs
[2026-02-17T23:53:15.812+0000] {logging_mixin.py:188} INFO - [2026-02-17T23:53:15.812+0000] {dag.py:3823} INFO - Setting next_dagrun for xml_to_mysql_etl to 2026-02-16 00:00:00+00:00, run_after=2026-02-17 00:00:00+00:00
[2026-02-17T23:53:15.841+0000] {processor.py:183} INFO - Processing /opt/airflow/dags/DAG_urbania.py took 0.110 seconds
[2026-02-17T23:53:47.600+0000] {processor.py:161} INFO - Started process (PID=501) to work on /opt/airflow/dags/DAG_urbania.py
[2026-02-17T23:53:47.601+0000] {processor.py:830} INFO - Processing file /opt/airflow/dags/DAG_urbania.py for tasks to queue
[2026-02-17T23:53:47.601+0000] {logging_mixin.py:188} INFO - [2026-02-17T23:53:47.601+0000] {dagbag.py:538} INFO - Filling up the DagBag from /opt/airflow/dags/DAG_urbania.py
[2026-02-17T23:53:47.620+0000] {processor.py:840} INFO - DAG(s) 'xml_to_mysql_etl' retrieved from /opt/airflow/dags/DAG_urbania.py
[2026-02-17T23:53:47.663+0000] {logging_mixin.py:188} INFO - [2026-02-17T23:53:47.663+0000] {dag.py:3036} INFO - Sync 1 DAGs
[2026-02-17T23:53:47.681+0000] {logging_mixin.py:188} INFO - [2026-02-17T23:53:47.681+0000] {dag.py:3823} INFO - Setting next_dagrun for xml_to_mysql_etl to 2026-02-16 00:00:00+00:00, run_after=2026-02-17 00:00:00+00:00
[2026-02-17T23:53:47.707+0000] {processor.py:183} INFO - Processing /opt/airflow/dags/DAG_urbania.py took 0.110 seconds
[2026-02-17T23:54:20.551+0000] {processor.py:161} INFO - Started process (PID=506) to work on /opt/airflow/dags/DAG_urbania.py
[2026-02-17T23:54:20.552+0000] {processor.py:830} INFO - Processing file /opt/airflow/dags/DAG_urbania.py for tasks to queue
[2026-02-17T23:54:20.553+0000] {logging_mixin.py:188} INFO - [2026-02-17T23:54:20.553+0000] {dagbag.py:538} INFO - Filling up the DagBag from /opt/airflow/dags/DAG_urbania.py
[2026-02-17T23:54:20.576+0000] {processor.py:840} INFO - DAG(s) 'xml_to_mysql_etl' retrieved from /opt/airflow/dags/DAG_urbania.py
[2026-02-17T23:54:20.626+0000] {logging_mixin.py:188} INFO - [2026-02-17T23:54:20.626+0000] {dag.py:3036} INFO - Sync 1 DAGs
[2026-02-17T23:54:20.643+0000] {logging_mixin.py:188} INFO - [2026-02-17T23:54:20.643+0000] {dag.py:3823} INFO - Setting next_dagrun for xml_to_mysql_etl to 2026-02-16 00:00:00+00:00, run_after=2026-02-17 00:00:00+00:00
[2026-02-17T23:54:20.670+0000] {processor.py:183} INFO - Processing /opt/airflow/dags/DAG_urbania.py took 0.121 seconds
[2026-02-17T23:54:53.424+0000] {processor.py:161} INFO - Started process (PID=511) to work on /opt/airflow/dags/DAG_urbania.py
[2026-02-17T23:54:53.425+0000] {processor.py:830} INFO - Processing file /opt/airflow/dags/DAG_urbania.py for tasks to queue
[2026-02-17T23:54:53.425+0000] {logging_mixin.py:188} INFO - [2026-02-17T23:54:53.425+0000] {dagbag.py:538} INFO - Filling up the DagBag from /opt/airflow/dags/DAG_urbania.py
[2026-02-17T23:54:53.444+0000] {processor.py:840} INFO - DAG(s) 'xml_to_mysql_etl' retrieved from /opt/airflow/dags/DAG_urbania.py
[2026-02-17T23:54:53.488+0000] {logging_mixin.py:188} INFO - [2026-02-17T23:54:53.487+0000] {dag.py:3036} INFO - Sync 1 DAGs
[2026-02-17T23:54:53.504+0000] {logging_mixin.py:188} INFO - [2026-02-17T23:54:53.504+0000] {dag.py:3823} INFO - Setting next_dagrun for xml_to_mysql_etl to 2026-02-16 00:00:00+00:00, run_after=2026-02-17 00:00:00+00:00
[2026-02-17T23:54:53.522+0000] {processor.py:183} INFO - Processing /opt/airflow/dags/DAG_urbania.py took 0.101 seconds
[2026-02-17T23:55:26.397+0000] {processor.py:161} INFO - Started process (PID=516) to work on /opt/airflow/dags/DAG_urbania.py
[2026-02-17T23:55:26.398+0000] {processor.py:830} INFO - Processing file /opt/airflow/dags/DAG_urbania.py for tasks to queue
[2026-02-17T23:55:26.399+0000] {logging_mixin.py:188} INFO - [2026-02-17T23:55:26.398+0000] {dagbag.py:538} INFO - Filling up the DagBag from /opt/airflow/dags/DAG_urbania.py
[2026-02-17T23:55:26.418+0000] {processor.py:840} INFO - DAG(s) 'xml_to_mysql_etl' retrieved from /opt/airflow/dags/DAG_urbania.py
[2026-02-17T23:55:26.460+0000] {logging_mixin.py:188} INFO - [2026-02-17T23:55:26.460+0000] {dag.py:3036} INFO - Sync 1 DAGs
[2026-02-17T23:55:26.478+0000] {logging_mixin.py:188} INFO - [2026-02-17T23:55:26.477+0000] {dag.py:3823} INFO - Setting next_dagrun for xml_to_mysql_etl to 2026-02-16 00:00:00+00:00, run_after=2026-02-17 00:00:00+00:00
[2026-02-17T23:55:26.496+0000] {processor.py:183} INFO - Processing /opt/airflow/dags/DAG_urbania.py took 0.103 seconds
[2026-02-17T23:55:59.260+0000] {processor.py:161} INFO - Started process (PID=521) to work on /opt/airflow/dags/DAG_urbania.py
[2026-02-17T23:55:59.261+0000] {processor.py:830} INFO - Processing file /opt/airflow/dags/DAG_urbania.py for tasks to queue
[2026-02-17T23:55:59.262+0000] {logging_mixin.py:188} INFO - [2026-02-17T23:55:59.261+0000] {dagbag.py:538} INFO - Filling up the DagBag from /opt/airflow/dags/DAG_urbania.py
[2026-02-17T23:55:59.281+0000] {processor.py:840} INFO - DAG(s) 'xml_to_mysql_etl' retrieved from /opt/airflow/dags/DAG_urbania.py
[2026-02-17T23:55:59.326+0000] {logging_mixin.py:188} INFO - [2026-02-17T23:55:59.325+0000] {dag.py:3036} INFO - Sync 1 DAGs
[2026-02-17T23:55:59.348+0000] {logging_mixin.py:188} INFO - [2026-02-17T23:55:59.348+0000] {dag.py:3823} INFO - Setting next_dagrun for xml_to_mysql_etl to 2026-02-16 00:00:00+00:00, run_after=2026-02-17 00:00:00+00:00
[2026-02-17T23:55:59.370+0000] {processor.py:183} INFO - Processing /opt/airflow/dags/DAG_urbania.py took 0.113 seconds
[2026-02-17T23:56:31.212+0000] {processor.py:161} INFO - Started process (PID=526) to work on /opt/airflow/dags/DAG_urbania.py
[2026-02-17T23:56:31.213+0000] {processor.py:830} INFO - Processing file /opt/airflow/dags/DAG_urbania.py for tasks to queue
[2026-02-17T23:56:31.214+0000] {logging_mixin.py:188} INFO - [2026-02-17T23:56:31.214+0000] {dagbag.py:538} INFO - Filling up the DagBag from /opt/airflow/dags/DAG_urbania.py
[2026-02-17T23:56:31.233+0000] {processor.py:840} INFO - DAG(s) 'xml_to_mysql_etl' retrieved from /opt/airflow/dags/DAG_urbania.py
[2026-02-17T23:56:31.277+0000] {logging_mixin.py:188} INFO - [2026-02-17T23:56:31.277+0000] {dag.py:3036} INFO - Sync 1 DAGs
[2026-02-17T23:56:31.294+0000] {logging_mixin.py:188} INFO - [2026-02-17T23:56:31.294+0000] {dag.py:3823} INFO - Setting next_dagrun for xml_to_mysql_etl to 2026-02-16 00:00:00+00:00, run_after=2026-02-17 00:00:00+00:00
[2026-02-17T23:56:31.314+0000] {processor.py:183} INFO - Processing /opt/airflow/dags/DAG_urbania.py took 0.104 seconds
[2026-02-17T23:57:04.105+0000] {processor.py:161} INFO - Started process (PID=531) to work on /opt/airflow/dags/DAG_urbania.py
[2026-02-17T23:57:04.106+0000] {processor.py:830} INFO - Processing file /opt/airflow/dags/DAG_urbania.py for tasks to queue
[2026-02-17T23:57:04.107+0000] {logging_mixin.py:188} INFO - [2026-02-17T23:57:04.106+0000] {dagbag.py:538} INFO - Filling up the DagBag from /opt/airflow/dags/DAG_urbania.py
[2026-02-17T23:57:04.126+0000] {processor.py:840} INFO - DAG(s) 'xml_to_mysql_etl' retrieved from /opt/airflow/dags/DAG_urbania.py
[2026-02-17T23:57:04.170+0000] {logging_mixin.py:188} INFO - [2026-02-17T23:57:04.170+0000] {dag.py:3036} INFO - Sync 1 DAGs
[2026-02-17T23:57:04.187+0000] {logging_mixin.py:188} INFO - [2026-02-17T23:57:04.187+0000] {dag.py:3823} INFO - Setting next_dagrun for xml_to_mysql_etl to 2026-02-16 00:00:00+00:00, run_after=2026-02-17 00:00:00+00:00
[2026-02-17T23:57:04.205+0000] {processor.py:183} INFO - Processing /opt/airflow/dags/DAG_urbania.py took 0.103 seconds
[2026-02-17T23:57:37.022+0000] {processor.py:161} INFO - Started process (PID=536) to work on /opt/airflow/dags/DAG_urbania.py
[2026-02-17T23:57:37.023+0000] {processor.py:830} INFO - Processing file /opt/airflow/dags/DAG_urbania.py for tasks to queue
[2026-02-17T23:57:37.024+0000] {logging_mixin.py:188} INFO - [2026-02-17T23:57:37.024+0000] {dagbag.py:538} INFO - Filling up the DagBag from /opt/airflow/dags/DAG_urbania.py
[2026-02-17T23:57:37.042+0000] {processor.py:840} INFO - DAG(s) 'xml_to_mysql_etl' retrieved from /opt/airflow/dags/DAG_urbania.py
[2026-02-17T23:57:37.085+0000] {logging_mixin.py:188} INFO - [2026-02-17T23:57:37.085+0000] {dag.py:3036} INFO - Sync 1 DAGs
[2026-02-17T23:57:37.102+0000] {logging_mixin.py:188} INFO - [2026-02-17T23:57:37.102+0000] {dag.py:3823} INFO - Setting next_dagrun for xml_to_mysql_etl to 2026-02-16 00:00:00+00:00, run_after=2026-02-17 00:00:00+00:00
[2026-02-17T23:57:37.120+0000] {processor.py:183} INFO - Processing /opt/airflow/dags/DAG_urbania.py took 0.101 seconds
[2026-02-17T23:58:09.939+0000] {processor.py:161} INFO - Started process (PID=541) to work on /opt/airflow/dags/DAG_urbania.py
[2026-02-17T23:58:09.940+0000] {processor.py:830} INFO - Processing file /opt/airflow/dags/DAG_urbania.py for tasks to queue
[2026-02-17T23:58:09.941+0000] {logging_mixin.py:188} INFO - [2026-02-17T23:58:09.941+0000] {dagbag.py:538} INFO - Filling up the DagBag from /opt/airflow/dags/DAG_urbania.py
[2026-02-17T23:58:09.961+0000] {processor.py:840} INFO - DAG(s) 'xml_to_mysql_etl' retrieved from /opt/airflow/dags/DAG_urbania.py
[2026-02-17T23:58:10.006+0000] {logging_mixin.py:188} INFO - [2026-02-17T23:58:10.006+0000] {dag.py:3036} INFO - Sync 1 DAGs
[2026-02-17T23:58:10.024+0000] {logging_mixin.py:188} INFO - [2026-02-17T23:58:10.024+0000] {dag.py:3823} INFO - Setting next_dagrun for xml_to_mysql_etl to 2026-02-16 00:00:00+00:00, run_after=2026-02-17 00:00:00+00:00
[2026-02-17T23:58:10.043+0000] {processor.py:183} INFO - Processing /opt/airflow/dags/DAG_urbania.py took 0.107 seconds
[2026-02-17T23:58:42.855+0000] {processor.py:161} INFO - Started process (PID=546) to work on /opt/airflow/dags/DAG_urbania.py
[2026-02-17T23:58:42.856+0000] {processor.py:830} INFO - Processing file /opt/airflow/dags/DAG_urbania.py for tasks to queue
[2026-02-17T23:58:42.857+0000] {logging_mixin.py:188} INFO - [2026-02-17T23:58:42.856+0000] {dagbag.py:538} INFO - Filling up the DagBag from /opt/airflow/dags/DAG_urbania.py
[2026-02-17T23:58:42.874+0000] {processor.py:840} INFO - DAG(s) 'xml_to_mysql_etl' retrieved from /opt/airflow/dags/DAG_urbania.py
[2026-02-17T23:58:42.914+0000] {logging_mixin.py:188} INFO - [2026-02-17T23:58:42.913+0000] {dag.py:3036} INFO - Sync 1 DAGs
[2026-02-17T23:58:42.928+0000] {logging_mixin.py:188} INFO - [2026-02-17T23:58:42.928+0000] {dag.py:3823} INFO - Setting next_dagrun for xml_to_mysql_etl to 2026-02-16 00:00:00+00:00, run_after=2026-02-17 00:00:00+00:00
[2026-02-17T23:58:42.945+0000] {processor.py:183} INFO - Processing /opt/airflow/dags/DAG_urbania.py took 0.093 seconds
[2026-02-17T23:59:15.758+0000] {processor.py:161} INFO - Started process (PID=551) to work on /opt/airflow/dags/DAG_urbania.py
[2026-02-17T23:59:15.759+0000] {processor.py:830} INFO - Processing file /opt/airflow/dags/DAG_urbania.py for tasks to queue
[2026-02-17T23:59:15.760+0000] {logging_mixin.py:188} INFO - [2026-02-17T23:59:15.759+0000] {dagbag.py:538} INFO - Filling up the DagBag from /opt/airflow/dags/DAG_urbania.py
[2026-02-17T23:59:15.777+0000] {processor.py:840} INFO - DAG(s) 'xml_to_mysql_etl' retrieved from /opt/airflow/dags/DAG_urbania.py
[2026-02-17T23:59:15.815+0000] {logging_mixin.py:188} INFO - [2026-02-17T23:59:15.815+0000] {dag.py:3036} INFO - Sync 1 DAGs
[2026-02-17T23:59:15.829+0000] {logging_mixin.py:188} INFO - [2026-02-17T23:59:15.829+0000] {dag.py:3823} INFO - Setting next_dagrun for xml_to_mysql_etl to 2026-02-16 00:00:00+00:00, run_after=2026-02-17 00:00:00+00:00
[2026-02-17T23:59:15.847+0000] {processor.py:183} INFO - Processing /opt/airflow/dags/DAG_urbania.py took 0.092 seconds
[2026-02-17T23:59:47.659+0000] {processor.py:161} INFO - Started process (PID=556) to work on /opt/airflow/dags/DAG_urbania.py
[2026-02-17T23:59:47.660+0000] {processor.py:830} INFO - Processing file /opt/airflow/dags/DAG_urbania.py for tasks to queue
[2026-02-17T23:59:47.661+0000] {logging_mixin.py:188} INFO - [2026-02-17T23:59:47.660+0000] {dagbag.py:538} INFO - Filling up the DagBag from /opt/airflow/dags/DAG_urbania.py
[2026-02-17T23:59:47.677+0000] {processor.py:840} INFO - DAG(s) 'xml_to_mysql_etl' retrieved from /opt/airflow/dags/DAG_urbania.py
[2026-02-17T23:59:47.715+0000] {logging_mixin.py:188} INFO - [2026-02-17T23:59:47.714+0000] {dag.py:3036} INFO - Sync 1 DAGs
[2026-02-17T23:59:47.730+0000] {logging_mixin.py:188} INFO - [2026-02-17T23:59:47.730+0000] {dag.py:3823} INFO - Setting next_dagrun for xml_to_mysql_etl to 2026-02-16 00:00:00+00:00, run_after=2026-02-17 00:00:00+00:00
[2026-02-17T23:59:47.748+0000] {processor.py:183} INFO - Processing /opt/airflow/dags/DAG_urbania.py took 0.092 seconds
