[2026-02-18T00:00:20.569+0000] {processor.py:161} INFO - Started process (PID=561) to work on /opt/airflow/dags/DAG_urbania.py
[2026-02-18T00:00:20.570+0000] {processor.py:830} INFO - Processing file /opt/airflow/dags/DAG_urbania.py for tasks to queue
[2026-02-18T00:00:20.571+0000] {logging_mixin.py:188} INFO - [2026-02-18T00:00:20.571+0000] {dagbag.py:538} INFO - Filling up the DagBag from /opt/airflow/dags/DAG_urbania.py
[2026-02-18T00:00:20.588+0000] {processor.py:840} INFO - DAG(s) 'xml_to_mysql_etl' retrieved from /opt/airflow/dags/DAG_urbania.py
[2026-02-18T00:00:20.629+0000] {logging_mixin.py:188} INFO - [2026-02-18T00:00:20.629+0000] {dag.py:3036} INFO - Sync 1 DAGs
[2026-02-18T00:00:20.645+0000] {logging_mixin.py:188} INFO - [2026-02-18T00:00:20.645+0000] {dag.py:3823} INFO - Setting next_dagrun for xml_to_mysql_etl to 2026-02-17 00:00:00+00:00, run_after=2026-02-18 00:00:00+00:00
[2026-02-18T00:00:20.665+0000] {processor.py:183} INFO - Processing /opt/airflow/dags/DAG_urbania.py took 0.098 seconds
[2026-02-18T00:00:53.465+0000] {processor.py:161} INFO - Started process (PID=566) to work on /opt/airflow/dags/DAG_urbania.py
[2026-02-18T00:00:53.466+0000] {processor.py:830} INFO - Processing file /opt/airflow/dags/DAG_urbania.py for tasks to queue
[2026-02-18T00:00:53.467+0000] {logging_mixin.py:188} INFO - [2026-02-18T00:00:53.467+0000] {dagbag.py:538} INFO - Filling up the DagBag from /opt/airflow/dags/DAG_urbania.py
[2026-02-18T00:00:53.484+0000] {processor.py:840} INFO - DAG(s) 'xml_to_mysql_etl' retrieved from /opt/airflow/dags/DAG_urbania.py
[2026-02-18T00:00:53.523+0000] {logging_mixin.py:188} INFO - [2026-02-18T00:00:53.523+0000] {dag.py:3036} INFO - Sync 1 DAGs
[2026-02-18T00:00:53.539+0000] {logging_mixin.py:188} INFO - [2026-02-18T00:00:53.539+0000] {dag.py:3823} INFO - Setting next_dagrun for xml_to_mysql_etl to 2026-02-17 00:00:00+00:00, run_after=2026-02-18 00:00:00+00:00
[2026-02-18T00:00:53.557+0000] {processor.py:183} INFO - Processing /opt/airflow/dags/DAG_urbania.py took 0.095 seconds
[2026-02-18T00:01:26.378+0000] {processor.py:161} INFO - Started process (PID=571) to work on /opt/airflow/dags/DAG_urbania.py
[2026-02-18T00:01:26.379+0000] {processor.py:830} INFO - Processing file /opt/airflow/dags/DAG_urbania.py for tasks to queue
[2026-02-18T00:01:26.380+0000] {logging_mixin.py:188} INFO - [2026-02-18T00:01:26.379+0000] {dagbag.py:538} INFO - Filling up the DagBag from /opt/airflow/dags/DAG_urbania.py
[2026-02-18T00:01:26.397+0000] {processor.py:840} INFO - DAG(s) 'xml_to_mysql_etl' retrieved from /opt/airflow/dags/DAG_urbania.py
[2026-02-18T00:01:26.437+0000] {logging_mixin.py:188} INFO - [2026-02-18T00:01:26.437+0000] {dag.py:3036} INFO - Sync 1 DAGs
[2026-02-18T00:01:26.454+0000] {logging_mixin.py:188} INFO - [2026-02-18T00:01:26.453+0000] {dag.py:3823} INFO - Setting next_dagrun for xml_to_mysql_etl to 2026-02-17 00:00:00+00:00, run_after=2026-02-18 00:00:00+00:00
[2026-02-18T00:01:26.472+0000] {processor.py:183} INFO - Processing /opt/airflow/dags/DAG_urbania.py took 0.097 seconds
[2026-02-18T00:01:59.294+0000] {processor.py:161} INFO - Started process (PID=576) to work on /opt/airflow/dags/DAG_urbania.py
[2026-02-18T00:01:59.294+0000] {processor.py:830} INFO - Processing file /opt/airflow/dags/DAG_urbania.py for tasks to queue
[2026-02-18T00:01:59.295+0000] {logging_mixin.py:188} INFO - [2026-02-18T00:01:59.295+0000] {dagbag.py:538} INFO - Filling up the DagBag from /opt/airflow/dags/DAG_urbania.py
[2026-02-18T00:01:59.314+0000] {processor.py:840} INFO - DAG(s) 'xml_to_mysql_etl' retrieved from /opt/airflow/dags/DAG_urbania.py
[2026-02-18T00:01:59.356+0000] {logging_mixin.py:188} INFO - [2026-02-18T00:01:59.356+0000] {dag.py:3036} INFO - Sync 1 DAGs
[2026-02-18T00:01:59.373+0000] {logging_mixin.py:188} INFO - [2026-02-18T00:01:59.373+0000] {dag.py:3823} INFO - Setting next_dagrun for xml_to_mysql_etl to 2026-02-17 00:00:00+00:00, run_after=2026-02-18 00:00:00+00:00
[2026-02-18T00:01:59.400+0000] {processor.py:183} INFO - Processing /opt/airflow/dags/DAG_urbania.py took 0.109 seconds
[2026-02-18T00:02:31.263+0000] {processor.py:161} INFO - Started process (PID=581) to work on /opt/airflow/dags/DAG_urbania.py
[2026-02-18T00:02:31.263+0000] {processor.py:830} INFO - Processing file /opt/airflow/dags/DAG_urbania.py for tasks to queue
[2026-02-18T00:02:31.264+0000] {logging_mixin.py:188} INFO - [2026-02-18T00:02:31.264+0000] {dagbag.py:538} INFO - Filling up the DagBag from /opt/airflow/dags/DAG_urbania.py
[2026-02-18T00:02:31.281+0000] {processor.py:840} INFO - DAG(s) 'xml_to_mysql_etl' retrieved from /opt/airflow/dags/DAG_urbania.py
[2026-02-18T00:02:31.321+0000] {logging_mixin.py:188} INFO - [2026-02-18T00:02:31.321+0000] {dag.py:3036} INFO - Sync 1 DAGs
[2026-02-18T00:02:31.337+0000] {logging_mixin.py:188} INFO - [2026-02-18T00:02:31.337+0000] {dag.py:3823} INFO - Setting next_dagrun for xml_to_mysql_etl to 2026-02-17 00:00:00+00:00, run_after=2026-02-18 00:00:00+00:00
[2026-02-18T00:02:31.363+0000] {processor.py:183} INFO - Processing /opt/airflow/dags/DAG_urbania.py took 0.104 seconds
[2026-02-18T00:03:04.126+0000] {processor.py:161} INFO - Started process (PID=586) to work on /opt/airflow/dags/DAG_urbania.py
[2026-02-18T00:03:04.127+0000] {processor.py:830} INFO - Processing file /opt/airflow/dags/DAG_urbania.py for tasks to queue
[2026-02-18T00:03:04.127+0000] {logging_mixin.py:188} INFO - [2026-02-18T00:03:04.127+0000] {dagbag.py:538} INFO - Filling up the DagBag from /opt/airflow/dags/DAG_urbania.py
[2026-02-18T00:03:04.146+0000] {processor.py:840} INFO - DAG(s) 'xml_to_mysql_etl' retrieved from /opt/airflow/dags/DAG_urbania.py
[2026-02-18T00:03:04.189+0000] {logging_mixin.py:188} INFO - [2026-02-18T00:03:04.188+0000] {dag.py:3036} INFO - Sync 1 DAGs
[2026-02-18T00:03:04.205+0000] {logging_mixin.py:188} INFO - [2026-02-18T00:03:04.205+0000] {dag.py:3823} INFO - Setting next_dagrun for xml_to_mysql_etl to 2026-02-17 00:00:00+00:00, run_after=2026-02-18 00:00:00+00:00
[2026-02-18T00:03:04.223+0000] {processor.py:183} INFO - Processing /opt/airflow/dags/DAG_urbania.py took 0.100 seconds
[2026-02-18T00:03:37.087+0000] {processor.py:161} INFO - Started process (PID=591) to work on /opt/airflow/dags/DAG_urbania.py
[2026-02-18T00:03:37.088+0000] {processor.py:830} INFO - Processing file /opt/airflow/dags/DAG_urbania.py for tasks to queue
[2026-02-18T00:03:37.089+0000] {logging_mixin.py:188} INFO - [2026-02-18T00:03:37.088+0000] {dagbag.py:538} INFO - Filling up the DagBag from /opt/airflow/dags/DAG_urbania.py
[2026-02-18T00:03:37.105+0000] {processor.py:840} INFO - DAG(s) 'xml_to_mysql_etl' retrieved from /opt/airflow/dags/DAG_urbania.py
[2026-02-18T00:03:37.145+0000] {logging_mixin.py:188} INFO - [2026-02-18T00:03:37.145+0000] {dag.py:3036} INFO - Sync 1 DAGs
[2026-02-18T00:03:37.161+0000] {logging_mixin.py:188} INFO - [2026-02-18T00:03:37.161+0000] {dag.py:3823} INFO - Setting next_dagrun for xml_to_mysql_etl to 2026-02-17 00:00:00+00:00, run_after=2026-02-18 00:00:00+00:00
[2026-02-18T00:03:37.180+0000] {processor.py:183} INFO - Processing /opt/airflow/dags/DAG_urbania.py took 0.096 seconds
[2026-02-18T00:04:09.955+0000] {processor.py:161} INFO - Started process (PID=596) to work on /opt/airflow/dags/DAG_urbania.py
[2026-02-18T00:04:09.956+0000] {processor.py:830} INFO - Processing file /opt/airflow/dags/DAG_urbania.py for tasks to queue
[2026-02-18T00:04:09.956+0000] {logging_mixin.py:188} INFO - [2026-02-18T00:04:09.956+0000] {dagbag.py:538} INFO - Filling up the DagBag from /opt/airflow/dags/DAG_urbania.py
[2026-02-18T00:04:09.975+0000] {processor.py:840} INFO - DAG(s) 'xml_to_mysql_etl' retrieved from /opt/airflow/dags/DAG_urbania.py
[2026-02-18T00:04:10.022+0000] {logging_mixin.py:188} INFO - [2026-02-18T00:04:10.021+0000] {dag.py:3036} INFO - Sync 1 DAGs
[2026-02-18T00:04:10.040+0000] {logging_mixin.py:188} INFO - [2026-02-18T00:04:10.040+0000] {dag.py:3823} INFO - Setting next_dagrun for xml_to_mysql_etl to 2026-02-17 00:00:00+00:00, run_after=2026-02-18 00:00:00+00:00
[2026-02-18T00:04:10.060+0000] {processor.py:183} INFO - Processing /opt/airflow/dags/DAG_urbania.py took 0.108 seconds
[2026-02-18T00:04:42.897+0000] {processor.py:161} INFO - Started process (PID=601) to work on /opt/airflow/dags/DAG_urbania.py
[2026-02-18T00:04:42.898+0000] {processor.py:830} INFO - Processing file /opt/airflow/dags/DAG_urbania.py for tasks to queue
[2026-02-18T00:04:42.899+0000] {logging_mixin.py:188} INFO - [2026-02-18T00:04:42.898+0000] {dagbag.py:538} INFO - Filling up the DagBag from /opt/airflow/dags/DAG_urbania.py
[2026-02-18T00:04:42.917+0000] {processor.py:840} INFO - DAG(s) 'xml_to_mysql_etl' retrieved from /opt/airflow/dags/DAG_urbania.py
[2026-02-18T00:04:42.959+0000] {logging_mixin.py:188} INFO - [2026-02-18T00:04:42.959+0000] {dag.py:3036} INFO - Sync 1 DAGs
[2026-02-18T00:04:42.976+0000] {logging_mixin.py:188} INFO - [2026-02-18T00:04:42.975+0000] {dag.py:3823} INFO - Setting next_dagrun for xml_to_mysql_etl to 2026-02-17 00:00:00+00:00, run_after=2026-02-18 00:00:00+00:00
[2026-02-18T00:04:43.001+0000] {processor.py:183} INFO - Processing /opt/airflow/dags/DAG_urbania.py took 0.107 seconds
[2026-02-18T00:05:15.778+0000] {processor.py:161} INFO - Started process (PID=606) to work on /opt/airflow/dags/DAG_urbania.py
[2026-02-18T00:05:15.779+0000] {processor.py:830} INFO - Processing file /opt/airflow/dags/DAG_urbania.py for tasks to queue
[2026-02-18T00:05:15.780+0000] {logging_mixin.py:188} INFO - [2026-02-18T00:05:15.780+0000] {dagbag.py:538} INFO - Filling up the DagBag from /opt/airflow/dags/DAG_urbania.py
[2026-02-18T00:05:15.797+0000] {processor.py:840} INFO - DAG(s) 'xml_to_mysql_etl' retrieved from /opt/airflow/dags/DAG_urbania.py
[2026-02-18T00:05:15.840+0000] {logging_mixin.py:188} INFO - [2026-02-18T00:05:15.840+0000] {dag.py:3036} INFO - Sync 1 DAGs
[2026-02-18T00:05:15.857+0000] {logging_mixin.py:188} INFO - [2026-02-18T00:05:15.857+0000] {dag.py:3823} INFO - Setting next_dagrun for xml_to_mysql_etl to 2026-02-17 00:00:00+00:00, run_after=2026-02-18 00:00:00+00:00
[2026-02-18T00:05:15.882+0000] {processor.py:183} INFO - Processing /opt/airflow/dags/DAG_urbania.py took 0.107 seconds
[2026-02-18T00:05:47.721+0000] {processor.py:161} INFO - Started process (PID=611) to work on /opt/airflow/dags/DAG_urbania.py
[2026-02-18T00:05:47.722+0000] {processor.py:830} INFO - Processing file /opt/airflow/dags/DAG_urbania.py for tasks to queue
[2026-02-18T00:05:47.723+0000] {logging_mixin.py:188} INFO - [2026-02-18T00:05:47.723+0000] {dagbag.py:538} INFO - Filling up the DagBag from /opt/airflow/dags/DAG_urbania.py
[2026-02-18T00:05:47.741+0000] {processor.py:840} INFO - DAG(s) 'xml_to_mysql_etl' retrieved from /opt/airflow/dags/DAG_urbania.py
[2026-02-18T00:05:47.782+0000] {logging_mixin.py:188} INFO - [2026-02-18T00:05:47.782+0000] {dag.py:3036} INFO - Sync 1 DAGs
[2026-02-18T00:05:47.799+0000] {logging_mixin.py:188} INFO - [2026-02-18T00:05:47.799+0000] {dag.py:3823} INFO - Setting next_dagrun for xml_to_mysql_etl to 2026-02-17 00:00:00+00:00, run_after=2026-02-18 00:00:00+00:00
[2026-02-18T00:05:47.817+0000] {processor.py:183} INFO - Processing /opt/airflow/dags/DAG_urbania.py took 0.098 seconds
[2026-02-18T00:06:20.601+0000] {processor.py:161} INFO - Started process (PID=616) to work on /opt/airflow/dags/DAG_urbania.py
[2026-02-18T00:06:20.602+0000] {processor.py:830} INFO - Processing file /opt/airflow/dags/DAG_urbania.py for tasks to queue
[2026-02-18T00:06:20.603+0000] {logging_mixin.py:188} INFO - [2026-02-18T00:06:20.603+0000] {dagbag.py:538} INFO - Filling up the DagBag from /opt/airflow/dags/DAG_urbania.py
[2026-02-18T00:06:20.621+0000] {processor.py:840} INFO - DAG(s) 'xml_to_mysql_etl' retrieved from /opt/airflow/dags/DAG_urbania.py
[2026-02-18T00:06:20.664+0000] {logging_mixin.py:188} INFO - [2026-02-18T00:06:20.664+0000] {dag.py:3036} INFO - Sync 1 DAGs
[2026-02-18T00:06:20.681+0000] {logging_mixin.py:188} INFO - [2026-02-18T00:06:20.681+0000] {dag.py:3823} INFO - Setting next_dagrun for xml_to_mysql_etl to 2026-02-17 00:00:00+00:00, run_after=2026-02-18 00:00:00+00:00
[2026-02-18T00:06:20.707+0000] {processor.py:183} INFO - Processing /opt/airflow/dags/DAG_urbania.py took 0.109 seconds
[2026-02-18T00:06:53.545+0000] {processor.py:161} INFO - Started process (PID=621) to work on /opt/airflow/dags/DAG_urbania.py
[2026-02-18T00:06:53.546+0000] {processor.py:830} INFO - Processing file /opt/airflow/dags/DAG_urbania.py for tasks to queue
[2026-02-18T00:06:53.547+0000] {logging_mixin.py:188} INFO - [2026-02-18T00:06:53.547+0000] {dagbag.py:538} INFO - Filling up the DagBag from /opt/airflow/dags/DAG_urbania.py
[2026-02-18T00:06:53.566+0000] {processor.py:840} INFO - DAG(s) 'xml_to_mysql_etl' retrieved from /opt/airflow/dags/DAG_urbania.py
[2026-02-18T00:06:53.608+0000] {logging_mixin.py:188} INFO - [2026-02-18T00:06:53.608+0000] {dag.py:3036} INFO - Sync 1 DAGs
[2026-02-18T00:06:53.624+0000] {logging_mixin.py:188} INFO - [2026-02-18T00:06:53.624+0000] {dag.py:3823} INFO - Setting next_dagrun for xml_to_mysql_etl to 2026-02-17 00:00:00+00:00, run_after=2026-02-18 00:00:00+00:00
[2026-02-18T00:06:53.652+0000] {processor.py:183} INFO - Processing /opt/airflow/dags/DAG_urbania.py took 0.109 seconds
[2026-02-18T00:07:26.417+0000] {processor.py:161} INFO - Started process (PID=626) to work on /opt/airflow/dags/DAG_urbania.py
[2026-02-18T00:07:26.418+0000] {processor.py:830} INFO - Processing file /opt/airflow/dags/DAG_urbania.py for tasks to queue
[2026-02-18T00:07:26.418+0000] {logging_mixin.py:188} INFO - [2026-02-18T00:07:26.418+0000] {dagbag.py:538} INFO - Filling up the DagBag from /opt/airflow/dags/DAG_urbania.py
[2026-02-18T00:07:26.438+0000] {processor.py:840} INFO - DAG(s) 'xml_to_mysql_etl' retrieved from /opt/airflow/dags/DAG_urbania.py
[2026-02-18T00:07:26.482+0000] {logging_mixin.py:188} INFO - [2026-02-18T00:07:26.482+0000] {dag.py:3036} INFO - Sync 1 DAGs
[2026-02-18T00:07:26.500+0000] {logging_mixin.py:188} INFO - [2026-02-18T00:07:26.500+0000] {dag.py:3823} INFO - Setting next_dagrun for xml_to_mysql_etl to 2026-02-17 00:00:00+00:00, run_after=2026-02-18 00:00:00+00:00
[2026-02-18T00:07:26.527+0000] {processor.py:183} INFO - Processing /opt/airflow/dags/DAG_urbania.py took 0.114 seconds
[2026-02-18T00:07:59.427+0000] {processor.py:161} INFO - Started process (PID=631) to work on /opt/airflow/dags/DAG_urbania.py
[2026-02-18T00:07:59.428+0000] {processor.py:830} INFO - Processing file /opt/airflow/dags/DAG_urbania.py for tasks to queue
[2026-02-18T00:07:59.429+0000] {logging_mixin.py:188} INFO - [2026-02-18T00:07:59.428+0000] {dagbag.py:538} INFO - Filling up the DagBag from /opt/airflow/dags/DAG_urbania.py
[2026-02-18T00:07:59.448+0000] {processor.py:840} INFO - DAG(s) 'xml_to_mysql_etl' retrieved from /opt/airflow/dags/DAG_urbania.py
[2026-02-18T00:07:59.490+0000] {logging_mixin.py:188} INFO - [2026-02-18T00:07:59.490+0000] {dag.py:3036} INFO - Sync 1 DAGs
[2026-02-18T00:07:59.506+0000] {logging_mixin.py:188} INFO - [2026-02-18T00:07:59.506+0000] {dag.py:3823} INFO - Setting next_dagrun for xml_to_mysql_etl to 2026-02-17 00:00:00+00:00, run_after=2026-02-18 00:00:00+00:00
[2026-02-18T00:07:59.524+0000] {processor.py:183} INFO - Processing /opt/airflow/dags/DAG_urbania.py took 0.100 seconds
[2026-02-18T00:08:31.338+0000] {processor.py:161} INFO - Started process (PID=636) to work on /opt/airflow/dags/DAG_urbania.py
[2026-02-18T00:08:31.339+0000] {processor.py:830} INFO - Processing file /opt/airflow/dags/DAG_urbania.py for tasks to queue
[2026-02-18T00:08:31.339+0000] {logging_mixin.py:188} INFO - [2026-02-18T00:08:31.339+0000] {dagbag.py:538} INFO - Filling up the DagBag from /opt/airflow/dags/DAG_urbania.py
[2026-02-18T00:08:31.358+0000] {processor.py:840} INFO - DAG(s) 'xml_to_mysql_etl' retrieved from /opt/airflow/dags/DAG_urbania.py
[2026-02-18T00:08:31.401+0000] {logging_mixin.py:188} INFO - [2026-02-18T00:08:31.401+0000] {dag.py:3036} INFO - Sync 1 DAGs
[2026-02-18T00:08:31.418+0000] {logging_mixin.py:188} INFO - [2026-02-18T00:08:31.418+0000] {dag.py:3823} INFO - Setting next_dagrun for xml_to_mysql_etl to 2026-02-17 00:00:00+00:00, run_after=2026-02-18 00:00:00+00:00
[2026-02-18T00:08:31.444+0000] {processor.py:183} INFO - Processing /opt/airflow/dags/DAG_urbania.py took 0.109 seconds
[2026-02-18T00:09:04.199+0000] {processor.py:161} INFO - Started process (PID=641) to work on /opt/airflow/dags/DAG_urbania.py
[2026-02-18T00:09:04.200+0000] {processor.py:830} INFO - Processing file /opt/airflow/dags/DAG_urbania.py for tasks to queue
[2026-02-18T00:09:04.200+0000] {logging_mixin.py:188} INFO - [2026-02-18T00:09:04.200+0000] {dagbag.py:538} INFO - Filling up the DagBag from /opt/airflow/dags/DAG_urbania.py
[2026-02-18T00:09:04.218+0000] {processor.py:840} INFO - DAG(s) 'xml_to_mysql_etl' retrieved from /opt/airflow/dags/DAG_urbania.py
[2026-02-18T00:09:04.260+0000] {logging_mixin.py:188} INFO - [2026-02-18T00:09:04.260+0000] {dag.py:3036} INFO - Sync 1 DAGs
[2026-02-18T00:09:04.277+0000] {logging_mixin.py:188} INFO - [2026-02-18T00:09:04.277+0000] {dag.py:3823} INFO - Setting next_dagrun for xml_to_mysql_etl to 2026-02-17 00:00:00+00:00, run_after=2026-02-18 00:00:00+00:00
[2026-02-18T00:09:04.303+0000] {processor.py:183} INFO - Processing /opt/airflow/dags/DAG_urbania.py took 0.107 seconds
[2026-02-18T00:09:37.162+0000] {processor.py:161} INFO - Started process (PID=646) to work on /opt/airflow/dags/DAG_urbania.py
[2026-02-18T00:09:37.163+0000] {processor.py:830} INFO - Processing file /opt/airflow/dags/DAG_urbania.py for tasks to queue
[2026-02-18T00:09:37.164+0000] {logging_mixin.py:188} INFO - [2026-02-18T00:09:37.164+0000] {dagbag.py:538} INFO - Filling up the DagBag from /opt/airflow/dags/DAG_urbania.py
[2026-02-18T00:09:37.184+0000] {processor.py:840} INFO - DAG(s) 'xml_to_mysql_etl' retrieved from /opt/airflow/dags/DAG_urbania.py
[2026-02-18T00:09:37.226+0000] {logging_mixin.py:188} INFO - [2026-02-18T00:09:37.226+0000] {dag.py:3036} INFO - Sync 1 DAGs
[2026-02-18T00:09:37.243+0000] {logging_mixin.py:188} INFO - [2026-02-18T00:09:37.242+0000] {dag.py:3823} INFO - Setting next_dagrun for xml_to_mysql_etl to 2026-02-17 00:00:00+00:00, run_after=2026-02-18 00:00:00+00:00
[2026-02-18T00:09:37.269+0000] {processor.py:183} INFO - Processing /opt/airflow/dags/DAG_urbania.py took 0.109 seconds
[2026-02-18T00:10:10.027+0000] {processor.py:161} INFO - Started process (PID=651) to work on /opt/airflow/dags/DAG_urbania.py
[2026-02-18T00:10:10.028+0000] {processor.py:830} INFO - Processing file /opt/airflow/dags/DAG_urbania.py for tasks to queue
[2026-02-18T00:10:10.029+0000] {logging_mixin.py:188} INFO - [2026-02-18T00:10:10.029+0000] {dagbag.py:538} INFO - Filling up the DagBag from /opt/airflow/dags/DAG_urbania.py
[2026-02-18T00:10:10.048+0000] {processor.py:840} INFO - DAG(s) 'xml_to_mysql_etl' retrieved from /opt/airflow/dags/DAG_urbania.py
[2026-02-18T00:10:10.090+0000] {logging_mixin.py:188} INFO - [2026-02-18T00:10:10.090+0000] {dag.py:3036} INFO - Sync 1 DAGs
[2026-02-18T00:10:10.106+0000] {logging_mixin.py:188} INFO - [2026-02-18T00:10:10.106+0000] {dag.py:3823} INFO - Setting next_dagrun for xml_to_mysql_etl to 2026-02-17 00:00:00+00:00, run_after=2026-02-18 00:00:00+00:00
[2026-02-18T00:10:10.133+0000] {processor.py:183} INFO - Processing /opt/airflow/dags/DAG_urbania.py took 0.109 seconds
[2026-02-18T00:10:42.987+0000] {processor.py:161} INFO - Started process (PID=656) to work on /opt/airflow/dags/DAG_urbania.py
[2026-02-18T00:10:42.988+0000] {processor.py:830} INFO - Processing file /opt/airflow/dags/DAG_urbania.py for tasks to queue
[2026-02-18T00:10:42.989+0000] {logging_mixin.py:188} INFO - [2026-02-18T00:10:42.989+0000] {dagbag.py:538} INFO - Filling up the DagBag from /opt/airflow/dags/DAG_urbania.py
[2026-02-18T00:10:43.009+0000] {processor.py:840} INFO - DAG(s) 'xml_to_mysql_etl' retrieved from /opt/airflow/dags/DAG_urbania.py
[2026-02-18T00:10:43.050+0000] {logging_mixin.py:188} INFO - [2026-02-18T00:10:43.050+0000] {dag.py:3036} INFO - Sync 1 DAGs
[2026-02-18T00:10:43.067+0000] {logging_mixin.py:188} INFO - [2026-02-18T00:10:43.067+0000] {dag.py:3823} INFO - Setting next_dagrun for xml_to_mysql_etl to 2026-02-17 00:00:00+00:00, run_after=2026-02-18 00:00:00+00:00
[2026-02-18T00:10:43.087+0000] {processor.py:183} INFO - Processing /opt/airflow/dags/DAG_urbania.py took 0.103 seconds
[2026-02-18T00:11:14.952+0000] {processor.py:161} INFO - Started process (PID=661) to work on /opt/airflow/dags/DAG_urbania.py
[2026-02-18T00:11:14.953+0000] {processor.py:830} INFO - Processing file /opt/airflow/dags/DAG_urbania.py for tasks to queue
[2026-02-18T00:11:14.954+0000] {logging_mixin.py:188} INFO - [2026-02-18T00:11:14.954+0000] {dagbag.py:538} INFO - Filling up the DagBag from /opt/airflow/dags/DAG_urbania.py
[2026-02-18T00:11:14.977+0000] {processor.py:840} INFO - DAG(s) 'xml_to_mysql_etl' retrieved from /opt/airflow/dags/DAG_urbania.py
[2026-02-18T00:11:15.020+0000] {logging_mixin.py:188} INFO - [2026-02-18T00:11:15.020+0000] {dag.py:3036} INFO - Sync 1 DAGs
[2026-02-18T00:11:15.037+0000] {logging_mixin.py:188} INFO - [2026-02-18T00:11:15.037+0000] {dag.py:3823} INFO - Setting next_dagrun for xml_to_mysql_etl to 2026-02-17 00:00:00+00:00, run_after=2026-02-18 00:00:00+00:00
[2026-02-18T00:11:15.055+0000] {processor.py:183} INFO - Processing /opt/airflow/dags/DAG_urbania.py took 0.108 seconds
[2026-02-18T00:11:47.841+0000] {processor.py:161} INFO - Started process (PID=666) to work on /opt/airflow/dags/DAG_urbania.py
[2026-02-18T00:11:47.842+0000] {processor.py:830} INFO - Processing file /opt/airflow/dags/DAG_urbania.py for tasks to queue
[2026-02-18T00:11:47.843+0000] {logging_mixin.py:188} INFO - [2026-02-18T00:11:47.842+0000] {dagbag.py:538} INFO - Filling up the DagBag from /opt/airflow/dags/DAG_urbania.py
[2026-02-18T00:11:47.863+0000] {processor.py:840} INFO - DAG(s) 'xml_to_mysql_etl' retrieved from /opt/airflow/dags/DAG_urbania.py
[2026-02-18T00:11:47.905+0000] {logging_mixin.py:188} INFO - [2026-02-18T00:11:47.905+0000] {dag.py:3036} INFO - Sync 1 DAGs
[2026-02-18T00:11:47.921+0000] {logging_mixin.py:188} INFO - [2026-02-18T00:11:47.921+0000] {dag.py:3823} INFO - Setting next_dagrun for xml_to_mysql_etl to 2026-02-17 00:00:00+00:00, run_after=2026-02-18 00:00:00+00:00
[2026-02-18T00:11:47.938+0000] {processor.py:183} INFO - Processing /opt/airflow/dags/DAG_urbania.py took 0.100 seconds
[2026-02-18T00:12:20.783+0000] {processor.py:161} INFO - Started process (PID=671) to work on /opt/airflow/dags/DAG_urbania.py
[2026-02-18T00:12:20.784+0000] {processor.py:830} INFO - Processing file /opt/airflow/dags/DAG_urbania.py for tasks to queue
[2026-02-18T00:12:20.785+0000] {logging_mixin.py:188} INFO - [2026-02-18T00:12:20.785+0000] {dagbag.py:538} INFO - Filling up the DagBag from /opt/airflow/dags/DAG_urbania.py
[2026-02-18T00:12:20.806+0000] {processor.py:840} INFO - DAG(s) 'xml_to_mysql_etl' retrieved from /opt/airflow/dags/DAG_urbania.py
[2026-02-18T00:12:20.849+0000] {logging_mixin.py:188} INFO - [2026-02-18T00:12:20.848+0000] {dag.py:3036} INFO - Sync 1 DAGs
[2026-02-18T00:12:20.867+0000] {logging_mixin.py:188} INFO - [2026-02-18T00:12:20.867+0000] {dag.py:3823} INFO - Setting next_dagrun for xml_to_mysql_etl to 2026-02-17 00:00:00+00:00, run_after=2026-02-18 00:00:00+00:00
[2026-02-18T00:12:20.885+0000] {processor.py:183} INFO - Processing /opt/airflow/dags/DAG_urbania.py took 0.105 seconds
[2026-02-18T00:12:53.660+0000] {processor.py:161} INFO - Started process (PID=676) to work on /opt/airflow/dags/DAG_urbania.py
[2026-02-18T00:12:53.662+0000] {processor.py:830} INFO - Processing file /opt/airflow/dags/DAG_urbania.py for tasks to queue
[2026-02-18T00:12:53.663+0000] {logging_mixin.py:188} INFO - [2026-02-18T00:12:53.662+0000] {dagbag.py:538} INFO - Filling up the DagBag from /opt/airflow/dags/DAG_urbania.py
[2026-02-18T00:12:53.684+0000] {processor.py:840} INFO - DAG(s) 'xml_to_mysql_etl' retrieved from /opt/airflow/dags/DAG_urbania.py
[2026-02-18T00:12:53.728+0000] {logging_mixin.py:188} INFO - [2026-02-18T00:12:53.728+0000] {dag.py:3036} INFO - Sync 1 DAGs
[2026-02-18T00:12:53.745+0000] {logging_mixin.py:188} INFO - [2026-02-18T00:12:53.745+0000] {dag.py:3823} INFO - Setting next_dagrun for xml_to_mysql_etl to 2026-02-17 00:00:00+00:00, run_after=2026-02-18 00:00:00+00:00
[2026-02-18T00:12:53.764+0000] {processor.py:183} INFO - Processing /opt/airflow/dags/DAG_urbania.py took 0.108 seconds
[2026-02-18T00:13:26.602+0000] {processor.py:161} INFO - Started process (PID=681) to work on /opt/airflow/dags/DAG_urbania.py
[2026-02-18T00:13:26.603+0000] {processor.py:830} INFO - Processing file /opt/airflow/dags/DAG_urbania.py for tasks to queue
[2026-02-18T00:13:26.603+0000] {logging_mixin.py:188} INFO - [2026-02-18T00:13:26.603+0000] {dagbag.py:538} INFO - Filling up the DagBag from /opt/airflow/dags/DAG_urbania.py
[2026-02-18T00:13:26.623+0000] {processor.py:840} INFO - DAG(s) 'xml_to_mysql_etl' retrieved from /opt/airflow/dags/DAG_urbania.py
[2026-02-18T00:13:26.666+0000] {logging_mixin.py:188} INFO - [2026-02-18T00:13:26.666+0000] {dag.py:3036} INFO - Sync 1 DAGs
[2026-02-18T00:13:26.687+0000] {logging_mixin.py:188} INFO - [2026-02-18T00:13:26.687+0000] {dag.py:3823} INFO - Setting next_dagrun for xml_to_mysql_etl to 2026-02-17 00:00:00+00:00, run_after=2026-02-18 00:00:00+00:00
[2026-02-18T00:13:26.707+0000] {processor.py:183} INFO - Processing /opt/airflow/dags/DAG_urbania.py took 0.108 seconds
[2026-02-18T00:13:58.565+0000] {processor.py:161} INFO - Started process (PID=686) to work on /opt/airflow/dags/DAG_urbania.py
[2026-02-18T00:13:58.566+0000] {processor.py:830} INFO - Processing file /opt/airflow/dags/DAG_urbania.py for tasks to queue
[2026-02-18T00:13:58.567+0000] {logging_mixin.py:188} INFO - [2026-02-18T00:13:58.567+0000] {dagbag.py:538} INFO - Filling up the DagBag from /opt/airflow/dags/DAG_urbania.py
[2026-02-18T00:13:58.587+0000] {processor.py:840} INFO - DAG(s) 'xml_to_mysql_etl' retrieved from /opt/airflow/dags/DAG_urbania.py
[2026-02-18T00:13:58.630+0000] {logging_mixin.py:188} INFO - [2026-02-18T00:13:58.630+0000] {dag.py:3036} INFO - Sync 1 DAGs
[2026-02-18T00:13:58.647+0000] {logging_mixin.py:188} INFO - [2026-02-18T00:13:58.647+0000] {dag.py:3823} INFO - Setting next_dagrun for xml_to_mysql_etl to 2026-02-17 00:00:00+00:00, run_after=2026-02-18 00:00:00+00:00
[2026-02-18T00:13:58.665+0000] {processor.py:183} INFO - Processing /opt/airflow/dags/DAG_urbania.py took 0.102 seconds
[2026-02-18T00:14:31.433+0000] {processor.py:161} INFO - Started process (PID=691) to work on /opt/airflow/dags/DAG_urbania.py
[2026-02-18T00:14:31.434+0000] {processor.py:830} INFO - Processing file /opt/airflow/dags/DAG_urbania.py for tasks to queue
[2026-02-18T00:14:31.435+0000] {logging_mixin.py:188} INFO - [2026-02-18T00:14:31.434+0000] {dagbag.py:538} INFO - Filling up the DagBag from /opt/airflow/dags/DAG_urbania.py
[2026-02-18T00:14:31.454+0000] {processor.py:840} INFO - DAG(s) 'xml_to_mysql_etl' retrieved from /opt/airflow/dags/DAG_urbania.py
[2026-02-18T00:14:31.501+0000] {logging_mixin.py:188} INFO - [2026-02-18T00:14:31.501+0000] {dag.py:3036} INFO - Sync 1 DAGs
[2026-02-18T00:14:31.522+0000] {logging_mixin.py:188} INFO - [2026-02-18T00:14:31.522+0000] {dag.py:3823} INFO - Setting next_dagrun for xml_to_mysql_etl to 2026-02-17 00:00:00+00:00, run_after=2026-02-18 00:00:00+00:00
[2026-02-18T00:14:31.554+0000] {processor.py:183} INFO - Processing /opt/airflow/dags/DAG_urbania.py took 0.123 seconds
[2026-02-18T00:15:04.400+0000] {processor.py:161} INFO - Started process (PID=696) to work on /opt/airflow/dags/DAG_urbania.py
[2026-02-18T00:15:04.400+0000] {processor.py:830} INFO - Processing file /opt/airflow/dags/DAG_urbania.py for tasks to queue
[2026-02-18T00:15:04.401+0000] {logging_mixin.py:188} INFO - [2026-02-18T00:15:04.401+0000] {dagbag.py:538} INFO - Filling up the DagBag from /opt/airflow/dags/DAG_urbania.py
[2026-02-18T00:15:04.420+0000] {processor.py:840} INFO - DAG(s) 'xml_to_mysql_etl' retrieved from /opt/airflow/dags/DAG_urbania.py
[2026-02-18T00:15:04.463+0000] {logging_mixin.py:188} INFO - [2026-02-18T00:15:04.463+0000] {dag.py:3036} INFO - Sync 1 DAGs
[2026-02-18T00:15:04.479+0000] {logging_mixin.py:188} INFO - [2026-02-18T00:15:04.479+0000] {dag.py:3823} INFO - Setting next_dagrun for xml_to_mysql_etl to 2026-02-17 00:00:00+00:00, run_after=2026-02-18 00:00:00+00:00
[2026-02-18T00:15:04.497+0000] {processor.py:183} INFO - Processing /opt/airflow/dags/DAG_urbania.py took 0.100 seconds
[2026-02-18T00:15:37.277+0000] {processor.py:161} INFO - Started process (PID=701) to work on /opt/airflow/dags/DAG_urbania.py
[2026-02-18T00:15:37.279+0000] {processor.py:830} INFO - Processing file /opt/airflow/dags/DAG_urbania.py for tasks to queue
[2026-02-18T00:15:37.280+0000] {logging_mixin.py:188} INFO - [2026-02-18T00:15:37.280+0000] {dagbag.py:538} INFO - Filling up the DagBag from /opt/airflow/dags/DAG_urbania.py
[2026-02-18T00:15:37.300+0000] {processor.py:840} INFO - DAG(s) 'xml_to_mysql_etl' retrieved from /opt/airflow/dags/DAG_urbania.py
[2026-02-18T00:15:37.343+0000] {logging_mixin.py:188} INFO - [2026-02-18T00:15:37.343+0000] {dag.py:3036} INFO - Sync 1 DAGs
[2026-02-18T00:15:37.360+0000] {logging_mixin.py:188} INFO - [2026-02-18T00:15:37.360+0000] {dag.py:3823} INFO - Setting next_dagrun for xml_to_mysql_etl to 2026-02-17 00:00:00+00:00, run_after=2026-02-18 00:00:00+00:00
[2026-02-18T00:15:37.380+0000] {processor.py:183} INFO - Processing /opt/airflow/dags/DAG_urbania.py took 0.105 seconds
[2026-02-18T00:16:10.215+0000] {processor.py:161} INFO - Started process (PID=706) to work on /opt/airflow/dags/DAG_urbania.py
[2026-02-18T00:16:10.216+0000] {processor.py:830} INFO - Processing file /opt/airflow/dags/DAG_urbania.py for tasks to queue
[2026-02-18T00:16:10.217+0000] {logging_mixin.py:188} INFO - [2026-02-18T00:16:10.216+0000] {dagbag.py:538} INFO - Filling up the DagBag from /opt/airflow/dags/DAG_urbania.py
[2026-02-18T00:16:10.236+0000] {processor.py:840} INFO - DAG(s) 'xml_to_mysql_etl' retrieved from /opt/airflow/dags/DAG_urbania.py
[2026-02-18T00:16:10.278+0000] {logging_mixin.py:188} INFO - [2026-02-18T00:16:10.278+0000] {dag.py:3036} INFO - Sync 1 DAGs
[2026-02-18T00:16:10.294+0000] {logging_mixin.py:188} INFO - [2026-02-18T00:16:10.294+0000] {dag.py:3823} INFO - Setting next_dagrun for xml_to_mysql_etl to 2026-02-17 00:00:00+00:00, run_after=2026-02-18 00:00:00+00:00
[2026-02-18T00:16:10.320+0000] {processor.py:183} INFO - Processing /opt/airflow/dags/DAG_urbania.py took 0.108 seconds
[2026-02-18T00:16:43.082+0000] {processor.py:161} INFO - Started process (PID=711) to work on /opt/airflow/dags/DAG_urbania.py
[2026-02-18T00:16:43.083+0000] {processor.py:830} INFO - Processing file /opt/airflow/dags/DAG_urbania.py for tasks to queue
[2026-02-18T00:16:43.085+0000] {logging_mixin.py:188} INFO - [2026-02-18T00:16:43.084+0000] {dagbag.py:538} INFO - Filling up the DagBag from /opt/airflow/dags/DAG_urbania.py
[2026-02-18T00:16:43.104+0000] {processor.py:840} INFO - DAG(s) 'xml_to_mysql_etl' retrieved from /opt/airflow/dags/DAG_urbania.py
[2026-02-18T00:16:43.148+0000] {logging_mixin.py:188} INFO - [2026-02-18T00:16:43.148+0000] {dag.py:3036} INFO - Sync 1 DAGs
[2026-02-18T00:16:43.165+0000] {logging_mixin.py:188} INFO - [2026-02-18T00:16:43.165+0000] {dag.py:3823} INFO - Setting next_dagrun for xml_to_mysql_etl to 2026-02-17 00:00:00+00:00, run_after=2026-02-18 00:00:00+00:00
[2026-02-18T00:16:43.182+0000] {processor.py:183} INFO - Processing /opt/airflow/dags/DAG_urbania.py took 0.103 seconds
[2026-02-18T00:17:15.081+0000] {processor.py:161} INFO - Started process (PID=716) to work on /opt/airflow/dags/DAG_urbania.py
[2026-02-18T00:17:15.081+0000] {processor.py:830} INFO - Processing file /opt/airflow/dags/DAG_urbania.py for tasks to queue
[2026-02-18T00:17:15.082+0000] {logging_mixin.py:188} INFO - [2026-02-18T00:17:15.082+0000] {dagbag.py:538} INFO - Filling up the DagBag from /opt/airflow/dags/DAG_urbania.py
[2026-02-18T00:17:15.102+0000] {processor.py:840} INFO - DAG(s) 'xml_to_mysql_etl' retrieved from /opt/airflow/dags/DAG_urbania.py
[2026-02-18T00:17:15.145+0000] {logging_mixin.py:188} INFO - [2026-02-18T00:17:15.145+0000] {dag.py:3036} INFO - Sync 1 DAGs
[2026-02-18T00:17:15.162+0000] {logging_mixin.py:188} INFO - [2026-02-18T00:17:15.162+0000] {dag.py:3823} INFO - Setting next_dagrun for xml_to_mysql_etl to 2026-02-17 00:00:00+00:00, run_after=2026-02-18 00:00:00+00:00
[2026-02-18T00:17:15.180+0000] {processor.py:183} INFO - Processing /opt/airflow/dags/DAG_urbania.py took 0.101 seconds
[2026-02-18T00:17:47.938+0000] {processor.py:161} INFO - Started process (PID=721) to work on /opt/airflow/dags/DAG_urbania.py
[2026-02-18T00:17:47.939+0000] {processor.py:830} INFO - Processing file /opt/airflow/dags/DAG_urbania.py for tasks to queue
[2026-02-18T00:17:47.940+0000] {logging_mixin.py:188} INFO - [2026-02-18T00:17:47.939+0000] {dagbag.py:538} INFO - Filling up the DagBag from /opt/airflow/dags/DAG_urbania.py
[2026-02-18T00:17:47.957+0000] {processor.py:840} INFO - DAG(s) 'xml_to_mysql_etl' retrieved from /opt/airflow/dags/DAG_urbania.py
[2026-02-18T00:17:48.001+0000] {logging_mixin.py:188} INFO - [2026-02-18T00:17:48.001+0000] {dag.py:3036} INFO - Sync 1 DAGs
[2026-02-18T00:17:48.018+0000] {logging_mixin.py:188} INFO - [2026-02-18T00:17:48.018+0000] {dag.py:3823} INFO - Setting next_dagrun for xml_to_mysql_etl to 2026-02-17 00:00:00+00:00, run_after=2026-02-18 00:00:00+00:00
[2026-02-18T00:17:48.036+0000] {processor.py:183} INFO - Processing /opt/airflow/dags/DAG_urbania.py took 0.101 seconds
[2026-02-18T00:18:20.879+0000] {processor.py:161} INFO - Started process (PID=726) to work on /opt/airflow/dags/DAG_urbania.py
[2026-02-18T00:18:20.880+0000] {processor.py:830} INFO - Processing file /opt/airflow/dags/DAG_urbania.py for tasks to queue
[2026-02-18T00:18:20.881+0000] {logging_mixin.py:188} INFO - [2026-02-18T00:18:20.881+0000] {dagbag.py:538} INFO - Filling up the DagBag from /opt/airflow/dags/DAG_urbania.py
[2026-02-18T00:18:20.901+0000] {processor.py:840} INFO - DAG(s) 'xml_to_mysql_etl' retrieved from /opt/airflow/dags/DAG_urbania.py
[2026-02-18T00:18:20.943+0000] {logging_mixin.py:188} INFO - [2026-02-18T00:18:20.943+0000] {dag.py:3036} INFO - Sync 1 DAGs
[2026-02-18T00:18:20.960+0000] {logging_mixin.py:188} INFO - [2026-02-18T00:18:20.959+0000] {dag.py:3823} INFO - Setting next_dagrun for xml_to_mysql_etl to 2026-02-17 00:00:00+00:00, run_after=2026-02-18 00:00:00+00:00
[2026-02-18T00:18:20.978+0000] {processor.py:183} INFO - Processing /opt/airflow/dags/DAG_urbania.py took 0.101 seconds
[2026-02-18T00:18:53.752+0000] {processor.py:161} INFO - Started process (PID=731) to work on /opt/airflow/dags/DAG_urbania.py
[2026-02-18T00:18:53.753+0000] {processor.py:830} INFO - Processing file /opt/airflow/dags/DAG_urbania.py for tasks to queue
[2026-02-18T00:18:53.754+0000] {logging_mixin.py:188} INFO - [2026-02-18T00:18:53.753+0000] {dagbag.py:538} INFO - Filling up the DagBag from /opt/airflow/dags/DAG_urbania.py
[2026-02-18T00:18:53.771+0000] {processor.py:840} INFO - DAG(s) 'xml_to_mysql_etl' retrieved from /opt/airflow/dags/DAG_urbania.py
[2026-02-18T00:18:53.813+0000] {logging_mixin.py:188} INFO - [2026-02-18T00:18:53.813+0000] {dag.py:3036} INFO - Sync 1 DAGs
[2026-02-18T00:18:53.831+0000] {logging_mixin.py:188} INFO - [2026-02-18T00:18:53.831+0000] {dag.py:3823} INFO - Setting next_dagrun for xml_to_mysql_etl to 2026-02-17 00:00:00+00:00, run_after=2026-02-18 00:00:00+00:00
[2026-02-18T00:18:53.849+0000] {processor.py:183} INFO - Processing /opt/airflow/dags/DAG_urbania.py took 0.101 seconds
[2026-02-18T00:19:26.698+0000] {processor.py:161} INFO - Started process (PID=736) to work on /opt/airflow/dags/DAG_urbania.py
[2026-02-18T00:19:26.699+0000] {processor.py:830} INFO - Processing file /opt/airflow/dags/DAG_urbania.py for tasks to queue
[2026-02-18T00:19:26.700+0000] {logging_mixin.py:188} INFO - [2026-02-18T00:19:26.700+0000] {dagbag.py:538} INFO - Filling up the DagBag from /opt/airflow/dags/DAG_urbania.py
[2026-02-18T00:19:26.718+0000] {processor.py:840} INFO - DAG(s) 'xml_to_mysql_etl' retrieved from /opt/airflow/dags/DAG_urbania.py
[2026-02-18T00:19:26.760+0000] {logging_mixin.py:188} INFO - [2026-02-18T00:19:26.760+0000] {dag.py:3036} INFO - Sync 1 DAGs
[2026-02-18T00:19:26.776+0000] {logging_mixin.py:188} INFO - [2026-02-18T00:19:26.776+0000] {dag.py:3823} INFO - Setting next_dagrun for xml_to_mysql_etl to 2026-02-17 00:00:00+00:00, run_after=2026-02-18 00:00:00+00:00
[2026-02-18T00:19:26.804+0000] {processor.py:183} INFO - Processing /opt/airflow/dags/DAG_urbania.py took 0.108 seconds
[2026-02-18T00:19:58.673+0000] {processor.py:161} INFO - Started process (PID=741) to work on /opt/airflow/dags/DAG_urbania.py
[2026-02-18T00:19:58.674+0000] {processor.py:830} INFO - Processing file /opt/airflow/dags/DAG_urbania.py for tasks to queue
[2026-02-18T00:19:58.675+0000] {logging_mixin.py:188} INFO - [2026-02-18T00:19:58.675+0000] {dagbag.py:538} INFO - Filling up the DagBag from /opt/airflow/dags/DAG_urbania.py
[2026-02-18T00:19:58.692+0000] {processor.py:840} INFO - DAG(s) 'xml_to_mysql_etl' retrieved from /opt/airflow/dags/DAG_urbania.py
[2026-02-18T00:19:58.736+0000] {logging_mixin.py:188} INFO - [2026-02-18T00:19:58.736+0000] {dag.py:3036} INFO - Sync 1 DAGs
[2026-02-18T00:19:58.753+0000] {logging_mixin.py:188} INFO - [2026-02-18T00:19:58.753+0000] {dag.py:3823} INFO - Setting next_dagrun for xml_to_mysql_etl to 2026-02-17 00:00:00+00:00, run_after=2026-02-18 00:00:00+00:00
[2026-02-18T00:19:58.771+0000] {processor.py:183} INFO - Processing /opt/airflow/dags/DAG_urbania.py took 0.100 seconds
[2026-02-18T00:20:31.528+0000] {processor.py:161} INFO - Started process (PID=746) to work on /opt/airflow/dags/DAG_urbania.py
[2026-02-18T00:20:31.529+0000] {processor.py:830} INFO - Processing file /opt/airflow/dags/DAG_urbania.py for tasks to queue
[2026-02-18T00:20:31.530+0000] {logging_mixin.py:188} INFO - [2026-02-18T00:20:31.530+0000] {dagbag.py:538} INFO - Filling up the DagBag from /opt/airflow/dags/DAG_urbania.py
[2026-02-18T00:20:31.550+0000] {processor.py:840} INFO - DAG(s) 'xml_to_mysql_etl' retrieved from /opt/airflow/dags/DAG_urbania.py
[2026-02-18T00:20:31.594+0000] {logging_mixin.py:188} INFO - [2026-02-18T00:20:31.594+0000] {dag.py:3036} INFO - Sync 1 DAGs
[2026-02-18T00:20:31.612+0000] {logging_mixin.py:188} INFO - [2026-02-18T00:20:31.612+0000] {dag.py:3823} INFO - Setting next_dagrun for xml_to_mysql_etl to 2026-02-17 00:00:00+00:00, run_after=2026-02-18 00:00:00+00:00
[2026-02-18T00:20:31.631+0000] {processor.py:183} INFO - Processing /opt/airflow/dags/DAG_urbania.py took 0.105 seconds
[2026-02-18T00:21:04.487+0000] {processor.py:161} INFO - Started process (PID=751) to work on /opt/airflow/dags/DAG_urbania.py
[2026-02-18T00:21:04.487+0000] {processor.py:830} INFO - Processing file /opt/airflow/dags/DAG_urbania.py for tasks to queue
[2026-02-18T00:21:04.488+0000] {logging_mixin.py:188} INFO - [2026-02-18T00:21:04.488+0000] {dagbag.py:538} INFO - Filling up the DagBag from /opt/airflow/dags/DAG_urbania.py
[2026-02-18T00:21:04.508+0000] {processor.py:840} INFO - DAG(s) 'xml_to_mysql_etl' retrieved from /opt/airflow/dags/DAG_urbania.py
[2026-02-18T00:21:04.550+0000] {logging_mixin.py:188} INFO - [2026-02-18T00:21:04.550+0000] {dag.py:3036} INFO - Sync 1 DAGs
[2026-02-18T00:21:04.568+0000] {logging_mixin.py:188} INFO - [2026-02-18T00:21:04.568+0000] {dag.py:3823} INFO - Setting next_dagrun for xml_to_mysql_etl to 2026-02-17 00:00:00+00:00, run_after=2026-02-18 00:00:00+00:00
[2026-02-18T00:21:04.585+0000] {processor.py:183} INFO - Processing /opt/airflow/dags/DAG_urbania.py took 0.101 seconds
[2026-02-18T00:21:37.372+0000] {processor.py:161} INFO - Started process (PID=756) to work on /opt/airflow/dags/DAG_urbania.py
[2026-02-18T00:21:37.373+0000] {processor.py:830} INFO - Processing file /opt/airflow/dags/DAG_urbania.py for tasks to queue
[2026-02-18T00:21:37.373+0000] {logging_mixin.py:188} INFO - [2026-02-18T00:21:37.373+0000] {dagbag.py:538} INFO - Filling up the DagBag from /opt/airflow/dags/DAG_urbania.py
[2026-02-18T00:21:37.393+0000] {processor.py:840} INFO - DAG(s) 'xml_to_mysql_etl' retrieved from /opt/airflow/dags/DAG_urbania.py
[2026-02-18T00:21:37.437+0000] {logging_mixin.py:188} INFO - [2026-02-18T00:21:37.436+0000] {dag.py:3036} INFO - Sync 1 DAGs
[2026-02-18T00:21:37.453+0000] {logging_mixin.py:188} INFO - [2026-02-18T00:21:37.453+0000] {dag.py:3823} INFO - Setting next_dagrun for xml_to_mysql_etl to 2026-02-17 00:00:00+00:00, run_after=2026-02-18 00:00:00+00:00
[2026-02-18T00:21:37.471+0000] {processor.py:183} INFO - Processing /opt/airflow/dags/DAG_urbania.py took 0.102 seconds
[2026-02-18T00:22:10.353+0000] {processor.py:161} INFO - Started process (PID=761) to work on /opt/airflow/dags/DAG_urbania.py
[2026-02-18T00:22:10.354+0000] {processor.py:830} INFO - Processing file /opt/airflow/dags/DAG_urbania.py for tasks to queue
[2026-02-18T00:22:10.355+0000] {logging_mixin.py:188} INFO - [2026-02-18T00:22:10.355+0000] {dagbag.py:538} INFO - Filling up the DagBag from /opt/airflow/dags/DAG_urbania.py
[2026-02-18T00:22:10.375+0000] {processor.py:840} INFO - DAG(s) 'xml_to_mysql_etl' retrieved from /opt/airflow/dags/DAG_urbania.py
[2026-02-18T00:22:10.416+0000] {logging_mixin.py:188} INFO - [2026-02-18T00:22:10.416+0000] {dag.py:3036} INFO - Sync 1 DAGs
[2026-02-18T00:22:10.433+0000] {logging_mixin.py:188} INFO - [2026-02-18T00:22:10.433+0000] {dag.py:3823} INFO - Setting next_dagrun for xml_to_mysql_etl to 2026-02-17 00:00:00+00:00, run_after=2026-02-18 00:00:00+00:00
[2026-02-18T00:22:10.460+0000] {processor.py:183} INFO - Processing /opt/airflow/dags/DAG_urbania.py took 0.110 seconds
[2026-02-18T00:22:42.319+0000] {processor.py:161} INFO - Started process (PID=766) to work on /opt/airflow/dags/DAG_urbania.py
[2026-02-18T00:22:42.320+0000] {processor.py:830} INFO - Processing file /opt/airflow/dags/DAG_urbania.py for tasks to queue
[2026-02-18T00:22:42.321+0000] {logging_mixin.py:188} INFO - [2026-02-18T00:22:42.320+0000] {dagbag.py:538} INFO - Filling up the DagBag from /opt/airflow/dags/DAG_urbania.py
[2026-02-18T00:22:42.340+0000] {processor.py:840} INFO - DAG(s) 'xml_to_mysql_etl' retrieved from /opt/airflow/dags/DAG_urbania.py
[2026-02-18T00:22:42.384+0000] {logging_mixin.py:188} INFO - [2026-02-18T00:22:42.384+0000] {dag.py:3036} INFO - Sync 1 DAGs
[2026-02-18T00:22:42.401+0000] {logging_mixin.py:188} INFO - [2026-02-18T00:22:42.401+0000] {dag.py:3823} INFO - Setting next_dagrun for xml_to_mysql_etl to 2026-02-17 00:00:00+00:00, run_after=2026-02-18 00:00:00+00:00
[2026-02-18T00:22:42.429+0000] {processor.py:183} INFO - Processing /opt/airflow/dags/DAG_urbania.py took 0.113 seconds
[2026-02-18T00:23:15.176+0000] {processor.py:161} INFO - Started process (PID=771) to work on /opt/airflow/dags/DAG_urbania.py
[2026-02-18T00:23:15.177+0000] {processor.py:830} INFO - Processing file /opt/airflow/dags/DAG_urbania.py for tasks to queue
[2026-02-18T00:23:15.177+0000] {logging_mixin.py:188} INFO - [2026-02-18T00:23:15.177+0000] {dagbag.py:538} INFO - Filling up the DagBag from /opt/airflow/dags/DAG_urbania.py
[2026-02-18T00:23:15.197+0000] {processor.py:840} INFO - DAG(s) 'xml_to_mysql_etl' retrieved from /opt/airflow/dags/DAG_urbania.py
[2026-02-18T00:23:15.241+0000] {logging_mixin.py:188} INFO - [2026-02-18T00:23:15.240+0000] {dag.py:3036} INFO - Sync 1 DAGs
[2026-02-18T00:23:15.258+0000] {logging_mixin.py:188} INFO - [2026-02-18T00:23:15.257+0000] {dag.py:3823} INFO - Setting next_dagrun for xml_to_mysql_etl to 2026-02-17 00:00:00+00:00, run_after=2026-02-18 00:00:00+00:00
[2026-02-18T00:23:15.284+0000] {processor.py:183} INFO - Processing /opt/airflow/dags/DAG_urbania.py took 0.111 seconds
[2026-02-18T00:23:48.155+0000] {processor.py:161} INFO - Started process (PID=776) to work on /opt/airflow/dags/DAG_urbania.py
[2026-02-18T00:23:48.155+0000] {processor.py:830} INFO - Processing file /opt/airflow/dags/DAG_urbania.py for tasks to queue
[2026-02-18T00:23:48.156+0000] {logging_mixin.py:188} INFO - [2026-02-18T00:23:48.156+0000] {dagbag.py:538} INFO - Filling up the DagBag from /opt/airflow/dags/DAG_urbania.py
[2026-02-18T00:23:48.175+0000] {processor.py:840} INFO - DAG(s) 'xml_to_mysql_etl' retrieved from /opt/airflow/dags/DAG_urbania.py
[2026-02-18T00:23:48.217+0000] {logging_mixin.py:188} INFO - [2026-02-18T00:23:48.216+0000] {dag.py:3036} INFO - Sync 1 DAGs
[2026-02-18T00:23:48.233+0000] {logging_mixin.py:188} INFO - [2026-02-18T00:23:48.233+0000] {dag.py:3823} INFO - Setting next_dagrun for xml_to_mysql_etl to 2026-02-17 00:00:00+00:00, run_after=2026-02-18 00:00:00+00:00
[2026-02-18T00:23:48.259+0000] {processor.py:183} INFO - Processing /opt/airflow/dags/DAG_urbania.py took 0.106 seconds
[2026-02-18T00:24:21.013+0000] {processor.py:161} INFO - Started process (PID=781) to work on /opt/airflow/dags/DAG_urbania.py
[2026-02-18T00:24:21.014+0000] {processor.py:830} INFO - Processing file /opt/airflow/dags/DAG_urbania.py for tasks to queue
[2026-02-18T00:24:21.015+0000] {logging_mixin.py:188} INFO - [2026-02-18T00:24:21.014+0000] {dagbag.py:538} INFO - Filling up the DagBag from /opt/airflow/dags/DAG_urbania.py
[2026-02-18T00:24:21.034+0000] {processor.py:840} INFO - DAG(s) 'xml_to_mysql_etl' retrieved from /opt/airflow/dags/DAG_urbania.py
[2026-02-18T00:24:21.078+0000] {logging_mixin.py:188} INFO - [2026-02-18T00:24:21.078+0000] {dag.py:3036} INFO - Sync 1 DAGs
[2026-02-18T00:24:21.095+0000] {logging_mixin.py:188} INFO - [2026-02-18T00:24:21.095+0000] {dag.py:3823} INFO - Setting next_dagrun for xml_to_mysql_etl to 2026-02-17 00:00:00+00:00, run_after=2026-02-18 00:00:00+00:00
[2026-02-18T00:24:21.113+0000] {processor.py:183} INFO - Processing /opt/airflow/dags/DAG_urbania.py took 0.102 seconds
[2026-02-18T00:24:53.991+0000] {processor.py:161} INFO - Started process (PID=786) to work on /opt/airflow/dags/DAG_urbania.py
[2026-02-18T00:24:53.992+0000] {processor.py:830} INFO - Processing file /opt/airflow/dags/DAG_urbania.py for tasks to queue
[2026-02-18T00:24:53.993+0000] {logging_mixin.py:188} INFO - [2026-02-18T00:24:53.993+0000] {dagbag.py:538} INFO - Filling up the DagBag from /opt/airflow/dags/DAG_urbania.py
[2026-02-18T00:24:54.013+0000] {processor.py:840} INFO - DAG(s) 'xml_to_mysql_etl' retrieved from /opt/airflow/dags/DAG_urbania.py
[2026-02-18T00:24:54.055+0000] {logging_mixin.py:188} INFO - [2026-02-18T00:24:54.055+0000] {dag.py:3036} INFO - Sync 1 DAGs
[2026-02-18T00:24:54.071+0000] {logging_mixin.py:188} INFO - [2026-02-18T00:24:54.071+0000] {dag.py:3823} INFO - Setting next_dagrun for xml_to_mysql_etl to 2026-02-17 00:00:00+00:00, run_after=2026-02-18 00:00:00+00:00
[2026-02-18T00:24:54.097+0000] {processor.py:183} INFO - Processing /opt/airflow/dags/DAG_urbania.py took 0.108 seconds
[2026-02-18T00:25:25.952+0000] {processor.py:161} INFO - Started process (PID=791) to work on /opt/airflow/dags/DAG_urbania.py
[2026-02-18T00:25:25.953+0000] {processor.py:830} INFO - Processing file /opt/airflow/dags/DAG_urbania.py for tasks to queue
[2026-02-18T00:25:25.953+0000] {logging_mixin.py:188} INFO - [2026-02-18T00:25:25.953+0000] {dagbag.py:538} INFO - Filling up the DagBag from /opt/airflow/dags/DAG_urbania.py
[2026-02-18T00:25:25.973+0000] {processor.py:840} INFO - DAG(s) 'xml_to_mysql_etl' retrieved from /opt/airflow/dags/DAG_urbania.py
[2026-02-18T00:25:26.016+0000] {logging_mixin.py:188} INFO - [2026-02-18T00:25:26.016+0000] {dag.py:3036} INFO - Sync 1 DAGs
[2026-02-18T00:25:26.033+0000] {logging_mixin.py:188} INFO - [2026-02-18T00:25:26.033+0000] {dag.py:3823} INFO - Setting next_dagrun for xml_to_mysql_etl to 2026-02-17 00:00:00+00:00, run_after=2026-02-18 00:00:00+00:00
[2026-02-18T00:25:26.051+0000] {processor.py:183} INFO - Processing /opt/airflow/dags/DAG_urbania.py took 0.102 seconds
[2026-02-18T00:25:58.814+0000] {processor.py:161} INFO - Started process (PID=796) to work on /opt/airflow/dags/DAG_urbania.py
[2026-02-18T00:25:58.815+0000] {processor.py:830} INFO - Processing file /opt/airflow/dags/DAG_urbania.py for tasks to queue
[2026-02-18T00:25:58.816+0000] {logging_mixin.py:188} INFO - [2026-02-18T00:25:58.816+0000] {dagbag.py:538} INFO - Filling up the DagBag from /opt/airflow/dags/DAG_urbania.py
[2026-02-18T00:25:58.836+0000] {processor.py:840} INFO - DAG(s) 'xml_to_mysql_etl' retrieved from /opt/airflow/dags/DAG_urbania.py
[2026-02-18T00:25:58.879+0000] {logging_mixin.py:188} INFO - [2026-02-18T00:25:58.879+0000] {dag.py:3036} INFO - Sync 1 DAGs
[2026-02-18T00:25:58.896+0000] {logging_mixin.py:188} INFO - [2026-02-18T00:25:58.896+0000] {dag.py:3823} INFO - Setting next_dagrun for xml_to_mysql_etl to 2026-02-17 00:00:00+00:00, run_after=2026-02-18 00:00:00+00:00
[2026-02-18T00:25:58.915+0000] {processor.py:183} INFO - Processing /opt/airflow/dags/DAG_urbania.py took 0.104 seconds
[2026-02-18T00:26:31.766+0000] {processor.py:161} INFO - Started process (PID=801) to work on /opt/airflow/dags/DAG_urbania.py
[2026-02-18T00:26:31.767+0000] {processor.py:830} INFO - Processing file /opt/airflow/dags/DAG_urbania.py for tasks to queue
[2026-02-18T00:26:31.768+0000] {logging_mixin.py:188} INFO - [2026-02-18T00:26:31.768+0000] {dagbag.py:538} INFO - Filling up the DagBag from /opt/airflow/dags/DAG_urbania.py
[2026-02-18T00:26:31.788+0000] {processor.py:840} INFO - DAG(s) 'xml_to_mysql_etl' retrieved from /opt/airflow/dags/DAG_urbania.py
[2026-02-18T00:26:31.829+0000] {logging_mixin.py:188} INFO - [2026-02-18T00:26:31.829+0000] {dag.py:3036} INFO - Sync 1 DAGs
[2026-02-18T00:26:31.847+0000] {logging_mixin.py:188} INFO - [2026-02-18T00:26:31.846+0000] {dag.py:3823} INFO - Setting next_dagrun for xml_to_mysql_etl to 2026-02-17 00:00:00+00:00, run_after=2026-02-18 00:00:00+00:00
[2026-02-18T00:26:31.873+0000] {processor.py:183} INFO - Processing /opt/airflow/dags/DAG_urbania.py took 0.110 seconds
[2026-02-18T00:27:04.659+0000] {processor.py:161} INFO - Started process (PID=806) to work on /opt/airflow/dags/DAG_urbania.py
[2026-02-18T00:27:04.660+0000] {processor.py:830} INFO - Processing file /opt/airflow/dags/DAG_urbania.py for tasks to queue
[2026-02-18T00:27:04.661+0000] {logging_mixin.py:188} INFO - [2026-02-18T00:27:04.661+0000] {dagbag.py:538} INFO - Filling up the DagBag from /opt/airflow/dags/DAG_urbania.py
[2026-02-18T00:27:04.681+0000] {processor.py:840} INFO - DAG(s) 'xml_to_mysql_etl' retrieved from /opt/airflow/dags/DAG_urbania.py
[2026-02-18T00:27:04.724+0000] {logging_mixin.py:188} INFO - [2026-02-18T00:27:04.723+0000] {dag.py:3036} INFO - Sync 1 DAGs
[2026-02-18T00:27:04.740+0000] {logging_mixin.py:188} INFO - [2026-02-18T00:27:04.740+0000] {dag.py:3823} INFO - Setting next_dagrun for xml_to_mysql_etl to 2026-02-17 00:00:00+00:00, run_after=2026-02-18 00:00:00+00:00
[2026-02-18T00:27:04.757+0000] {processor.py:183} INFO - Processing /opt/airflow/dags/DAG_urbania.py took 0.101 seconds
[2026-02-18T00:27:37.597+0000] {processor.py:161} INFO - Started process (PID=811) to work on /opt/airflow/dags/DAG_urbania.py
[2026-02-18T00:27:37.598+0000] {processor.py:830} INFO - Processing file /opt/airflow/dags/DAG_urbania.py for tasks to queue
[2026-02-18T00:27:37.599+0000] {logging_mixin.py:188} INFO - [2026-02-18T00:27:37.599+0000] {dagbag.py:538} INFO - Filling up the DagBag from /opt/airflow/dags/DAG_urbania.py
[2026-02-18T00:27:37.618+0000] {processor.py:840} INFO - DAG(s) 'xml_to_mysql_etl' retrieved from /opt/airflow/dags/DAG_urbania.py
[2026-02-18T00:27:37.660+0000] {logging_mixin.py:188} INFO - [2026-02-18T00:27:37.659+0000] {dag.py:3036} INFO - Sync 1 DAGs
[2026-02-18T00:27:37.676+0000] {logging_mixin.py:188} INFO - [2026-02-18T00:27:37.676+0000] {dag.py:3823} INFO - Setting next_dagrun for xml_to_mysql_etl to 2026-02-17 00:00:00+00:00, run_after=2026-02-18 00:00:00+00:00
[2026-02-18T00:27:37.694+0000] {processor.py:183} INFO - Processing /opt/airflow/dags/DAG_urbania.py took 0.099 seconds
[2026-02-18T00:28:10.469+0000] {processor.py:161} INFO - Started process (PID=816) to work on /opt/airflow/dags/DAG_urbania.py
[2026-02-18T00:28:10.470+0000] {processor.py:830} INFO - Processing file /opt/airflow/dags/DAG_urbania.py for tasks to queue
[2026-02-18T00:28:10.471+0000] {logging_mixin.py:188} INFO - [2026-02-18T00:28:10.471+0000] {dagbag.py:538} INFO - Filling up the DagBag from /opt/airflow/dags/DAG_urbania.py
[2026-02-18T00:28:10.491+0000] {processor.py:840} INFO - DAG(s) 'xml_to_mysql_etl' retrieved from /opt/airflow/dags/DAG_urbania.py
[2026-02-18T00:28:10.534+0000] {logging_mixin.py:188} INFO - [2026-02-18T00:28:10.533+0000] {dag.py:3036} INFO - Sync 1 DAGs
[2026-02-18T00:28:10.550+0000] {logging_mixin.py:188} INFO - [2026-02-18T00:28:10.550+0000] {dag.py:3823} INFO - Setting next_dagrun for xml_to_mysql_etl to 2026-02-17 00:00:00+00:00, run_after=2026-02-18 00:00:00+00:00
[2026-02-18T00:28:10.567+0000] {processor.py:183} INFO - Processing /opt/airflow/dags/DAG_urbania.py took 0.102 seconds
[2026-02-18T00:28:42.405+0000] {processor.py:161} INFO - Started process (PID=821) to work on /opt/airflow/dags/DAG_urbania.py
[2026-02-18T00:28:42.406+0000] {processor.py:830} INFO - Processing file /opt/airflow/dags/DAG_urbania.py for tasks to queue
[2026-02-18T00:28:42.407+0000] {logging_mixin.py:188} INFO - [2026-02-18T00:28:42.407+0000] {dagbag.py:538} INFO - Filling up the DagBag from /opt/airflow/dags/DAG_urbania.py
[2026-02-18T00:28:42.425+0000] {processor.py:840} INFO - DAG(s) 'xml_to_mysql_etl' retrieved from /opt/airflow/dags/DAG_urbania.py
[2026-02-18T00:28:42.467+0000] {logging_mixin.py:188} INFO - [2026-02-18T00:28:42.467+0000] {dag.py:3036} INFO - Sync 1 DAGs
[2026-02-18T00:28:42.483+0000] {logging_mixin.py:188} INFO - [2026-02-18T00:28:42.483+0000] {dag.py:3823} INFO - Setting next_dagrun for xml_to_mysql_etl to 2026-02-17 00:00:00+00:00, run_after=2026-02-18 00:00:00+00:00
[2026-02-18T00:28:42.509+0000] {processor.py:183} INFO - Processing /opt/airflow/dags/DAG_urbania.py took 0.106 seconds
[2026-02-18T00:29:15.278+0000] {processor.py:161} INFO - Started process (PID=826) to work on /opt/airflow/dags/DAG_urbania.py
[2026-02-18T00:29:15.279+0000] {processor.py:830} INFO - Processing file /opt/airflow/dags/DAG_urbania.py for tasks to queue
[2026-02-18T00:29:15.280+0000] {logging_mixin.py:188} INFO - [2026-02-18T00:29:15.279+0000] {dagbag.py:538} INFO - Filling up the DagBag from /opt/airflow/dags/DAG_urbania.py
[2026-02-18T00:29:15.299+0000] {processor.py:840} INFO - DAG(s) 'xml_to_mysql_etl' retrieved from /opt/airflow/dags/DAG_urbania.py
[2026-02-18T00:29:15.342+0000] {logging_mixin.py:188} INFO - [2026-02-18T00:29:15.342+0000] {dag.py:3036} INFO - Sync 1 DAGs
[2026-02-18T00:29:15.359+0000] {logging_mixin.py:188} INFO - [2026-02-18T00:29:15.359+0000] {dag.py:3823} INFO - Setting next_dagrun for xml_to_mysql_etl to 2026-02-17 00:00:00+00:00, run_after=2026-02-18 00:00:00+00:00
[2026-02-18T00:29:15.377+0000] {processor.py:183} INFO - Processing /opt/airflow/dags/DAG_urbania.py took 0.104 seconds
[2026-02-18T00:29:48.226+0000] {processor.py:161} INFO - Started process (PID=831) to work on /opt/airflow/dags/DAG_urbania.py
[2026-02-18T00:29:48.227+0000] {processor.py:830} INFO - Processing file /opt/airflow/dags/DAG_urbania.py for tasks to queue
[2026-02-18T00:29:48.227+0000] {logging_mixin.py:188} INFO - [2026-02-18T00:29:48.227+0000] {dagbag.py:538} INFO - Filling up the DagBag from /opt/airflow/dags/DAG_urbania.py
[2026-02-18T00:29:48.246+0000] {processor.py:840} INFO - DAG(s) 'xml_to_mysql_etl' retrieved from /opt/airflow/dags/DAG_urbania.py
[2026-02-18T00:29:48.289+0000] {logging_mixin.py:188} INFO - [2026-02-18T00:29:48.288+0000] {dag.py:3036} INFO - Sync 1 DAGs
[2026-02-18T00:29:48.305+0000] {logging_mixin.py:188} INFO - [2026-02-18T00:29:48.305+0000] {dag.py:3823} INFO - Setting next_dagrun for xml_to_mysql_etl to 2026-02-17 00:00:00+00:00, run_after=2026-02-18 00:00:00+00:00
[2026-02-18T00:29:48.323+0000] {processor.py:183} INFO - Processing /opt/airflow/dags/DAG_urbania.py took 0.099 seconds
[2026-02-18T00:30:21.104+0000] {processor.py:161} INFO - Started process (PID=836) to work on /opt/airflow/dags/DAG_urbania.py
[2026-02-18T00:30:21.105+0000] {processor.py:830} INFO - Processing file /opt/airflow/dags/DAG_urbania.py for tasks to queue
[2026-02-18T00:30:21.105+0000] {logging_mixin.py:188} INFO - [2026-02-18T00:30:21.105+0000] {dagbag.py:538} INFO - Filling up the DagBag from /opt/airflow/dags/DAG_urbania.py
[2026-02-18T00:30:21.125+0000] {processor.py:840} INFO - DAG(s) 'xml_to_mysql_etl' retrieved from /opt/airflow/dags/DAG_urbania.py
[2026-02-18T00:30:21.168+0000] {logging_mixin.py:188} INFO - [2026-02-18T00:30:21.168+0000] {dag.py:3036} INFO - Sync 1 DAGs
[2026-02-18T00:30:21.185+0000] {logging_mixin.py:188} INFO - [2026-02-18T00:30:21.185+0000] {dag.py:3823} INFO - Setting next_dagrun for xml_to_mysql_etl to 2026-02-17 00:00:00+00:00, run_after=2026-02-18 00:00:00+00:00
[2026-02-18T00:30:21.203+0000] {processor.py:183} INFO - Processing /opt/airflow/dags/DAG_urbania.py took 0.102 seconds
[2026-02-18T00:30:54.048+0000] {processor.py:161} INFO - Started process (PID=841) to work on /opt/airflow/dags/DAG_urbania.py
[2026-02-18T00:30:54.049+0000] {processor.py:830} INFO - Processing file /opt/airflow/dags/DAG_urbania.py for tasks to queue
[2026-02-18T00:30:54.050+0000] {logging_mixin.py:188} INFO - [2026-02-18T00:30:54.050+0000] {dagbag.py:538} INFO - Filling up the DagBag from /opt/airflow/dags/DAG_urbania.py
[2026-02-18T00:30:54.069+0000] {processor.py:840} INFO - DAG(s) 'xml_to_mysql_etl' retrieved from /opt/airflow/dags/DAG_urbania.py
[2026-02-18T00:30:54.111+0000] {logging_mixin.py:188} INFO - [2026-02-18T00:30:54.111+0000] {dag.py:3036} INFO - Sync 1 DAGs
[2026-02-18T00:30:54.128+0000] {logging_mixin.py:188} INFO - [2026-02-18T00:30:54.128+0000] {dag.py:3823} INFO - Setting next_dagrun for xml_to_mysql_etl to 2026-02-17 00:00:00+00:00, run_after=2026-02-18 00:00:00+00:00
[2026-02-18T00:30:54.154+0000] {processor.py:183} INFO - Processing /opt/airflow/dags/DAG_urbania.py took 0.109 seconds
[2026-02-18T00:31:26.021+0000] {processor.py:161} INFO - Started process (PID=846) to work on /opt/airflow/dags/DAG_urbania.py
[2026-02-18T00:31:26.022+0000] {processor.py:830} INFO - Processing file /opt/airflow/dags/DAG_urbania.py for tasks to queue
[2026-02-18T00:31:26.022+0000] {logging_mixin.py:188} INFO - [2026-02-18T00:31:26.022+0000] {dagbag.py:538} INFO - Filling up the DagBag from /opt/airflow/dags/DAG_urbania.py
[2026-02-18T00:31:26.040+0000] {processor.py:840} INFO - DAG(s) 'xml_to_mysql_etl' retrieved from /opt/airflow/dags/DAG_urbania.py
[2026-02-18T00:31:26.083+0000] {logging_mixin.py:188} INFO - [2026-02-18T00:31:26.083+0000] {dag.py:3036} INFO - Sync 1 DAGs
[2026-02-18T00:31:26.100+0000] {logging_mixin.py:188} INFO - [2026-02-18T00:31:26.100+0000] {dag.py:3823} INFO - Setting next_dagrun for xml_to_mysql_etl to 2026-02-17 00:00:00+00:00, run_after=2026-02-18 00:00:00+00:00
[2026-02-18T00:31:26.119+0000] {processor.py:183} INFO - Processing /opt/airflow/dags/DAG_urbania.py took 0.101 seconds
[2026-02-18T00:31:58.906+0000] {processor.py:161} INFO - Started process (PID=851) to work on /opt/airflow/dags/DAG_urbania.py
[2026-02-18T00:31:58.907+0000] {processor.py:830} INFO - Processing file /opt/airflow/dags/DAG_urbania.py for tasks to queue
[2026-02-18T00:31:58.908+0000] {logging_mixin.py:188} INFO - [2026-02-18T00:31:58.907+0000] {dagbag.py:538} INFO - Filling up the DagBag from /opt/airflow/dags/DAG_urbania.py
[2026-02-18T00:31:58.929+0000] {processor.py:840} INFO - DAG(s) 'xml_to_mysql_etl' retrieved from /opt/airflow/dags/DAG_urbania.py
[2026-02-18T00:31:58.973+0000] {logging_mixin.py:188} INFO - [2026-02-18T00:31:58.972+0000] {dag.py:3036} INFO - Sync 1 DAGs
[2026-02-18T00:31:58.990+0000] {logging_mixin.py:188} INFO - [2026-02-18T00:31:58.989+0000] {dag.py:3823} INFO - Setting next_dagrun for xml_to_mysql_etl to 2026-02-17 00:00:00+00:00, run_after=2026-02-18 00:00:00+00:00
[2026-02-18T00:31:59.007+0000] {processor.py:183} INFO - Processing /opt/airflow/dags/DAG_urbania.py took 0.104 seconds
[2026-02-18T00:32:31.833+0000] {processor.py:161} INFO - Started process (PID=856) to work on /opt/airflow/dags/DAG_urbania.py
[2026-02-18T00:32:31.834+0000] {processor.py:830} INFO - Processing file /opt/airflow/dags/DAG_urbania.py for tasks to queue
[2026-02-18T00:32:31.834+0000] {logging_mixin.py:188} INFO - [2026-02-18T00:32:31.834+0000] {dagbag.py:538} INFO - Filling up the DagBag from /opt/airflow/dags/DAG_urbania.py
[2026-02-18T00:32:31.855+0000] {processor.py:840} INFO - DAG(s) 'xml_to_mysql_etl' retrieved from /opt/airflow/dags/DAG_urbania.py
[2026-02-18T00:32:31.897+0000] {logging_mixin.py:188} INFO - [2026-02-18T00:32:31.897+0000] {dag.py:3036} INFO - Sync 1 DAGs
[2026-02-18T00:32:31.915+0000] {logging_mixin.py:188} INFO - [2026-02-18T00:32:31.915+0000] {dag.py:3823} INFO - Setting next_dagrun for xml_to_mysql_etl to 2026-02-17 00:00:00+00:00, run_after=2026-02-18 00:00:00+00:00
[2026-02-18T00:32:31.933+0000] {processor.py:183} INFO - Processing /opt/airflow/dags/DAG_urbania.py took 0.103 seconds
[2026-02-18T00:33:04.726+0000] {processor.py:161} INFO - Started process (PID=861) to work on /opt/airflow/dags/DAG_urbania.py
[2026-02-18T00:33:04.727+0000] {processor.py:830} INFO - Processing file /opt/airflow/dags/DAG_urbania.py for tasks to queue
[2026-02-18T00:33:04.728+0000] {logging_mixin.py:188} INFO - [2026-02-18T00:33:04.727+0000] {dagbag.py:538} INFO - Filling up the DagBag from /opt/airflow/dags/DAG_urbania.py
[2026-02-18T00:33:04.748+0000] {processor.py:840} INFO - DAG(s) 'xml_to_mysql_etl' retrieved from /opt/airflow/dags/DAG_urbania.py
[2026-02-18T00:33:04.796+0000] {logging_mixin.py:188} INFO - [2026-02-18T00:33:04.796+0000] {dag.py:3036} INFO - Sync 1 DAGs
[2026-02-18T00:33:04.815+0000] {logging_mixin.py:188} INFO - [2026-02-18T00:33:04.815+0000] {dag.py:3823} INFO - Setting next_dagrun for xml_to_mysql_etl to 2026-02-17 00:00:00+00:00, run_after=2026-02-18 00:00:00+00:00
[2026-02-18T00:33:04.835+0000] {processor.py:183} INFO - Processing /opt/airflow/dags/DAG_urbania.py took 0.113 seconds
[2026-02-18T00:33:37.642+0000] {processor.py:161} INFO - Started process (PID=866) to work on /opt/airflow/dags/DAG_urbania.py
[2026-02-18T00:33:37.643+0000] {processor.py:830} INFO - Processing file /opt/airflow/dags/DAG_urbania.py for tasks to queue
[2026-02-18T00:33:37.644+0000] {logging_mixin.py:188} INFO - [2026-02-18T00:33:37.643+0000] {dagbag.py:538} INFO - Filling up the DagBag from /opt/airflow/dags/DAG_urbania.py
[2026-02-18T00:33:37.663+0000] {processor.py:840} INFO - DAG(s) 'xml_to_mysql_etl' retrieved from /opt/airflow/dags/DAG_urbania.py
[2026-02-18T00:33:37.707+0000] {logging_mixin.py:188} INFO - [2026-02-18T00:33:37.707+0000] {dag.py:3036} INFO - Sync 1 DAGs
[2026-02-18T00:33:37.726+0000] {logging_mixin.py:188} INFO - [2026-02-18T00:33:37.725+0000] {dag.py:3823} INFO - Setting next_dagrun for xml_to_mysql_etl to 2026-02-17 00:00:00+00:00, run_after=2026-02-18 00:00:00+00:00
[2026-02-18T00:33:37.754+0000] {processor.py:183} INFO - Processing /opt/airflow/dags/DAG_urbania.py took 0.115 seconds
[2026-02-18T00:34:09.620+0000] {processor.py:161} INFO - Started process (PID=871) to work on /opt/airflow/dags/DAG_urbania.py
[2026-02-18T00:34:09.621+0000] {processor.py:830} INFO - Processing file /opt/airflow/dags/DAG_urbania.py for tasks to queue
[2026-02-18T00:34:09.622+0000] {logging_mixin.py:188} INFO - [2026-02-18T00:34:09.621+0000] {dagbag.py:538} INFO - Filling up the DagBag from /opt/airflow/dags/DAG_urbania.py
[2026-02-18T00:34:09.642+0000] {processor.py:840} INFO - DAG(s) 'xml_to_mysql_etl' retrieved from /opt/airflow/dags/DAG_urbania.py
[2026-02-18T00:34:09.685+0000] {logging_mixin.py:188} INFO - [2026-02-18T00:34:09.685+0000] {dag.py:3036} INFO - Sync 1 DAGs
[2026-02-18T00:34:09.701+0000] {logging_mixin.py:188} INFO - [2026-02-18T00:34:09.701+0000] {dag.py:3823} INFO - Setting next_dagrun for xml_to_mysql_etl to 2026-02-17 00:00:00+00:00, run_after=2026-02-18 00:00:00+00:00
[2026-02-18T00:34:09.728+0000] {processor.py:183} INFO - Processing /opt/airflow/dags/DAG_urbania.py took 0.110 seconds
[2026-02-18T00:34:42.479+0000] {processor.py:161} INFO - Started process (PID=876) to work on /opt/airflow/dags/DAG_urbania.py
[2026-02-18T00:34:42.480+0000] {processor.py:830} INFO - Processing file /opt/airflow/dags/DAG_urbania.py for tasks to queue
[2026-02-18T00:34:42.481+0000] {logging_mixin.py:188} INFO - [2026-02-18T00:34:42.480+0000] {dagbag.py:538} INFO - Filling up the DagBag from /opt/airflow/dags/DAG_urbania.py
[2026-02-18T00:34:42.499+0000] {processor.py:840} INFO - DAG(s) 'xml_to_mysql_etl' retrieved from /opt/airflow/dags/DAG_urbania.py
[2026-02-18T00:34:42.542+0000] {logging_mixin.py:188} INFO - [2026-02-18T00:34:42.542+0000] {dag.py:3036} INFO - Sync 1 DAGs
[2026-02-18T00:34:42.559+0000] {logging_mixin.py:188} INFO - [2026-02-18T00:34:42.559+0000] {dag.py:3823} INFO - Setting next_dagrun for xml_to_mysql_etl to 2026-02-17 00:00:00+00:00, run_after=2026-02-18 00:00:00+00:00
[2026-02-18T00:34:42.588+0000] {processor.py:183} INFO - Processing /opt/airflow/dags/DAG_urbania.py took 0.112 seconds
[2026-02-18T00:35:15.448+0000] {processor.py:161} INFO - Started process (PID=881) to work on /opt/airflow/dags/DAG_urbania.py
[2026-02-18T00:35:15.449+0000] {processor.py:830} INFO - Processing file /opt/airflow/dags/DAG_urbania.py for tasks to queue
[2026-02-18T00:35:15.450+0000] {logging_mixin.py:188} INFO - [2026-02-18T00:35:15.450+0000] {dagbag.py:538} INFO - Filling up the DagBag from /opt/airflow/dags/DAG_urbania.py
[2026-02-18T00:35:15.469+0000] {processor.py:840} INFO - DAG(s) 'xml_to_mysql_etl' retrieved from /opt/airflow/dags/DAG_urbania.py
[2026-02-18T00:35:15.511+0000] {logging_mixin.py:188} INFO - [2026-02-18T00:35:15.511+0000] {dag.py:3036} INFO - Sync 1 DAGs
[2026-02-18T00:35:15.527+0000] {logging_mixin.py:188} INFO - [2026-02-18T00:35:15.527+0000] {dag.py:3823} INFO - Setting next_dagrun for xml_to_mysql_etl to 2026-02-17 00:00:00+00:00, run_after=2026-02-18 00:00:00+00:00
[2026-02-18T00:35:15.553+0000] {processor.py:183} INFO - Processing /opt/airflow/dags/DAG_urbania.py took 0.108 seconds
[2026-02-18T00:35:48.315+0000] {processor.py:161} INFO - Started process (PID=886) to work on /opt/airflow/dags/DAG_urbania.py
[2026-02-18T00:35:48.316+0000] {processor.py:830} INFO - Processing file /opt/airflow/dags/DAG_urbania.py for tasks to queue
[2026-02-18T00:35:48.317+0000] {logging_mixin.py:188} INFO - [2026-02-18T00:35:48.316+0000] {dagbag.py:538} INFO - Filling up the DagBag from /opt/airflow/dags/DAG_urbania.py
[2026-02-18T00:35:48.335+0000] {processor.py:840} INFO - DAG(s) 'xml_to_mysql_etl' retrieved from /opt/airflow/dags/DAG_urbania.py
[2026-02-18T00:35:48.380+0000] {logging_mixin.py:188} INFO - [2026-02-18T00:35:48.379+0000] {dag.py:3036} INFO - Sync 1 DAGs
[2026-02-18T00:35:48.397+0000] {logging_mixin.py:188} INFO - [2026-02-18T00:35:48.397+0000] {dag.py:3823} INFO - Setting next_dagrun for xml_to_mysql_etl to 2026-02-17 00:00:00+00:00, run_after=2026-02-18 00:00:00+00:00
[2026-02-18T00:35:48.418+0000] {processor.py:183} INFO - Processing /opt/airflow/dags/DAG_urbania.py took 0.106 seconds
[2026-02-18T00:36:21.266+0000] {processor.py:161} INFO - Started process (PID=891) to work on /opt/airflow/dags/DAG_urbania.py
[2026-02-18T00:36:21.267+0000] {processor.py:830} INFO - Processing file /opt/airflow/dags/DAG_urbania.py for tasks to queue
[2026-02-18T00:36:21.269+0000] {logging_mixin.py:188} INFO - [2026-02-18T00:36:21.268+0000] {dagbag.py:538} INFO - Filling up the DagBag from /opt/airflow/dags/DAG_urbania.py
[2026-02-18T00:36:21.287+0000] {processor.py:840} INFO - DAG(s) 'xml_to_mysql_etl' retrieved from /opt/airflow/dags/DAG_urbania.py
[2026-02-18T00:36:21.332+0000] {logging_mixin.py:188} INFO - [2026-02-18T00:36:21.332+0000] {dag.py:3036} INFO - Sync 1 DAGs
[2026-02-18T00:36:21.350+0000] {logging_mixin.py:188} INFO - [2026-02-18T00:36:21.350+0000] {dag.py:3823} INFO - Setting next_dagrun for xml_to_mysql_etl to 2026-02-17 00:00:00+00:00, run_after=2026-02-18 00:00:00+00:00
[2026-02-18T00:36:21.377+0000] {processor.py:183} INFO - Processing /opt/airflow/dags/DAG_urbania.py took 0.113 seconds
[2026-02-18T00:36:54.155+0000] {processor.py:161} INFO - Started process (PID=896) to work on /opt/airflow/dags/DAG_urbania.py
[2026-02-18T00:36:54.156+0000] {processor.py:830} INFO - Processing file /opt/airflow/dags/DAG_urbania.py for tasks to queue
[2026-02-18T00:36:54.157+0000] {logging_mixin.py:188} INFO - [2026-02-18T00:36:54.156+0000] {dagbag.py:538} INFO - Filling up the DagBag from /opt/airflow/dags/DAG_urbania.py
[2026-02-18T00:36:54.175+0000] {processor.py:840} INFO - DAG(s) 'xml_to_mysql_etl' retrieved from /opt/airflow/dags/DAG_urbania.py
[2026-02-18T00:36:54.218+0000] {logging_mixin.py:188} INFO - [2026-02-18T00:36:54.218+0000] {dag.py:3036} INFO - Sync 1 DAGs
[2026-02-18T00:36:54.235+0000] {logging_mixin.py:188} INFO - [2026-02-18T00:36:54.235+0000] {dag.py:3823} INFO - Setting next_dagrun for xml_to_mysql_etl to 2026-02-17 00:00:00+00:00, run_after=2026-02-18 00:00:00+00:00
[2026-02-18T00:36:54.253+0000] {processor.py:183} INFO - Processing /opt/airflow/dags/DAG_urbania.py took 0.100 seconds
[2026-02-18T00:37:26.097+0000] {processor.py:161} INFO - Started process (PID=901) to work on /opt/airflow/dags/DAG_urbania.py
[2026-02-18T00:37:26.098+0000] {processor.py:830} INFO - Processing file /opt/airflow/dags/DAG_urbania.py for tasks to queue
[2026-02-18T00:37:26.099+0000] {logging_mixin.py:188} INFO - [2026-02-18T00:37:26.098+0000] {dagbag.py:538} INFO - Filling up the DagBag from /opt/airflow/dags/DAG_urbania.py
[2026-02-18T00:37:26.118+0000] {processor.py:840} INFO - DAG(s) 'xml_to_mysql_etl' retrieved from /opt/airflow/dags/DAG_urbania.py
[2026-02-18T00:37:26.160+0000] {logging_mixin.py:188} INFO - [2026-02-18T00:37:26.160+0000] {dag.py:3036} INFO - Sync 1 DAGs
[2026-02-18T00:37:26.177+0000] {logging_mixin.py:188} INFO - [2026-02-18T00:37:26.177+0000] {dag.py:3823} INFO - Setting next_dagrun for xml_to_mysql_etl to 2026-02-17 00:00:00+00:00, run_after=2026-02-18 00:00:00+00:00
[2026-02-18T00:37:26.200+0000] {processor.py:183} INFO - Processing /opt/airflow/dags/DAG_urbania.py took 0.106 seconds
[2026-02-18T00:37:58.965+0000] {processor.py:161} INFO - Started process (PID=906) to work on /opt/airflow/dags/DAG_urbania.py
[2026-02-18T00:37:58.966+0000] {processor.py:830} INFO - Processing file /opt/airflow/dags/DAG_urbania.py for tasks to queue
[2026-02-18T00:37:58.967+0000] {logging_mixin.py:188} INFO - [2026-02-18T00:37:58.967+0000] {dagbag.py:538} INFO - Filling up the DagBag from /opt/airflow/dags/DAG_urbania.py
[2026-02-18T00:37:58.986+0000] {processor.py:840} INFO - DAG(s) 'xml_to_mysql_etl' retrieved from /opt/airflow/dags/DAG_urbania.py
[2026-02-18T00:37:59.046+0000] {logging_mixin.py:188} INFO - [2026-02-18T00:37:59.045+0000] {dag.py:3036} INFO - Sync 1 DAGs
[2026-02-18T00:37:59.063+0000] {logging_mixin.py:188} INFO - [2026-02-18T00:37:59.063+0000] {dag.py:3823} INFO - Setting next_dagrun for xml_to_mysql_etl to 2026-02-17 00:00:00+00:00, run_after=2026-02-18 00:00:00+00:00
[2026-02-18T00:37:59.084+0000] {processor.py:183} INFO - Processing /opt/airflow/dags/DAG_urbania.py took 0.122 seconds
[2026-02-18T00:38:31.922+0000] {processor.py:161} INFO - Started process (PID=911) to work on /opt/airflow/dags/DAG_urbania.py
[2026-02-18T00:38:31.923+0000] {processor.py:830} INFO - Processing file /opt/airflow/dags/DAG_urbania.py for tasks to queue
[2026-02-18T00:38:31.924+0000] {logging_mixin.py:188} INFO - [2026-02-18T00:38:31.924+0000] {dagbag.py:538} INFO - Filling up the DagBag from /opt/airflow/dags/DAG_urbania.py
[2026-02-18T00:38:31.946+0000] {processor.py:840} INFO - DAG(s) 'xml_to_mysql_etl' retrieved from /opt/airflow/dags/DAG_urbania.py
[2026-02-18T00:38:31.988+0000] {logging_mixin.py:188} INFO - [2026-02-18T00:38:31.988+0000] {dag.py:3036} INFO - Sync 1 DAGs
[2026-02-18T00:38:32.005+0000] {logging_mixin.py:188} INFO - [2026-02-18T00:38:32.005+0000] {dag.py:3823} INFO - Setting next_dagrun for xml_to_mysql_etl to 2026-02-17 00:00:00+00:00, run_after=2026-02-18 00:00:00+00:00
[2026-02-18T00:38:32.023+0000] {processor.py:183} INFO - Processing /opt/airflow/dags/DAG_urbania.py took 0.103 seconds
[2026-02-18T00:39:04.813+0000] {processor.py:161} INFO - Started process (PID=916) to work on /opt/airflow/dags/DAG_urbania.py
[2026-02-18T00:39:04.814+0000] {processor.py:830} INFO - Processing file /opt/airflow/dags/DAG_urbania.py for tasks to queue
[2026-02-18T00:39:04.814+0000] {logging_mixin.py:188} INFO - [2026-02-18T00:39:04.814+0000] {dagbag.py:538} INFO - Filling up the DagBag from /opt/airflow/dags/DAG_urbania.py
[2026-02-18T00:39:04.834+0000] {processor.py:840} INFO - DAG(s) 'xml_to_mysql_etl' retrieved from /opt/airflow/dags/DAG_urbania.py
[2026-02-18T00:39:04.878+0000] {logging_mixin.py:188} INFO - [2026-02-18T00:39:04.878+0000] {dag.py:3036} INFO - Sync 1 DAGs
[2026-02-18T00:39:04.895+0000] {logging_mixin.py:188} INFO - [2026-02-18T00:39:04.895+0000] {dag.py:3823} INFO - Setting next_dagrun for xml_to_mysql_etl to 2026-02-17 00:00:00+00:00, run_after=2026-02-18 00:00:00+00:00
[2026-02-18T00:39:04.914+0000] {processor.py:183} INFO - Processing /opt/airflow/dags/DAG_urbania.py took 0.105 seconds
[2026-02-18T00:39:37.739+0000] {processor.py:161} INFO - Started process (PID=921) to work on /opt/airflow/dags/DAG_urbania.py
[2026-02-18T00:39:37.740+0000] {processor.py:830} INFO - Processing file /opt/airflow/dags/DAG_urbania.py for tasks to queue
[2026-02-18T00:39:37.741+0000] {logging_mixin.py:188} INFO - [2026-02-18T00:39:37.740+0000] {dagbag.py:538} INFO - Filling up the DagBag from /opt/airflow/dags/DAG_urbania.py
[2026-02-18T00:39:37.758+0000] {processor.py:840} INFO - DAG(s) 'xml_to_mysql_etl' retrieved from /opt/airflow/dags/DAG_urbania.py
[2026-02-18T00:39:37.802+0000] {logging_mixin.py:188} INFO - [2026-02-18T00:39:37.802+0000] {dag.py:3036} INFO - Sync 1 DAGs
[2026-02-18T00:39:37.822+0000] {logging_mixin.py:188} INFO - [2026-02-18T00:39:37.822+0000] {dag.py:3823} INFO - Setting next_dagrun for xml_to_mysql_etl to 2026-02-17 00:00:00+00:00, run_after=2026-02-18 00:00:00+00:00
[2026-02-18T00:39:37.843+0000] {processor.py:183} INFO - Processing /opt/airflow/dags/DAG_urbania.py took 0.107 seconds
[2026-02-18T01:27:20.048+0000] {processor.py:161} INFO - Started process (PID=198) to work on /opt/airflow/dags/DAG_urbania.py
[2026-02-18T01:27:20.049+0000] {processor.py:830} INFO - Processing file /opt/airflow/dags/DAG_urbania.py for tasks to queue
[2026-02-18T01:27:20.050+0000] {logging_mixin.py:188} INFO - [2026-02-18T01:27:20.050+0000] {dagbag.py:538} INFO - Filling up the DagBag from /opt/airflow/dags/DAG_urbania.py
[2026-02-18T01:27:20.073+0000] {processor.py:840} INFO - DAG(s) 'xml_to_mysql_etl' retrieved from /opt/airflow/dags/DAG_urbania.py
[2026-02-18T01:27:20.206+0000] {logging_mixin.py:188} INFO - [2026-02-18T01:27:20.205+0000] {override.py:1769} INFO - Created Permission View: can delete on DAG:xml_to_mysql_etl
[2026-02-18T01:27:20.217+0000] {logging_mixin.py:188} INFO - [2026-02-18T01:27:20.216+0000] {override.py:1769} INFO - Created Permission View: can edit on DAG:xml_to_mysql_etl
[2026-02-18T01:27:20.226+0000] {logging_mixin.py:188} INFO - [2026-02-18T01:27:20.226+0000] {override.py:1769} INFO - Created Permission View: can read on DAG:xml_to_mysql_etl
[2026-02-18T01:27:20.227+0000] {logging_mixin.py:188} INFO - [2026-02-18T01:27:20.227+0000] {dag.py:3036} INFO - Sync 1 DAGs
[2026-02-18T01:27:20.237+0000] {logging_mixin.py:188} INFO - [2026-02-18T01:27:20.237+0000] {dag.py:3058} INFO - Creating ORM DAG for xml_to_mysql_etl
[2026-02-18T01:27:20.247+0000] {logging_mixin.py:188} INFO - [2026-02-18T01:27:20.247+0000] {dag.py:3823} INFO - Setting next_dagrun for xml_to_mysql_etl to 2026-02-17 00:00:00+00:00, run_after=2026-02-18 00:00:00+00:00
[2026-02-18T01:27:20.268+0000] {processor.py:183} INFO - Processing /opt/airflow/dags/DAG_urbania.py took 0.223 seconds
[2026-02-18T01:27:50.941+0000] {processor.py:161} INFO - Started process (PID=210) to work on /opt/airflow/dags/DAG_urbania.py
[2026-02-18T01:27:50.942+0000] {processor.py:830} INFO - Processing file /opt/airflow/dags/DAG_urbania.py for tasks to queue
[2026-02-18T01:27:50.943+0000] {logging_mixin.py:188} INFO - [2026-02-18T01:27:50.942+0000] {dagbag.py:538} INFO - Filling up the DagBag from /opt/airflow/dags/DAG_urbania.py
[2026-02-18T01:27:50.963+0000] {processor.py:840} INFO - DAG(s) 'xml_to_mysql_etl' retrieved from /opt/airflow/dags/DAG_urbania.py
[2026-02-18T01:27:51.064+0000] {logging_mixin.py:188} INFO - [2026-02-18T01:27:51.064+0000] {dag.py:3036} INFO - Sync 1 DAGs
[2026-02-18T01:27:51.084+0000] {logging_mixin.py:188} INFO - [2026-02-18T01:27:51.083+0000] {dag.py:3823} INFO - Setting next_dagrun for xml_to_mysql_etl to 2026-02-17 00:00:00+00:00, run_after=2026-02-18 00:00:00+00:00
[2026-02-18T01:27:51.112+0000] {processor.py:183} INFO - Processing /opt/airflow/dags/DAG_urbania.py took 0.174 seconds
[2026-02-18T01:28:21.987+0000] {processor.py:161} INFO - Started process (PID=215) to work on /opt/airflow/dags/DAG_urbania.py
[2026-02-18T01:28:21.988+0000] {processor.py:830} INFO - Processing file /opt/airflow/dags/DAG_urbania.py for tasks to queue
[2026-02-18T01:28:21.989+0000] {logging_mixin.py:188} INFO - [2026-02-18T01:28:21.989+0000] {dagbag.py:538} INFO - Filling up the DagBag from /opt/airflow/dags/DAG_urbania.py
[2026-02-18T01:28:22.010+0000] {processor.py:840} INFO - DAG(s) 'xml_to_mysql_etl' retrieved from /opt/airflow/dags/DAG_urbania.py
[2026-02-18T01:28:22.054+0000] {logging_mixin.py:188} INFO - [2026-02-18T01:28:22.054+0000] {dag.py:3036} INFO - Sync 1 DAGs
[2026-02-18T01:28:22.075+0000] {logging_mixin.py:188} INFO - [2026-02-18T01:28:22.075+0000] {dag.py:3823} INFO - Setting next_dagrun for xml_to_mysql_etl to 2026-02-17 00:00:00+00:00, run_after=2026-02-18 00:00:00+00:00
[2026-02-18T01:28:22.106+0000] {processor.py:183} INFO - Processing /opt/airflow/dags/DAG_urbania.py took 0.123 seconds
[2026-02-18T01:28:52.843+0000] {processor.py:161} INFO - Started process (PID=220) to work on /opt/airflow/dags/DAG_urbania.py
[2026-02-18T01:28:52.844+0000] {processor.py:830} INFO - Processing file /opt/airflow/dags/DAG_urbania.py for tasks to queue
[2026-02-18T01:28:52.844+0000] {logging_mixin.py:188} INFO - [2026-02-18T01:28:52.844+0000] {dagbag.py:538} INFO - Filling up the DagBag from /opt/airflow/dags/DAG_urbania.py
[2026-02-18T01:28:52.863+0000] {processor.py:840} INFO - DAG(s) 'xml_to_mysql_etl' retrieved from /opt/airflow/dags/DAG_urbania.py
[2026-02-18T01:28:52.907+0000] {logging_mixin.py:188} INFO - [2026-02-18T01:28:52.907+0000] {dag.py:3036} INFO - Sync 1 DAGs
[2026-02-18T01:28:52.924+0000] {logging_mixin.py:188} INFO - [2026-02-18T01:28:52.923+0000] {dag.py:3823} INFO - Setting next_dagrun for xml_to_mysql_etl to 2026-02-17 00:00:00+00:00, run_after=2026-02-18 00:00:00+00:00
[2026-02-18T01:28:52.950+0000] {processor.py:183} INFO - Processing /opt/airflow/dags/DAG_urbania.py took 0.110 seconds
[2026-02-18T01:29:23.822+0000] {processor.py:161} INFO - Started process (PID=225) to work on /opt/airflow/dags/DAG_urbania.py
[2026-02-18T01:29:23.822+0000] {processor.py:830} INFO - Processing file /opt/airflow/dags/DAG_urbania.py for tasks to queue
[2026-02-18T01:29:23.823+0000] {logging_mixin.py:188} INFO - [2026-02-18T01:29:23.823+0000] {dagbag.py:538} INFO - Filling up the DagBag from /opt/airflow/dags/DAG_urbania.py
[2026-02-18T01:29:23.842+0000] {processor.py:840} INFO - DAG(s) 'xml_to_mysql_etl' retrieved from /opt/airflow/dags/DAG_urbania.py
[2026-02-18T01:29:23.885+0000] {logging_mixin.py:188} INFO - [2026-02-18T01:29:23.885+0000] {dag.py:3036} INFO - Sync 1 DAGs
[2026-02-18T01:29:23.902+0000] {logging_mixin.py:188} INFO - [2026-02-18T01:29:23.902+0000] {dag.py:3823} INFO - Setting next_dagrun for xml_to_mysql_etl to 2026-02-17 00:00:00+00:00, run_after=2026-02-18 00:00:00+00:00
[2026-02-18T01:29:23.920+0000] {processor.py:183} INFO - Processing /opt/airflow/dags/DAG_urbania.py took 0.100 seconds
[2026-02-18T01:29:54.683+0000] {processor.py:161} INFO - Started process (PID=230) to work on /opt/airflow/dags/DAG_urbania.py
[2026-02-18T01:29:54.684+0000] {processor.py:830} INFO - Processing file /opt/airflow/dags/DAG_urbania.py for tasks to queue
[2026-02-18T01:29:54.685+0000] {logging_mixin.py:188} INFO - [2026-02-18T01:29:54.685+0000] {dagbag.py:538} INFO - Filling up the DagBag from /opt/airflow/dags/DAG_urbania.py
[2026-02-18T01:29:54.703+0000] {processor.py:840} INFO - DAG(s) 'xml_to_mysql_etl' retrieved from /opt/airflow/dags/DAG_urbania.py
[2026-02-18T01:29:54.755+0000] {logging_mixin.py:188} INFO - [2026-02-18T01:29:54.755+0000] {dag.py:3036} INFO - Sync 1 DAGs
[2026-02-18T01:29:54.778+0000] {logging_mixin.py:188} INFO - [2026-02-18T01:29:54.778+0000] {dag.py:3823} INFO - Setting next_dagrun for xml_to_mysql_etl to 2026-02-17 00:00:00+00:00, run_after=2026-02-18 00:00:00+00:00
[2026-02-18T01:29:54.802+0000] {processor.py:183} INFO - Processing /opt/airflow/dags/DAG_urbania.py took 0.122 seconds
[2026-02-18T01:30:25.619+0000] {processor.py:161} INFO - Started process (PID=235) to work on /opt/airflow/dags/DAG_urbania.py
[2026-02-18T01:30:25.620+0000] {processor.py:830} INFO - Processing file /opt/airflow/dags/DAG_urbania.py for tasks to queue
[2026-02-18T01:30:25.620+0000] {logging_mixin.py:188} INFO - [2026-02-18T01:30:25.620+0000] {dagbag.py:538} INFO - Filling up the DagBag from /opt/airflow/dags/DAG_urbania.py
[2026-02-18T01:30:25.637+0000] {processor.py:840} INFO - DAG(s) 'xml_to_mysql_etl' retrieved from /opt/airflow/dags/DAG_urbania.py
[2026-02-18T01:30:25.679+0000] {logging_mixin.py:188} INFO - [2026-02-18T01:30:25.679+0000] {dag.py:3036} INFO - Sync 1 DAGs
[2026-02-18T01:30:25.695+0000] {logging_mixin.py:188} INFO - [2026-02-18T01:30:25.695+0000] {dag.py:3823} INFO - Setting next_dagrun for xml_to_mysql_etl to 2026-02-17 00:00:00+00:00, run_after=2026-02-18 00:00:00+00:00
[2026-02-18T01:30:25.715+0000] {processor.py:183} INFO - Processing /opt/airflow/dags/DAG_urbania.py took 0.099 seconds
[2026-02-18T01:30:56.504+0000] {processor.py:161} INFO - Started process (PID=240) to work on /opt/airflow/dags/DAG_urbania.py
[2026-02-18T01:30:56.505+0000] {processor.py:830} INFO - Processing file /opt/airflow/dags/DAG_urbania.py for tasks to queue
[2026-02-18T01:30:56.506+0000] {logging_mixin.py:188} INFO - [2026-02-18T01:30:56.506+0000] {dagbag.py:538} INFO - Filling up the DagBag from /opt/airflow/dags/DAG_urbania.py
[2026-02-18T01:30:56.525+0000] {processor.py:840} INFO - DAG(s) 'xml_to_mysql_etl' retrieved from /opt/airflow/dags/DAG_urbania.py
[2026-02-18T01:30:56.571+0000] {logging_mixin.py:188} INFO - [2026-02-18T01:30:56.571+0000] {dag.py:3036} INFO - Sync 1 DAGs
[2026-02-18T01:30:56.589+0000] {logging_mixin.py:188} INFO - [2026-02-18T01:30:56.589+0000] {dag.py:3823} INFO - Setting next_dagrun for xml_to_mysql_etl to 2026-02-17 00:00:00+00:00, run_after=2026-02-18 00:00:00+00:00
[2026-02-18T01:30:56.616+0000] {processor.py:183} INFO - Processing /opt/airflow/dags/DAG_urbania.py took 0.115 seconds
[2026-02-18T01:31:27.428+0000] {processor.py:161} INFO - Started process (PID=245) to work on /opt/airflow/dags/DAG_urbania.py
[2026-02-18T01:31:27.429+0000] {processor.py:830} INFO - Processing file /opt/airflow/dags/DAG_urbania.py for tasks to queue
[2026-02-18T01:31:27.430+0000] {logging_mixin.py:188} INFO - [2026-02-18T01:31:27.429+0000] {dagbag.py:538} INFO - Filling up the DagBag from /opt/airflow/dags/DAG_urbania.py
[2026-02-18T01:31:27.449+0000] {processor.py:840} INFO - DAG(s) 'xml_to_mysql_etl' retrieved from /opt/airflow/dags/DAG_urbania.py
[2026-02-18T01:31:27.492+0000] {logging_mixin.py:188} INFO - [2026-02-18T01:31:27.491+0000] {dag.py:3036} INFO - Sync 1 DAGs
[2026-02-18T01:31:27.510+0000] {logging_mixin.py:188} INFO - [2026-02-18T01:31:27.510+0000] {dag.py:3823} INFO - Setting next_dagrun for xml_to_mysql_etl to 2026-02-17 00:00:00+00:00, run_after=2026-02-18 00:00:00+00:00
[2026-02-18T01:31:27.530+0000] {processor.py:183} INFO - Processing /opt/airflow/dags/DAG_urbania.py took 0.105 seconds
[2026-02-18T01:31:59.319+0000] {processor.py:161} INFO - Started process (PID=250) to work on /opt/airflow/dags/DAG_urbania.py
[2026-02-18T01:31:59.320+0000] {processor.py:830} INFO - Processing file /opt/airflow/dags/DAG_urbania.py for tasks to queue
[2026-02-18T01:31:59.321+0000] {logging_mixin.py:188} INFO - [2026-02-18T01:31:59.321+0000] {dagbag.py:538} INFO - Filling up the DagBag from /opt/airflow/dags/DAG_urbania.py
[2026-02-18T01:31:59.342+0000] {processor.py:840} INFO - DAG(s) 'xml_to_mysql_etl' retrieved from /opt/airflow/dags/DAG_urbania.py
[2026-02-18T01:31:59.389+0000] {logging_mixin.py:188} INFO - [2026-02-18T01:31:59.389+0000] {dag.py:3036} INFO - Sync 1 DAGs
[2026-02-18T01:31:59.409+0000] {logging_mixin.py:188} INFO - [2026-02-18T01:31:59.409+0000] {dag.py:3823} INFO - Setting next_dagrun for xml_to_mysql_etl to 2026-02-17 00:00:00+00:00, run_after=2026-02-18 00:00:00+00:00
[2026-02-18T01:31:59.431+0000] {processor.py:183} INFO - Processing /opt/airflow/dags/DAG_urbania.py took 0.115 seconds
[2026-02-18T01:32:32.284+0000] {processor.py:161} INFO - Started process (PID=255) to work on /opt/airflow/dags/DAG_urbania.py
[2026-02-18T01:32:32.284+0000] {processor.py:830} INFO - Processing file /opt/airflow/dags/DAG_urbania.py for tasks to queue
[2026-02-18T01:32:32.285+0000] {logging_mixin.py:188} INFO - [2026-02-18T01:32:32.285+0000] {dagbag.py:538} INFO - Filling up the DagBag from /opt/airflow/dags/DAG_urbania.py
[2026-02-18T01:32:32.303+0000] {processor.py:840} INFO - DAG(s) 'xml_to_mysql_etl' retrieved from /opt/airflow/dags/DAG_urbania.py
[2026-02-18T01:32:32.344+0000] {logging_mixin.py:188} INFO - [2026-02-18T01:32:32.343+0000] {dag.py:3036} INFO - Sync 1 DAGs
[2026-02-18T01:32:32.359+0000] {logging_mixin.py:188} INFO - [2026-02-18T01:32:32.359+0000] {dag.py:3823} INFO - Setting next_dagrun for xml_to_mysql_etl to 2026-02-17 00:00:00+00:00, run_after=2026-02-18 00:00:00+00:00
[2026-02-18T01:32:32.378+0000] {processor.py:183} INFO - Processing /opt/airflow/dags/DAG_urbania.py took 0.096 seconds
[2026-02-18T01:33:05.169+0000] {processor.py:161} INFO - Started process (PID=260) to work on /opt/airflow/dags/DAG_urbania.py
[2026-02-18T01:33:05.170+0000] {processor.py:830} INFO - Processing file /opt/airflow/dags/DAG_urbania.py for tasks to queue
[2026-02-18T01:33:05.171+0000] {logging_mixin.py:188} INFO - [2026-02-18T01:33:05.171+0000] {dagbag.py:538} INFO - Filling up the DagBag from /opt/airflow/dags/DAG_urbania.py
[2026-02-18T01:33:05.188+0000] {processor.py:840} INFO - DAG(s) 'xml_to_mysql_etl' retrieved from /opt/airflow/dags/DAG_urbania.py
[2026-02-18T01:33:05.231+0000] {logging_mixin.py:188} INFO - [2026-02-18T01:33:05.231+0000] {dag.py:3036} INFO - Sync 1 DAGs
[2026-02-18T01:33:05.248+0000] {logging_mixin.py:188} INFO - [2026-02-18T01:33:05.248+0000] {dag.py:3823} INFO - Setting next_dagrun for xml_to_mysql_etl to 2026-02-17 00:00:00+00:00, run_after=2026-02-18 00:00:00+00:00
[2026-02-18T01:33:05.275+0000] {processor.py:183} INFO - Processing /opt/airflow/dags/DAG_urbania.py took 0.109 seconds
[2026-02-18T01:33:38.097+0000] {processor.py:161} INFO - Started process (PID=265) to work on /opt/airflow/dags/DAG_urbania.py
[2026-02-18T01:33:38.098+0000] {processor.py:830} INFO - Processing file /opt/airflow/dags/DAG_urbania.py for tasks to queue
[2026-02-18T01:33:38.099+0000] {logging_mixin.py:188} INFO - [2026-02-18T01:33:38.098+0000] {dagbag.py:538} INFO - Filling up the DagBag from /opt/airflow/dags/DAG_urbania.py
[2026-02-18T01:33:38.121+0000] {processor.py:840} INFO - DAG(s) 'xml_to_mysql_etl' retrieved from /opt/airflow/dags/DAG_urbania.py
[2026-02-18T01:33:38.162+0000] {logging_mixin.py:188} INFO - [2026-02-18T01:33:38.162+0000] {dag.py:3036} INFO - Sync 1 DAGs
[2026-02-18T01:33:38.179+0000] {logging_mixin.py:188} INFO - [2026-02-18T01:33:38.179+0000] {dag.py:3823} INFO - Setting next_dagrun for xml_to_mysql_etl to 2026-02-17 00:00:00+00:00, run_after=2026-02-18 00:00:00+00:00
[2026-02-18T01:33:38.199+0000] {processor.py:183} INFO - Processing /opt/airflow/dags/DAG_urbania.py took 0.105 seconds
[2026-02-18T01:34:10.066+0000] {processor.py:161} INFO - Started process (PID=270) to work on /opt/airflow/dags/DAG_urbania.py
[2026-02-18T01:34:10.067+0000] {processor.py:830} INFO - Processing file /opt/airflow/dags/DAG_urbania.py for tasks to queue
[2026-02-18T01:34:10.068+0000] {logging_mixin.py:188} INFO - [2026-02-18T01:34:10.067+0000] {dagbag.py:538} INFO - Filling up the DagBag from /opt/airflow/dags/DAG_urbania.py
[2026-02-18T01:34:10.088+0000] {processor.py:840} INFO - DAG(s) 'xml_to_mysql_etl' retrieved from /opt/airflow/dags/DAG_urbania.py
[2026-02-18T01:34:10.134+0000] {logging_mixin.py:188} INFO - [2026-02-18T01:34:10.134+0000] {dag.py:3036} INFO - Sync 1 DAGs
[2026-02-18T01:34:10.156+0000] {logging_mixin.py:188} INFO - [2026-02-18T01:34:10.155+0000] {dag.py:3823} INFO - Setting next_dagrun for xml_to_mysql_etl to 2026-02-17 00:00:00+00:00, run_after=2026-02-18 00:00:00+00:00
[2026-02-18T01:34:10.175+0000] {processor.py:183} INFO - Processing /opt/airflow/dags/DAG_urbania.py took 0.112 seconds
[2026-02-18T01:34:42.923+0000] {processor.py:161} INFO - Started process (PID=275) to work on /opt/airflow/dags/DAG_urbania.py
[2026-02-18T01:34:42.924+0000] {processor.py:830} INFO - Processing file /opt/airflow/dags/DAG_urbania.py for tasks to queue
[2026-02-18T01:34:42.925+0000] {logging_mixin.py:188} INFO - [2026-02-18T01:34:42.924+0000] {dagbag.py:538} INFO - Filling up the DagBag from /opt/airflow/dags/DAG_urbania.py
[2026-02-18T01:34:42.942+0000] {processor.py:840} INFO - DAG(s) 'xml_to_mysql_etl' retrieved from /opt/airflow/dags/DAG_urbania.py
[2026-02-18T01:34:42.986+0000] {logging_mixin.py:188} INFO - [2026-02-18T01:34:42.986+0000] {dag.py:3036} INFO - Sync 1 DAGs
[2026-02-18T01:34:43.005+0000] {logging_mixin.py:188} INFO - [2026-02-18T01:34:43.005+0000] {dag.py:3823} INFO - Setting next_dagrun for xml_to_mysql_etl to 2026-02-17 00:00:00+00:00, run_after=2026-02-18 00:00:00+00:00
[2026-02-18T01:34:43.024+0000] {processor.py:183} INFO - Processing /opt/airflow/dags/DAG_urbania.py took 0.104 seconds
[2026-02-18T01:35:15.898+0000] {processor.py:161} INFO - Started process (PID=280) to work on /opt/airflow/dags/DAG_urbania.py
[2026-02-18T01:35:15.899+0000] {processor.py:830} INFO - Processing file /opt/airflow/dags/DAG_urbania.py for tasks to queue
[2026-02-18T01:35:15.900+0000] {logging_mixin.py:188} INFO - [2026-02-18T01:35:15.899+0000] {dagbag.py:538} INFO - Filling up the DagBag from /opt/airflow/dags/DAG_urbania.py
[2026-02-18T01:35:15.917+0000] {processor.py:840} INFO - DAG(s) 'xml_to_mysql_etl' retrieved from /opt/airflow/dags/DAG_urbania.py
[2026-02-18T01:35:15.961+0000] {logging_mixin.py:188} INFO - [2026-02-18T01:35:15.961+0000] {dag.py:3036} INFO - Sync 1 DAGs
[2026-02-18T01:35:15.978+0000] {logging_mixin.py:188} INFO - [2026-02-18T01:35:15.978+0000] {dag.py:3823} INFO - Setting next_dagrun for xml_to_mysql_etl to 2026-02-17 00:00:00+00:00, run_after=2026-02-18 00:00:00+00:00
[2026-02-18T01:35:15.999+0000] {processor.py:183} INFO - Processing /opt/airflow/dags/DAG_urbania.py took 0.103 seconds
[2026-02-18T01:35:48.771+0000] {processor.py:161} INFO - Started process (PID=285) to work on /opt/airflow/dags/DAG_urbania.py
[2026-02-18T01:35:48.772+0000] {processor.py:830} INFO - Processing file /opt/airflow/dags/DAG_urbania.py for tasks to queue
[2026-02-18T01:35:48.773+0000] {logging_mixin.py:188} INFO - [2026-02-18T01:35:48.773+0000] {dagbag.py:538} INFO - Filling up the DagBag from /opt/airflow/dags/DAG_urbania.py
[2026-02-18T01:35:48.790+0000] {processor.py:840} INFO - DAG(s) 'xml_to_mysql_etl' retrieved from /opt/airflow/dags/DAG_urbania.py
[2026-02-18T01:35:48.831+0000] {logging_mixin.py:188} INFO - [2026-02-18T01:35:48.831+0000] {dag.py:3036} INFO - Sync 1 DAGs
[2026-02-18T01:35:48.849+0000] {logging_mixin.py:188} INFO - [2026-02-18T01:35:48.848+0000] {dag.py:3823} INFO - Setting next_dagrun for xml_to_mysql_etl to 2026-02-17 00:00:00+00:00, run_after=2026-02-18 00:00:00+00:00
[2026-02-18T01:35:48.869+0000] {processor.py:183} INFO - Processing /opt/airflow/dags/DAG_urbania.py took 0.100 seconds
[2026-02-18T01:36:21.721+0000] {processor.py:161} INFO - Started process (PID=290) to work on /opt/airflow/dags/DAG_urbania.py
[2026-02-18T01:36:21.722+0000] {processor.py:830} INFO - Processing file /opt/airflow/dags/DAG_urbania.py for tasks to queue
[2026-02-18T01:36:21.722+0000] {logging_mixin.py:188} INFO - [2026-02-18T01:36:21.722+0000] {dagbag.py:538} INFO - Filling up the DagBag from /opt/airflow/dags/DAG_urbania.py
[2026-02-18T01:36:21.739+0000] {processor.py:840} INFO - DAG(s) 'xml_to_mysql_etl' retrieved from /opt/airflow/dags/DAG_urbania.py
[2026-02-18T01:36:21.782+0000] {logging_mixin.py:188} INFO - [2026-02-18T01:36:21.782+0000] {dag.py:3036} INFO - Sync 1 DAGs
[2026-02-18T01:36:21.800+0000] {logging_mixin.py:188} INFO - [2026-02-18T01:36:21.800+0000] {dag.py:3823} INFO - Setting next_dagrun for xml_to_mysql_etl to 2026-02-17 00:00:00+00:00, run_after=2026-02-18 00:00:00+00:00
[2026-02-18T01:36:21.819+0000] {processor.py:183} INFO - Processing /opt/airflow/dags/DAG_urbania.py took 0.101 seconds
[2026-02-18T01:36:53.685+0000] {processor.py:161} INFO - Started process (PID=295) to work on /opt/airflow/dags/DAG_urbania.py
[2026-02-18T01:36:53.686+0000] {processor.py:830} INFO - Processing file /opt/airflow/dags/DAG_urbania.py for tasks to queue
[2026-02-18T01:36:53.687+0000] {logging_mixin.py:188} INFO - [2026-02-18T01:36:53.687+0000] {dagbag.py:538} INFO - Filling up the DagBag from /opt/airflow/dags/DAG_urbania.py
[2026-02-18T01:36:53.704+0000] {processor.py:840} INFO - DAG(s) 'xml_to_mysql_etl' retrieved from /opt/airflow/dags/DAG_urbania.py
[2026-02-18T01:36:53.750+0000] {logging_mixin.py:188} INFO - [2026-02-18T01:36:53.750+0000] {dag.py:3036} INFO - Sync 1 DAGs
[2026-02-18T01:36:53.767+0000] {logging_mixin.py:188} INFO - [2026-02-18T01:36:53.767+0000] {dag.py:3823} INFO - Setting next_dagrun for xml_to_mysql_etl to 2026-02-17 00:00:00+00:00, run_after=2026-02-18 00:00:00+00:00
[2026-02-18T01:36:53.788+0000] {processor.py:183} INFO - Processing /opt/airflow/dags/DAG_urbania.py took 0.105 seconds
[2026-02-18T01:37:26.581+0000] {processor.py:161} INFO - Started process (PID=300) to work on /opt/airflow/dags/DAG_urbania.py
[2026-02-18T01:37:26.582+0000] {processor.py:830} INFO - Processing file /opt/airflow/dags/DAG_urbania.py for tasks to queue
[2026-02-18T01:37:26.582+0000] {logging_mixin.py:188} INFO - [2026-02-18T01:37:26.582+0000] {dagbag.py:538} INFO - Filling up the DagBag from /opt/airflow/dags/DAG_urbania.py
[2026-02-18T01:37:26.601+0000] {processor.py:840} INFO - DAG(s) 'xml_to_mysql_etl' retrieved from /opt/airflow/dags/DAG_urbania.py
[2026-02-18T01:37:26.643+0000] {logging_mixin.py:188} INFO - [2026-02-18T01:37:26.643+0000] {dag.py:3036} INFO - Sync 1 DAGs
[2026-02-18T01:37:26.663+0000] {logging_mixin.py:188} INFO - [2026-02-18T01:37:26.662+0000] {dag.py:3823} INFO - Setting next_dagrun for xml_to_mysql_etl to 2026-02-17 00:00:00+00:00, run_after=2026-02-18 00:00:00+00:00
[2026-02-18T01:37:26.680+0000] {processor.py:183} INFO - Processing /opt/airflow/dags/DAG_urbania.py took 0.102 seconds
[2026-02-18T01:37:59.524+0000] {processor.py:161} INFO - Started process (PID=305) to work on /opt/airflow/dags/DAG_urbania.py
[2026-02-18T01:37:59.525+0000] {processor.py:830} INFO - Processing file /opt/airflow/dags/DAG_urbania.py for tasks to queue
[2026-02-18T01:37:59.526+0000] {logging_mixin.py:188} INFO - [2026-02-18T01:37:59.525+0000] {dagbag.py:538} INFO - Filling up the DagBag from /opt/airflow/dags/DAG_urbania.py
[2026-02-18T01:37:59.543+0000] {processor.py:840} INFO - DAG(s) 'xml_to_mysql_etl' retrieved from /opt/airflow/dags/DAG_urbania.py
[2026-02-18T01:37:59.583+0000] {logging_mixin.py:188} INFO - [2026-02-18T01:37:59.583+0000] {dag.py:3036} INFO - Sync 1 DAGs
[2026-02-18T01:37:59.600+0000] {logging_mixin.py:188} INFO - [2026-02-18T01:37:59.600+0000] {dag.py:3823} INFO - Setting next_dagrun for xml_to_mysql_etl to 2026-02-17 00:00:00+00:00, run_after=2026-02-18 00:00:00+00:00
[2026-02-18T01:37:59.627+0000] {processor.py:183} INFO - Processing /opt/airflow/dags/DAG_urbania.py took 0.106 seconds
[2026-02-18T01:38:32.397+0000] {processor.py:161} INFO - Started process (PID=310) to work on /opt/airflow/dags/DAG_urbania.py
[2026-02-18T01:38:32.398+0000] {processor.py:830} INFO - Processing file /opt/airflow/dags/DAG_urbania.py for tasks to queue
[2026-02-18T01:38:32.398+0000] {logging_mixin.py:188} INFO - [2026-02-18T01:38:32.398+0000] {dagbag.py:538} INFO - Filling up the DagBag from /opt/airflow/dags/DAG_urbania.py
[2026-02-18T01:38:32.415+0000] {processor.py:840} INFO - DAG(s) 'xml_to_mysql_etl' retrieved from /opt/airflow/dags/DAG_urbania.py
[2026-02-18T01:38:32.459+0000] {logging_mixin.py:188} INFO - [2026-02-18T01:38:32.459+0000] {dag.py:3036} INFO - Sync 1 DAGs
[2026-02-18T01:38:32.479+0000] {logging_mixin.py:188} INFO - [2026-02-18T01:38:32.479+0000] {dag.py:3823} INFO - Setting next_dagrun for xml_to_mysql_etl to 2026-02-17 00:00:00+00:00, run_after=2026-02-18 00:00:00+00:00
[2026-02-18T01:38:32.497+0000] {processor.py:183} INFO - Processing /opt/airflow/dags/DAG_urbania.py took 0.103 seconds
[2026-02-18T01:39:05.338+0000] {processor.py:161} INFO - Started process (PID=315) to work on /opt/airflow/dags/DAG_urbania.py
[2026-02-18T01:39:05.339+0000] {processor.py:830} INFO - Processing file /opt/airflow/dags/DAG_urbania.py for tasks to queue
[2026-02-18T01:39:05.339+0000] {logging_mixin.py:188} INFO - [2026-02-18T01:39:05.339+0000] {dagbag.py:538} INFO - Filling up the DagBag from /opt/airflow/dags/DAG_urbania.py
[2026-02-18T01:39:05.357+0000] {processor.py:840} INFO - DAG(s) 'xml_to_mysql_etl' retrieved from /opt/airflow/dags/DAG_urbania.py
[2026-02-18T01:39:05.399+0000] {logging_mixin.py:188} INFO - [2026-02-18T01:39:05.399+0000] {dag.py:3036} INFO - Sync 1 DAGs
[2026-02-18T01:39:05.414+0000] {logging_mixin.py:188} INFO - [2026-02-18T01:39:05.414+0000] {dag.py:3823} INFO - Setting next_dagrun for xml_to_mysql_etl to 2026-02-17 00:00:00+00:00, run_after=2026-02-18 00:00:00+00:00
[2026-02-18T01:39:05.432+0000] {processor.py:183} INFO - Processing /opt/airflow/dags/DAG_urbania.py took 0.096 seconds
